Archive member included to satisfy reference by file (symbol)

c:/ac6/systemworkbench/plugins/fr.ac6.mcu.externaltools.arm-none.win32_1.16.0.201807130628/tools/compiler/bin/../lib/gcc/arm-none-eabi/7.2.1/thumb/v7e-m/fpv4-sp/hard\libgcc.a(_aeabi_uldivmod.o)
                              Drivers/STM32F4xx_HAL_Driver/Src/stm32f4xx_hal_rcc.o (__aeabi_uldivmod)
c:/ac6/systemworkbench/plugins/fr.ac6.mcu.externaltools.arm-none.win32_1.16.0.201807130628/tools/compiler/bin/../lib/gcc/arm-none-eabi/7.2.1/thumb/v7e-m/fpv4-sp/hard\libgcc.a(_udivmoddi4.o)
                              c:/ac6/systemworkbench/plugins/fr.ac6.mcu.externaltools.arm-none.win32_1.16.0.201807130628/tools/compiler/bin/../lib/gcc/arm-none-eabi/7.2.1/thumb/v7e-m/fpv4-sp/hard\libgcc.a(_aeabi_uldivmod.o) (__udivmoddi4)
c:/ac6/systemworkbench/plugins/fr.ac6.mcu.externaltools.arm-none.win32_1.16.0.201807130628/tools/compiler/bin/../lib/gcc/arm-none-eabi/7.2.1/thumb/v7e-m/fpv4-sp/hard\libgcc.a(_dvmd_tls.o)
                              c:/ac6/systemworkbench/plugins/fr.ac6.mcu.externaltools.arm-none.win32_1.16.0.201807130628/tools/compiler/bin/../lib/gcc/arm-none-eabi/7.2.1/thumb/v7e-m/fpv4-sp/hard\libgcc.a(_aeabi_uldivmod.o) (__aeabi_ldiv0)
c:/ac6/systemworkbench/plugins/fr.ac6.mcu.externaltools.arm-none.win32_1.16.0.201807130628/tools/compiler/bin/../lib/gcc/arm-none-eabi/7.2.1/../../../../arm-none-eabi/lib/thumb/v7e-m/fpv4-sp/hard\libc_nano.a(lib_a-exit.o)
                              c:/ac6/systemworkbench/plugins/fr.ac6.mcu.externaltools.arm-none.win32_1.16.0.201807130628/tools/compiler/bin/../lib/gcc/arm-none-eabi/7.2.1/../../../../arm-none-eabi/lib/thumb/v7e-m/fpv4-sp/hard/crt0.o (exit)
c:/ac6/systemworkbench/plugins/fr.ac6.mcu.externaltools.arm-none.win32_1.16.0.201807130628/tools/compiler/bin/../lib/gcc/arm-none-eabi/7.2.1/../../../../arm-none-eabi/lib/thumb/v7e-m/fpv4-sp/hard\libc_nano.a(lib_a-impure.o)
                              c:/ac6/systemworkbench/plugins/fr.ac6.mcu.externaltools.arm-none.win32_1.16.0.201807130628/tools/compiler/bin/../lib/gcc/arm-none-eabi/7.2.1/../../../../arm-none-eabi/lib/thumb/v7e-m/fpv4-sp/hard\libc_nano.a(lib_a-exit.o) (_global_impure_ptr)
c:/ac6/systemworkbench/plugins/fr.ac6.mcu.externaltools.arm-none.win32_1.16.0.201807130628/tools/compiler/bin/../lib/gcc/arm-none-eabi/7.2.1/../../../../arm-none-eabi/lib/thumb/v7e-m/fpv4-sp/hard\libc_nano.a(lib_a-init.o)
                              c:/ac6/systemworkbench/plugins/fr.ac6.mcu.externaltools.arm-none.win32_1.16.0.201807130628/tools/compiler/bin/../lib/gcc/arm-none-eabi/7.2.1/../../../../arm-none-eabi/lib/thumb/v7e-m/fpv4-sp/hard/crt0.o (__libc_init_array)
c:/ac6/systemworkbench/plugins/fr.ac6.mcu.externaltools.arm-none.win32_1.16.0.201807130628/tools/compiler/bin/../lib/gcc/arm-none-eabi/7.2.1/../../../../arm-none-eabi/lib/thumb/v7e-m/fpv4-sp/hard\libc_nano.a(lib_a-memcpy-stub.o)
                              Src/MY_CS43L22.o (memcpy)
c:/ac6/systemworkbench/plugins/fr.ac6.mcu.externaltools.arm-none.win32_1.16.0.201807130628/tools/compiler/bin/../lib/gcc/arm-none-eabi/7.2.1/../../../../arm-none-eabi/lib/thumb/v7e-m/fpv4-sp/hard\libc_nano.a(lib_a-memset.o)
                              c:/ac6/systemworkbench/plugins/fr.ac6.mcu.externaltools.arm-none.win32_1.16.0.201807130628/tools/compiler/bin/../lib/gcc/arm-none-eabi/7.2.1/../../../../arm-none-eabi/lib/thumb/v7e-m/fpv4-sp/hard/crt0.o (memset)
c:/ac6/systemworkbench/plugins/fr.ac6.mcu.externaltools.arm-none.win32_1.16.0.201807130628/tools/compiler/bin/../lib/gcc/arm-none-eabi/7.2.1/../../../../arm-none-eabi/lib/thumb/v7e-m/fpv4-sp/hard\libc_nano.a(lib_a-strcpy.o)
                              Src/main.o (strcpy)
c:/ac6/systemworkbench/plugins/fr.ac6.mcu.externaltools.arm-none.win32_1.16.0.201807130628/tools/compiler/bin/../lib/gcc/arm-none-eabi/7.2.1/../../../../arm-none-eabi/lib/thumb/v7e-m/fpv4-sp/hard\libnosys.a(_exit.o)
                              c:/ac6/systemworkbench/plugins/fr.ac6.mcu.externaltools.arm-none.win32_1.16.0.201807130628/tools/compiler/bin/../lib/gcc/arm-none-eabi/7.2.1/../../../../arm-none-eabi/lib/thumb/v7e-m/fpv4-sp/hard\libc_nano.a(lib_a-exit.o) (_exit)

Allocating common symbols
Common symbol       size              file

song_list           0x10000           Src/main.o
hi2c1               0x54              Src/main.o
position            0x2               Src/main.o
uwTick              0x4               Drivers/STM32F4xx_HAL_Driver/Src/stm32f4xx_hal.o
pFlash              0x20              Drivers/STM32F4xx_HAL_Driver/Src/stm32f4xx_hal_flash.o
wavBuffer1          0x200             Src/main.o
hdma_spi3_tx        0x60              Src/main.o
file                0x228             Src/main.o
bytes_read          0x4               Src/main.o
sdcard_timer        0x2               Src/diskio.o
hdac                0x14              Src/main.o
pulse_count         0x2               Src/main.o
htim1               0x3c              Src/main.o
fresult             0x1               Src/main.o
[...]
Memory Configuration

Name             Origin             Length             Attributes
RAM              0x20000000         0x00020000         xrw
CCMRAM           0x10000000         0x00010000         rw
FLASH            0x08000000         0x00100000         xr
*default*        0x00000000         0xffffffff

Linker script and memory map

LOAD c:/ac6/systemworkbench/plugins/fr.ac6.mcu.externaltools.arm-none.win32_1.16.0.201807130628/tools/compiler/bin/../lib/gcc/arm-none-eabi/7.2.1/thumb/v7e-m/fpv4-sp/hard/crti.o
LOAD c:/ac6/systemworkbench/plugins/fr.ac6.mcu.externaltools.arm-none.win32_1.16.0.201807130628/tools/compiler/bin/../lib/gcc/arm-none-eabi/7.2.1/thumb/v7e-m/fpv4-sp/hard/crtbegin.o
LOAD c:/ac6/systemworkbench/plugins/fr.ac6.mcu.externaltools.arm-none.win32_1.16.0.201807130628/tools/compiler/bin/../lib/gcc/arm-none-eabi/7.2.1/../../../../arm-none-eabi/lib/thumb/v7e-m/fpv4-sp/hard/crt0.o
LOAD Drivers/STM32F4xx_HAL_Driver/Src/stm32f4xx_hal.o
LOAD Drivers/STM32F4xx_HAL_Driver/Src/stm32f4xx_hal_cortex.o
LOAD Drivers/STM32F4xx_HAL_Driver/Src/stm32f4xx_hal_dac.o
LOAD Drivers/STM32F4xx_HAL_Driver/Src/stm32f4xx_hal_dac_ex.o
LOAD Drivers/STM32F4xx_HAL_Driver/Src/stm32f4xx_hal_dma.o
LOAD Drivers/STM32F4xx_HAL_Driver/Src/stm32f4xx_hal_dma_ex.o
LOAD Drivers/STM32F4xx_HAL_Driver/Src/stm32f4xx_hal_flash.o
LOAD Drivers/STM32F4xx_HAL_Driver/Src/stm32f4xx_hal_flash_ex.o
LOAD Drivers/STM32F4xx_HAL_Driver/Src/stm32f4xx_hal_flash_ramfunc.o
LOAD Drivers/STM32F4xx_HAL_Driver/Src/stm32f4xx_hal_gpio.o
LOAD Drivers/STM32F4xx_HAL_Driver/Src/stm32f4xx_hal_i2c.o
LOAD Drivers/STM32F4xx_HAL_Driver/Src/stm32f4xx_hal_i2c_ex.o
LOAD Drivers/STM32F4xx_HAL_Driver/Src/stm32f4xx_hal_i2s.o
LOAD Drivers/STM32F4xx_HAL_Driver/Src/stm32f4xx_hal_i2s_ex.o
LOAD Drivers/STM32F4xx_HAL_Driver/Src/stm32f4xx_hal_pwr.o
LOAD Drivers/STM32F4xx_HAL_Driver/Src/stm32f4xx_hal_pwr_ex.o
LOAD Drivers/STM32F4xx_HAL_Driver/Src/stm32f4xx_hal_rcc.o
LOAD Drivers/STM32F4xx_HAL_Driver/Src/stm32f4xx_hal_rcc_ex.o
LOAD Drivers/STM32F4xx_HAL_Driver/Src/stm32f4xx_hal_spi.o
LOAD Drivers/STM32F4xx_HAL_Driver/Src/stm32f4xx_hal_tim.o
LOAD Drivers/STM32F4xx_HAL_Driver/Src/stm32f4xx_hal_tim_ex.o
LOAD Src/MY_CS43L22.o
LOAD Src/audio.o
LOAD Src/diskio.o
LOAD Src/ff.o
LOAD Src/ffsystem.o
LOAD Src/ffunicode.o
LOAD Src/main.o
LOAD Src/stm32f4xx_hal_msp.o
LOAD Src/stm32f4xx_it.o
LOAD Src/system_stm32f4xx.o
LOAD startup/startup_stm32f407xx.o
LOAD c:/ac6/systemworkbench/plugins/fr.ac6.mcu.externaltools.arm-none.win32_1.16.0.201807130628/tools/compiler/bin/../lib/gcc/arm-none-eabi/7.2.1/../../../../arm-none-eabi/lib/thumb/v7e-m/fpv4-sp/hard\libm.a
START GROUP
LOAD c:/ac6/systemworkbench/plugins/fr.ac6.mcu.externaltools.arm-none.win32_1.16.0.201807130628/tools/compiler/bin/../lib/gcc/arm-none-eabi/7.2.1/thumb/v7e-m/fpv4-sp/hard\libgcc.a
LOAD c:/ac6/systemworkbench/plugins/fr.ac6.mcu.externaltools.arm-none.win32_1.16.0.201807130628/tools/compiler/bin/../lib/gcc/arm-none-eabi/7.2.1/../../../../arm-none-eabi/lib/thumb/v7e-m/fpv4-sp/hard\libc_nano.a
END GROUP
START GROUP
LOAD c:/ac6/systemworkbench/plugins/fr.ac6.mcu.externaltools.arm-none.win32_1.16.0.201807130628/tools/compiler/bin/../lib/gcc/arm-none-eabi/7.2.1/thumb/v7e-m/fpv4-sp/hard\libgcc.a
LOAD c:/ac6/systemworkbench/plugins/fr.ac6.mcu.externaltools.arm-none.win32_1.16.0.201807130628/tools/compiler/bin/../lib/gcc/arm-none-eabi/7.2.1/../../../../arm-none-eabi/lib/thumb/v7e-m/fpv4-sp/hard\libc_nano.a
LOAD c:/ac6/systemworkbench/plugins/fr.ac6.mcu.externaltools.arm-none.win32_1.16.0.201807130628/tools/compiler/bin/../lib/gcc/arm-none-eabi/7.2.1/../../../../arm-none-eabi/lib/thumb/v7e-m/fpv4-sp/hard\libnosys.a
END GROUP
START GROUP
LOAD c:/ac6/systemworkbench/plugins/fr.ac6.mcu.externaltools.arm-none.win32_1.16.0.201807130628/tools/compiler/bin/../lib/gcc/arm-none-eabi/7.2.1/thumb/v7e-m/fpv4-sp/hard\libgcc.a
LOAD c:/ac6/systemworkbench/plugins/fr.ac6.mcu.externaltools.arm-none.win32_1.16.0.201807130628/tools/compiler/bin/../lib/gcc/arm-none-eabi/7.2.1/../../../../arm-none-eabi/lib/thumb/v7e-m/fpv4-sp/hard\libc_nano.a
LOAD c:/ac6/systemworkbench/plugins/fr.ac6.mcu.externaltools.arm-none.win32_1.16.0.201807130628/tools/compiler/bin/../lib/gcc/arm-none-eabi/7.2.1/../../../../arm-none-eabi/lib/thumb/v7e-m/fpv4-sp/hard\libnosys.a
END GROUP
LOAD c:/ac6/systemworkbench/plugins/fr.ac6.mcu.externaltools.arm-none.win32_1.16.0.201807130628/tools/compiler/bin/../lib/gcc/arm-none-eabi/7.2.1/thumb/v7e-m/fpv4-sp/hard/crtend.o
LOAD c:/ac6/systemworkbench/plugins/fr.ac6.mcu.externaltools.arm-none.win32_1.16.0.201807130628/tools/compiler/bin/../lib/gcc/arm-none-eabi/7.2.1/thumb/v7e-m/fpv4-sp/hard/crtn.o
                0x20020000                _estack = 0x20020000
                0x00000200                _Min_Heap_Size = 0x200
                0x00000400                _Min_Stack_Size = 0x400

.isr_vector     0x08000000      0x188
                0x08000000                . = ALIGN (0x4)
 *(.isr_vector)
 .isr_vector    0x08000000      0x188 startup/startup_stm32f407xx.o
                0x08000000                g_pfnVectors
                0x08000188                . = ALIGN (0x4)

.text           0x08000188     0x58d4
                0x08000188                . = ALIGN (0x4)
 *(.text)
 .text          0x08000188       0x40 c:/ac6/systemworkbench/plugins/fr.ac6.mcu.externaltools.arm-none.win32_1.16.0.201807130628/tools/compiler/bin/../lib/gcc/arm-none-eabi/7.2.1/thumb/v7e-m/fpv4-sp/hard/crtbegin.o
 .text          0x080001c8       0x30 c:/ac6/systemworkbench/plugins/fr.ac6.mcu.externaltools.arm-none.win32_1.16.0.201807130628/tools/compiler/bin/../lib/gcc/arm-none-eabi/7.2.1/thumb/v7e-m/fpv4-sp/hard\libgcc.a(_aeabi_uldivmod.o)
                0x080001c8                __aeabi_uldivmod
 .text          0x080001f8      0x2cc c:/ac6/systemworkbench/plugins/fr.ac6.mcu.externaltools.arm-none.win32_1.16.0.201807130628/tools/compiler/bin/../lib/gcc/arm-none-eabi/7.2.1/thumb/v7e-m/fpv4-sp/hard\libgcc.a(_udivmoddi4.o)
                0x080001f8                __udivmoddi4
 .text          0x080004c4        0x4 c:/ac6/systemworkbench/plugins/fr.ac6.mcu.externaltools.arm-none.win32_1.16.0.201807130628/tools/compiler/bin/../lib/gcc/arm-none-eabi/7.2.1/thumb/v7e-m/fpv4-sp/hard\libgcc.a(_dvmd_tls.o)
                0x080004c4                __aeabi_idiv0
                0x080004c4                __aeabi_ldiv0
 *(.text*)
 .text.HAL_InitTick
                0x080004c8       0x48 Drivers/STM32F4xx_HAL_Driver/Src/stm32f4xx_hal.o
                0x080004c8                HAL_InitTick
 .text.HAL_Init
                0x08000510       0x34 Drivers/STM32F4xx_HAL_Driver/Src/stm32f4xx_hal.o
                0x08000510                HAL_Init
 .text.HAL_IncTick
                0x08000544       0x18 Drivers/STM32F4xx_HAL_Driver/Src/stm32f4xx_hal.o
                0x08000544                HAL_IncTick
 .text.HAL_GetTick
                0x0800055c        0xc Drivers/STM32F4xx_HAL_Driver/Src/stm32f4xx_hal.o
                0x0800055c                HAL_GetTick
 .text.HAL_NVIC_SetPriorityGrouping
                0x08000568       0x24 Drivers/STM32F4xx_HAL_Driver/Src/stm32f4xx_hal_cortex.o
                0x08000568                HAL_NVIC_SetPriorityGrouping
 .text.HAL_NVIC_SetPriority
                0x0800058c       0x68 Drivers/STM32F4xx_HAL_Driver/Src/stm32f4xx_hal_cortex.o
                0x0800058c                HAL_NVIC_SetPriority
 .text.HAL_NVIC_EnableIRQ
                0x080005f4       0x18 Drivers/STM32F4xx_HAL_Driver/Src/stm32f4xx_hal_cortex.o
                0x080005f4                HAL_NVIC_EnableIRQ
 .text.HAL_SYSTICK_Config
                0x0800060c       0x2c Drivers/STM32F4xx_HAL_Driver/Src/stm32f4xx_hal_cortex.o
                0x0800060c                HAL_SYSTICK_Config
 .text.HAL_SYSTICK_CLKSourceConfig
                0x08000638       0x20 Drivers/STM32F4xx_HAL_Driver/Src/stm32f4xx_hal_cortex.o
                0x08000638                HAL_SYSTICK_CLKSourceConfig
 .text.HAL_SYSTICK_Callback
                0x08000658        0x2 Drivers/STM32F4xx_HAL_Driver/Src/stm32f4xx_hal_cortex.o
                0x08000658                HAL_SYSTICK_Callback
 .text.HAL_SYSTICK_IRQHandler
                0x0800065a        0x8 Drivers/STM32F4xx_HAL_Driver/Src/stm32f4xx_hal_cortex.o
                0x0800065a                HAL_SYSTICK_IRQHandler
 .text.HAL_DAC_Init
                0x08000662       0x24 Drivers/STM32F4xx_HAL_Driver/Src/stm32f4xx_hal_dac.o
                0x08000662                HAL_DAC_Init
 .text.HAL_DAC_Start
                0x08000686       0x6e Drivers/STM32F4xx_HAL_Driver/Src/stm32f4xx_hal_dac.o
                0x08000686                HAL_DAC_Start
 .text.HAL_DAC_ConfigChannel
                0x080006f4       0x4a Drivers/STM32F4xx_HAL_Driver/Src/stm32f4xx_hal_dac.o
                0x080006f4                HAL_DAC_ConfigChannel
 .text.HAL_DAC_SetValue
                0x0800073e       0x2e Drivers/STM32F4xx_HAL_Driver/Src/stm32f4xx_hal_dac.o
                0x0800073e                HAL_DAC_SetValue
 .text.DMA_SetConfig
                0x0800076c       0x2c Drivers/STM32F4xx_HAL_Driver/Src/stm32f4xx_hal_dma.o
 .text.DMA_CalcBaseAndBitshift
                0x08000798       0x3c Drivers/STM32F4xx_HAL_Driver/Src/stm32f4xx_hal_dma.o
 .text.DMA_CheckFifoParam
                0x080007d4       0x8e Drivers/STM32F4xx_HAL_Driver/Src/stm32f4xx_hal_dma.o
 *fill*         0x08000862        0x2 
 .text.HAL_DMA_Init
                0x08000864       0xcc Drivers/STM32F4xx_HAL_Driver/Src/stm32f4xx_hal_dma.o
                0x08000864                HAL_DMA_Init
 .text.HAL_DMA_Start_IT
                0x08000930       0x74 Drivers/STM32F4xx_HAL_Driver/Src/stm32f4xx_hal_dma.o
                0x08000930                HAL_DMA_Start_IT
 .text.HAL_DMA_IRQHandler
                0x080009a4      0x1dc Drivers/STM32F4xx_HAL_Driver/Src/stm32f4xx_hal_dma.o
                0x080009a4                HAL_DMA_IRQHandler
 .text.HAL_GPIO_Init
                0x08000b80      0x1c8 Drivers/STM32F4xx_HAL_Driver/Src/stm32f4xx_hal_gpio.o
                0x08000b80                HAL_GPIO_Init
 .text.HAL_GPIO_WritePin
                0x08000d48        0xc Drivers/STM32F4xx_HAL_Driver/Src/stm32f4xx_hal_gpio.o
                0x08000d48                HAL_GPIO_WritePin
 .text.I2C_IsAcknowledgeFailed
                0x08000d54       0x2a Drivers/STM32F4xx_HAL_Driver/Src/stm32f4xx_hal_i2c.o
 .text.I2C_WaitOnFlagUntilTimeout
                0x08000d7e       0x68 Drivers/STM32F4xx_HAL_Driver/Src/stm32f4xx_hal_i2c.o
 .text.I2C_WaitOnMasterAddressFlagUntilTimeout
                0x08000de6       0x90 Drivers/STM32F4xx_HAL_Driver/Src/stm32f4xx_hal_i2c.o
 *fill*         0x08000e76        0x2 
 .text.I2C_MasterRequestWrite
                0x08000e78       0xbc Drivers/STM32F4xx_HAL_Driver/Src/stm32f4xx_hal_i2c.o
 .text.I2C_MasterRequestRead
                0x08000f34      0x120 Drivers/STM32F4xx_HAL_Driver/Src/stm32f4xx_hal_i2c.o
 .text.I2C_WaitOnTXEFlagUntilTimeout
                0x08001054       0x4e Drivers/STM32F4xx_HAL_Driver/Src/stm32f4xx_hal_i2c.o
 .text.I2C_WaitOnBTFFlagUntilTimeout
                0x080010a2       0x4e Drivers/STM32F4xx_HAL_Driver/Src/stm32f4xx_hal_i2c.o
 .text.I2C_WaitOnRXNEFlagUntilTimeout
                0x080010f0       0x5c Drivers/STM32F4xx_HAL_Driver/Src/stm32f4xx_hal_i2c.o
 .text.HAL_I2C_Init
                0x0800114c      0x11c Drivers/STM32F4xx_HAL_Driver/Src/stm32f4xx_hal_i2c.o
                0x0800114c                HAL_I2C_Init
 .text.HAL_I2C_Master_Transmit
                0x08001268      0x184 Drivers/STM32F4xx_HAL_Driver/Src/stm32f4xx_hal_i2c.o
                0x08001268                HAL_I2C_Master_Transmit
 .text.HAL_I2C_Master_Receive
                0x080013ec      0x2e8 Drivers/STM32F4xx_HAL_Driver/Src/stm32f4xx_hal_i2c.o
                0x080013ec                HAL_I2C_Master_Receive
 .text.HAL_I2S_Transmit_DMA
                0x080016d4       0xbc Drivers/STM32F4xx_HAL_Driver/Src/stm32f4xx_hal_i2s.o
                0x080016d4                HAL_I2S_Transmit_DMA
 .text.HAL_I2S_TxHalfCpltCallback
                0x08001790        0x2 Drivers/STM32F4xx_HAL_Driver/Src/stm32f4xx_hal_i2s.o
                0x08001790                HAL_I2S_TxHalfCpltCallback
 .text.I2S_DMATxHalfCplt
                0x08001792        0xa Drivers/STM32F4xx_HAL_Driver/Src/stm32f4xx_hal_i2s.o
 .text.HAL_I2S_TxCpltCallback
                0x0800179c        0x2 Drivers/STM32F4xx_HAL_Driver/Src/stm32f4xx_hal_i2s.o
                0x0800179c                HAL_I2S_TxCpltCallback
 .text.I2S_Transmit_IT
                0x0800179e       0x38 Drivers/STM32F4xx_HAL_Driver/Src/stm32f4xx_hal_i2s.o
 .text.I2S_DMATxCplt
                0x080017d6       0x2a Drivers/STM32F4xx_HAL_Driver/Src/stm32f4xx_hal_i2s.o
 .text.HAL_I2S_RxCpltCallback
                0x08001800        0x2 Drivers/STM32F4xx_HAL_Driver/Src/stm32f4xx_hal_i2s.o
                0x08001800                HAL_I2S_RxCpltCallback
 .text.I2S_Receive_IT
                0x08001802       0x38 Drivers/STM32F4xx_HAL_Driver/Src/stm32f4xx_hal_i2s.o
 .text.HAL_I2S_ErrorCallback
                0x0800183a        0x2 Drivers/STM32F4xx_HAL_Driver/Src/stm32f4xx_hal_i2s.o
                0x0800183a                HAL_I2S_ErrorCallback
 .text.HAL_I2S_Init
                0x0800183c      0x194 Drivers/STM32F4xx_HAL_Driver/Src/stm32f4xx_hal_i2s.o
                0x0800183c                HAL_I2S_Init
 .text.I2S_IRQHandler
                0x080019d0       0xd8 Drivers/STM32F4xx_HAL_Driver/Src/stm32f4xx_hal_i2s.o
 .text.I2S_DMAError
                0x08001aa8       0x28 Drivers/STM32F4xx_HAL_Driver/Src/stm32f4xx_hal_i2s.o
 .text.HAL_I2SEx_TxRxCpltCallback
                0x08001ad0        0x2 Drivers/STM32F4xx_HAL_Driver/Src/stm32f4xx_hal_i2s_ex.o
                0x08001ad0                HAL_I2SEx_TxRxCpltCallback
 *fill*         0x08001ad2        0x2 
 .text.I2SEx_FullDuplexTx_IT
                0x08001ad4       0xa0 Drivers/STM32F4xx_HAL_Driver/Src/stm32f4xx_hal_i2s_ex.o
 .text.I2SEx_FullDuplexRx_IT
                0x08001b74       0xa0 Drivers/STM32F4xx_HAL_Driver/Src/stm32f4xx_hal_i2s_ex.o
 .text.HAL_I2SEx_FullDuplex_IRQHandler
                0x08001c14      0x208 Drivers/STM32F4xx_HAL_Driver/Src/stm32f4xx_hal_i2s_ex.o
                0x08001c14                HAL_I2SEx_FullDuplex_IRQHandler
 .text.HAL_RCC_OscConfig
                0x08001e1c      0x398 Drivers/STM32F4xx_HAL_Driver/Src/stm32f4xx_hal_rcc.o
                0x08001e1c                HAL_RCC_OscConfig
 .text.HAL_RCC_GetSysClockFreq
                0x080021b4       0xd8 Drivers/STM32F4xx_HAL_Driver/Src/stm32f4xx_hal_rcc.o
                0x080021b4                HAL_RCC_GetSysClockFreq
 .text.HAL_RCC_ClockConfig
                0x0800228c      0x158 Drivers/STM32F4xx_HAL_Driver/Src/stm32f4xx_hal_rcc.o
                0x0800228c                HAL_RCC_ClockConfig
 .text.HAL_RCC_GetHCLKFreq
                0x080023e4        0xc Drivers/STM32F4xx_HAL_Driver/Src/stm32f4xx_hal_rcc.o
                0x080023e4                HAL_RCC_GetHCLKFreq
 .text.HAL_RCC_GetPCLK1Freq
                0x080023f0       0x20 Drivers/STM32F4xx_HAL_Driver/Src/stm32f4xx_hal_rcc.o
                0x080023f0                HAL_RCC_GetPCLK1Freq
 .text.HAL_RCCEx_PeriphCLKConfig
                0x08002410      0x154 Drivers/STM32F4xx_HAL_Driver/Src/stm32f4xx_hal_rcc_ex.o
                0x08002410                HAL_RCCEx_PeriphCLKConfig
 .text.HAL_RCCEx_GetPeriphCLKFreq
                0x08002564       0x74 Drivers/STM32F4xx_HAL_Driver/Src/stm32f4xx_hal_rcc_ex.o
                0x08002564                HAL_RCCEx_GetPeriphCLKFreq
 .text.SPI_WaitFlagStateUntilTimeout
                0x080025d8       0x96 Drivers/STM32F4xx_HAL_Driver/Src/stm32f4xx_hal_spi.o
 .text.SPI_CheckFlag_BSY
                0x0800266e       0x28 Drivers/STM32F4xx_HAL_Driver/Src/stm32f4xx_hal_spi.o
 .text.HAL_SPI_Init
                0x08002696       0x80 Drivers/STM32F4xx_HAL_Driver/Src/stm32f4xx_hal_spi.o
                0x08002696                HAL_SPI_Init
 .text.HAL_SPI_Transmit
                0x08002716      0x1a6 Drivers/STM32F4xx_HAL_Driver/Src/stm32f4xx_hal_spi.o
                0x08002716                HAL_SPI_Transmit
 .text.HAL_SPI_TransmitReceive
                0x080028bc      0x238 Drivers/STM32F4xx_HAL_Driver/Src/stm32f4xx_hal_spi.o
                0x080028bc                HAL_SPI_TransmitReceive
 .text.HAL_SPI_GetState
                0x08002af4        0x6 Drivers/STM32F4xx_HAL_Driver/Src/stm32f4xx_hal_spi.o
                0x08002af4                HAL_SPI_GetState
 .text.TIM_TI1_ConfigInputStage
                0x08002afa       0x26 Drivers/STM32F4xx_HAL_Driver/Src/stm32f4xx_hal_tim.o
 .text.TIM_TI2_ConfigInputStage
                0x08002b20       0x28 Drivers/STM32F4xx_HAL_Driver/Src/stm32f4xx_hal_tim.o
 .text.TIM_ITRx_SetConfig
                0x08002b48       0x10 Drivers/STM32F4xx_HAL_Driver/Src/stm32f4xx_hal_tim.o
 .text.TIM_ETR_SetConfig
                0x08002b58       0x18 Drivers/STM32F4xx_HAL_Driver/Src/stm32f4xx_hal_tim.o
 .text.HAL_TIM_Base_Start_IT
                0x08002b70       0x18 Drivers/STM32F4xx_HAL_Driver/Src/stm32f4xx_hal_tim.o
                0x08002b70                HAL_TIM_Base_Start_IT
 .text.HAL_TIM_ConfigClockSource
                0x08002b88      0x108 Drivers/STM32F4xx_HAL_Driver/Src/stm32f4xx_hal_tim.o
                0x08002b88                HAL_TIM_ConfigClockSource
 .text.HAL_TIM_OC_DelayElapsedCallback
                0x08002c90        0x2 Drivers/STM32F4xx_HAL_Driver/Src/stm32f4xx_hal_tim.o
                0x08002c90                HAL_TIM_OC_DelayElapsedCallback
 .text.HAL_TIM_IC_CaptureCallback
                0x08002c92        0x2 Drivers/STM32F4xx_HAL_Driver/Src/stm32f4xx_hal_tim.o
                0x08002c92                HAL_TIM_IC_CaptureCallback
 .text.HAL_TIM_PWM_PulseFinishedCallback
                0x08002c94        0x2 Drivers/STM32F4xx_HAL_Driver/Src/stm32f4xx_hal_tim.o
                0x08002c94                HAL_TIM_PWM_PulseFinishedCallback
 .text.HAL_TIM_TriggerCallback
                0x08002c96        0x2 Drivers/STM32F4xx_HAL_Driver/Src/stm32f4xx_hal_tim.o
                0x08002c96                HAL_TIM_TriggerCallback
 .text.HAL_TIM_IRQHandler
                0x08002c98      0x17a Drivers/STM32F4xx_HAL_Driver/Src/stm32f4xx_hal_tim.o
                0x08002c98                HAL_TIM_IRQHandler
 *fill*         0x08002e12        0x2 
 .text.TIM_Base_SetConfig
                0x08002e14       0xc0 Drivers/STM32F4xx_HAL_Driver/Src/stm32f4xx_hal_tim.o
                0x08002e14                TIM_Base_SetConfig
 .text.HAL_TIM_Base_Init
                0x08002ed4       0x32 Drivers/STM32F4xx_HAL_Driver/Src/stm32f4xx_hal_tim.o
                0x08002ed4                HAL_TIM_Base_Init
 .text.HAL_TIM_Encoder_Init
                0x08002f06       0x98 Drivers/STM32F4xx_HAL_Driver/Src/stm32f4xx_hal_tim.o
                0x08002f06                HAL_TIM_Encoder_Init
 .text.TIM_CCxChannelCmd
                0x08002f9e       0x1e Drivers/STM32F4xx_HAL_Driver/Src/stm32f4xx_hal_tim.o
                0x08002f9e                TIM_CCxChannelCmd
 .text.HAL_TIM_Encoder_Start
                0x08002fbc       0x44 Drivers/STM32F4xx_HAL_Driver/Src/stm32f4xx_hal_tim.o
                0x08002fbc                HAL_TIM_Encoder_Start
 .text.HAL_TIMEx_MasterConfigSynchronization
                0x08003000       0x52 Drivers/STM32F4xx_HAL_Driver/Src/stm32f4xx_hal_tim_ex.o
                0x08003000                HAL_TIMEx_MasterConfigSynchronization
 .text.HAL_TIMEx_CommutationCallback
                0x08003052        0x2 Drivers/STM32F4xx_HAL_Driver/Src/stm32f4xx_hal_tim_ex.o
                0x08003052                HAL_TIMEx_CommutationCallback
 .text.HAL_TIMEx_BreakCallback
                0x08003054        0x2 Drivers/STM32F4xx_HAL_Driver/Src/stm32f4xx_hal_tim_ex.o
                0x08003054                HAL_TIMEx_BreakCallback
 *fill*         0x08003056        0x2 
 .text.write_register
                0x08003058       0x24 Src/MY_CS43L22.o
 .text.read_register
                0x0800307c       0x34 Src/MY_CS43L22.o
 .text.CS43_Init
                0x080030b0      0x12c Src/MY_CS43L22.o
                0x080030b0                CS43_Init
 .text.CS43_Enable_RightLeft
                0x080031dc       0x44 Src/MY_CS43L22.o
                0x080031dc                CS43_Enable_RightLeft
 .text.CS43_SetVolume
                0x08003220       0x5c Src/MY_CS43L22.o
                0x08003220                CS43_SetVolume
 .text.CS43_Start
                0x0800327c       0x6c Src/MY_CS43L22.o
                0x0800327c                CS43_Start
 .text.power_off
                0x080032e8        0xc Src/diskio.o
 .text.chk_power
                0x080032f4        0xc Src/diskio.o
 .text.xmit_spi
                0x08003300       0x2c Src/diskio.o
 .text.rcvr_spi
                0x0800332c       0x40 Src/diskio.o
 .text.power_on
                0x0800336c       0x74 Src/diskio.o
 .text.wait_ready
                0x080033e0       0x24 Src/diskio.o
 .text.send_cmd
                0x08003404       0x6a Src/diskio.o
 .text.rcvr_spi_m
                0x0800346e        0xc Src/diskio.o
 *fill*         0x0800347a        0x2 
 .text.rcvr_datablock
                0x0800347c       0x48 Src/diskio.o
 .text.xmit_datablock
                0x080034c4       0x70 Src/diskio.o
 .text.disk_initialize
                0x08003534      0x168 Src/diskio.o
                0x08003534                disk_initialize
 .text.disk_status
                0x0800369c       0x14 Src/diskio.o
                0x0800369c                disk_status
 .text.disk_read
                0x080036b0       0x8c Src/diskio.o
                0x080036b0                disk_read
 .text.disk_write
                0x0800373c       0xb8 Src/diskio.o
                0x0800373c                disk_write
 .text.disk_ioctl
                0x080037f4      0x1ac Src/diskio.o
                0x080037f4                disk_ioctl
 .text.disk_timerproc
                0x080039a0       0x2c Src/diskio.o
                0x080039a0                disk_timerproc
 .text.sdcard_systick_timerproc
                0x080039cc       0x28 Src/diskio.o
                0x080039cc                sdcard_systick_timerproc
 .text.get_fattime
                0x080039f4        0x8 Src/diskio.o
                0x080039f4                get_fattime
 .text.ld_word  0x080039fc        0xa Src/ff.o
 .text.ld_dword
                0x08003a06       0x16 Src/ff.o
 .text.st_word  0x08003a1c        0x8 Src/ff.o
 .text.st_dword
                0x08003a24       0x14 Src/ff.o
 .text.mem_cpy  0x08003a38       0x12 Src/ff.o
 .text.mem_set  0x08003a4a        0xa Src/ff.o
 .text.mem_cmp  0x08003a54       0x1e Src/ff.o
 .text.chk_chr  0x08003a72       0x10 Src/ff.o
 .text.dbc_1st  0x08003a82       0x24 Src/ff.o
 .text.dbc_2nd  0x08003aa6       0x28 Src/ff.o
 .text.clst2sect
                0x08003ace       0x18 Src/ff.o
 .text.ld_clust
                0x08003ae6       0x26 Src/ff.o
 .text.st_clust
                0x08003b0c       0x26 Src/ff.o
 .text.get_fileinfo
                0x08003b32       0x6e Src/ff.o
 .text.create_name
                0x08003ba0       0xfc Src/ff.o
 .text.get_ldnumber
                0x08003c9c       0x58 Src/ff.o
 .text.validate
                0x08003cf4       0x48 Src/ff.o
 .text.sync_window
                0x08003d3c       0x50 Src/ff.o
 .text.move_window
                0x08003d8c       0x34 Src/ff.o
 .text.check_fs
                0x08003dc0       0x6c Src/ff.o
 .text.find_volume
                0x08003e2c      0x310 Src/ff.o
 .text.put_fat  0x0800413c      0x10a Src/ff.o
 .text.get_fat  0x08004246       0xd0 Src/ff.o
 .text.dir_sdi  0x08004316       0xa2 Src/ff.o
 .text.create_chain
                0x080043b8      0x104 Src/ff.o
 .text.remove_chain
                0x080044bc       0x88 Src/ff.o
 .text.dir_clear
                0x08004544       0x52 Src/ff.o
 .text.dir_next
                0x08004596       0xc6 Src/ff.o
 .text.dir_find
                0x0800465c       0x5a Src/ff.o
 .text.follow_path
                0x080046b6       0x8c Src/ff.o
 .text.dir_alloc
                0x08004742       0x50 Src/ff.o
 .text.dir_register
                0x08004792       0x3e Src/ff.o
 .text.dir_read
                0x080047d0       0x5e Src/ff.o
 *fill*         0x0800482e        0x2 
 .text.sync_fs  0x08004830       0x8c Src/ff.o
 .text.f_mount  0x080048bc       0x50 Src/ff.o
                0x080048bc                f_mount
 .text.f_open   0x0800490c      0x1e0 Src/ff.o
                0x0800490c                f_open
 .text.f_read   0x08004aec      0x180 Src/ff.o
                0x08004aec                f_read
 .text.f_sync   0x08004c6c       0xa0 Src/ff.o
                0x08004c6c                f_sync
 .text.f_close  0x08004d0c       0x28 Src/ff.o
                0x08004d0c                f_close
 .text.f_lseek  0x08004d34      0x170 Src/ff.o
                0x08004d34                f_lseek
 .text.f_opendir
                0x08004ea4       0x6e Src/ff.o
                0x08004ea4                f_opendir
 .text.f_closedir
                0x08004f12       0x1a Src/ff.o
                0x08004f12                f_closedir
 .text.f_readdir
                0x08004f2c       0x4e Src/ff.o
                0x08004f2c                f_readdir
 *fill*         0x08004f7a        0x2 
 .text.MX_GPIO_Init
                0x08004f7c       0xb0 Src/main.o
 .text.MX_DMA_Init
                0x0800502c       0x34 Src/main.o
 .text.list_files
                0x08005060       0x50 Src/main.o
                0x08005060                list_files
 .text.HAL_TIM_PeriodElapsedCallback
                0x080050b0       0xf4 Src/main.o
                0x080050b0                HAL_TIM_PeriodElapsedCallback
 .text._Error_Handler
                0x080051a4        0x2 Src/main.o
                0x080051a4                _Error_Handler
 *fill*         0x080051a6        0x2 
 .text.MX_I2C1_Init
                0x080051a8       0x44 Src/main.o
 .text.MX_I2S3_Init
                0x080051ec       0x40 Src/main.o
 .text.MX_DAC_Init
                0x0800522c       0x48 Src/main.o
 .text.MX_TIM2_Init
                0x08005274       0x70 Src/main.o
 .text.MX_SPI1_Init
                0x080052e4       0x4c Src/main.o
 .text.MX_TIM1_Init
                0x08005330       0x6c Src/main.o
 .text.SystemClock_Config
                0x0800539c       0xe8 Src/main.o
                0x0800539c                SystemClock_Config
 .text.main     0x08005484      0x19c Src/main.o
                0x08005484                main
 .text.HAL_MspInit
                0x08005620       0x94 Src/stm32f4xx_hal_msp.o
                0x08005620                HAL_MspInit
 .text.HAL_DAC_MspInit
                0x080056b4       0x48 Src/stm32f4xx_hal_msp.o
                0x080056b4                HAL_DAC_MspInit
 .text.HAL_I2C_MspInit
                0x080056fc       0x58 Src/stm32f4xx_hal_msp.o
                0x080056fc                HAL_I2C_MspInit
 .text.HAL_I2S_MspInit
                0x08005754       0xc0 Src/stm32f4xx_hal_msp.o
                0x08005754                HAL_I2S_MspInit
 .text.HAL_SPI_MspInit
                0x08005814       0x50 Src/stm32f4xx_hal_msp.o
                0x08005814                HAL_SPI_MspInit
 .text.HAL_TIM_Encoder_MspInit
                0x08005864       0x54 Src/stm32f4xx_hal_msp.o
                0x08005864                HAL_TIM_Encoder_MspInit
 .text.HAL_TIM_Base_MspInit
                0x080058b8       0x3c Src/stm32f4xx_hal_msp.o
                0x080058b8                HAL_TIM_Base_MspInit
 .text.NMI_Handler
                0x080058f4        0x2 Src/stm32f4xx_it.o
                0x080058f4                NMI_Handler
 .text.HardFault_Handler
                0x080058f6        0x2 Src/stm32f4xx_it.o
                0x080058f6                HardFault_Handler
 .text.MemManage_Handler
                0x080058f8        0x2 Src/stm32f4xx_it.o
                0x080058f8                MemManage_Handler
 .text.BusFault_Handler
                0x080058fa        0x2 Src/stm32f4xx_it.o
                0x080058fa                BusFault_Handler
 .text.UsageFault_Handler
                0x080058fc        0x2 Src/stm32f4xx_it.o
                0x080058fc                UsageFault_Handler
 .text.SVC_Handler
                0x080058fe        0x2 Src/stm32f4xx_it.o
                0x080058fe                SVC_Handler
 .text.DebugMon_Handler
                0x08005900        0x2 Src/stm32f4xx_it.o
                0x08005900                DebugMon_Handler
 .text.PendSV_Handler
                0x08005902        0x2 Src/stm32f4xx_it.o
                0x08005902                PendSV_Handler
 .text.SysTick_Handler
                0x08005904       0x10 Src/stm32f4xx_it.o
                0x08005904                SysTick_Handler
 .text.DMA1_Stream5_IRQHandler
                0x08005914       0x10 Src/stm32f4xx_it.o
                0x08005914                DMA1_Stream5_IRQHandler
 .text.TIM2_IRQHandler
                0x08005924       0x10 Src/stm32f4xx_it.o
                0x08005924                TIM2_IRQHandler
 .text.SystemInit
                0x08005934       0x4c Src/system_stm32f4xx.o
                0x08005934                SystemInit
 .text.Reset_Handler
                0x08005980       0x50 startup/startup_stm32f407xx.o
                0x08005980                Reset_Handler
 .text.Default_Handler
                0x080059d0        0x2 startup/startup_stm32f407xx.o
                0x080059d0                RTC_Alarm_IRQHandler
                0x080059d0                HASH_RNG_IRQHandler
                0x080059d0                EXTI2_IRQHandler
                0x080059d0                TIM8_CC_IRQHandler
                0x080059d0                TIM1_CC_IRQHandler
                0x080059d0                DMA2_Stream5_IRQHandler
                0x080059d0                PVD_IRQHandler
                0x080059d0                SDIO_IRQHandler
                0x080059d0                TAMP_STAMP_IRQHandler
                0x080059d0                CAN2_RX1_IRQHandler
                0x080059d0                EXTI3_IRQHandler
                0x080059d0                TIM8_TRG_COM_TIM14_IRQHandler
                0x080059d0                TIM1_UP_TIM10_IRQHandler
                0x080059d0                TIM8_UP_TIM13_IRQHandler
                0x080059d0                I2C3_ER_IRQHandler
                0x080059d0                EXTI0_IRQHandler
                0x080059d0                I2C2_EV_IRQHandler
                0x080059d0                DMA1_Stream2_IRQHandler
                0x080059d0                CAN1_RX0_IRQHandler
                0x080059d0                FPU_IRQHandler
                0x080059d0                OTG_HS_WKUP_IRQHandler
                0x080059d0                CAN2_SCE_IRQHandler
                0x080059d0                DMA2_Stream2_IRQHandler
                0x080059d0                SPI1_IRQHandler
                0x080059d0                TIM6_DAC_IRQHandler
                0x080059d0                TIM1_BRK_TIM9_IRQHandler
                0x080059d0                DCMI_IRQHandler
                0x080059d0                CAN2_RX0_IRQHandler
                0x080059d0                DMA2_Stream3_IRQHandler
                0x080059d0                USART6_IRQHandler
                0x080059d0                USART3_IRQHandler
                0x080059d0                CAN1_RX1_IRQHandler
                0x080059d0                UART5_IRQHandler
                0x080059d0                DMA2_Stream0_IRQHandler
                0x080059d0                TIM4_IRQHandler
                0x080059d0                I2C1_EV_IRQHandler
                0x080059d0                DMA1_Stream6_IRQHandler
                0x080059d0                DMA1_Stream1_IRQHandler
                0x080059d0                UART4_IRQHandler
                0x080059d0                TIM3_IRQHandler
                0x080059d0                RCC_IRQHandler
                0x080059d0                TIM8_BRK_TIM12_IRQHandler
                0x080059d0                Default_Handler
                0x080059d0                EXTI15_10_IRQHandler
                0x080059d0                ADC_IRQHandler
                0x080059d0                DMA1_Stream7_IRQHandler
                0x080059d0                TIM7_IRQHandler
                0x080059d0                CAN2_TX_IRQHandler
                0x080059d0                TIM5_IRQHandler
                0x080059d0                DMA2_Stream7_IRQHandler
                0x080059d0                I2C3_EV_IRQHandler
                0x080059d0                EXTI9_5_IRQHandler
                0x080059d0                RTC_WKUP_IRQHandler
                0x080059d0                ETH_WKUP_IRQHandler
                0x080059d0                SPI2_IRQHandler
                0x080059d0                OTG_HS_EP1_IN_IRQHandler
                0x080059d0                DMA1_Stream0_IRQHandler
                0x080059d0                CAN1_TX_IRQHandler
                0x080059d0                EXTI4_IRQHandler
                0x080059d0                FSMC_IRQHandler
                0x080059d0                ETH_IRQHandler
                0x080059d0                OTG_HS_EP1_OUT_IRQHandler
                0x080059d0                WWDG_IRQHandler
                0x080059d0                OTG_FS_WKUP_IRQHandler
                0x080059d0                TIM1_TRG_COM_TIM11_IRQHandler
                0x080059d0                OTG_HS_IRQHandler
                0x080059d0                EXTI1_IRQHandler
                0x080059d0                USART2_IRQHandler
                0x080059d0                I2C2_ER_IRQHandler
                0x080059d0                DMA2_Stream1_IRQHandler
                0x080059d0                CAN1_SCE_IRQHandler
                0x080059d0                FLASH_IRQHandler
                0x080059d0                DMA2_Stream4_IRQHandler
                0x080059d0                USART1_IRQHandler
                0x080059d0                OTG_FS_IRQHandler
                0x080059d0                SPI3_IRQHandler
                0x080059d0                DMA1_Stream4_IRQHandler
                0x080059d0                I2C1_ER_IRQHandler
                0x080059d0                DMA2_Stream6_IRQHandler
                0x080059d0                DMA1_Stream3_IRQHandler
 *fill*         0x080059d2        0x2 
 .text.__libc_init_array
                0x080059d4       0x48 c:/ac6/systemworkbench/plugins/fr.ac6.mcu.externaltools.arm-none.win32_1.16.0.201807130628/tools/compiler/bin/../lib/gcc/arm-none-eabi/7.2.1/../../../../arm-none-eabi/lib/thumb/v7e-m/fpv4-sp/hard\libc_nano.a(lib_a-init.o)
                0x080059d4                __libc_init_array
 .text.memcpy   0x08005a1c       0x16 c:/ac6/systemworkbench/plugins/fr.ac6.mcu.externaltools.arm-none.win32_1.16.0.201807130628/tools/compiler/bin/../lib/gcc/arm-none-eabi/7.2.1/../../../../arm-none-eabi/lib/thumb/v7e-m/fpv4-sp/hard\libc_nano.a(lib_a-memcpy-stub.o)
                0x08005a1c                memcpy
 .text.strcpy   0x08005a32       0x10 c:/ac6/systemworkbench/plugins/fr.ac6.mcu.externaltools.arm-none.win32_1.16.0.201807130628/tools/compiler/bin/../lib/gcc/arm-none-eabi/7.2.1/../../../../arm-none-eabi/lib/thumb/v7e-m/fpv4-sp/hard\libc_nano.a(lib_a-strcpy.o)
                0x08005a32                strcpy
 *(.glue_7)
 .glue_7        0x08005a42        0x0 linker stubs
 *(.glue_7t)
 .glue_7t       0x08005a42        0x0 linker stubs
 *(.eh_frame)
 *fill*         0x08005a42        0x2 
 .eh_frame      0x08005a44        0x0 c:/ac6/systemworkbench/plugins/fr.ac6.mcu.externaltools.arm-none.win32_1.16.0.201807130628/tools/compiler/bin/../lib/gcc/arm-none-eabi/7.2.1/thumb/v7e-m/fpv4-sp/hard/crtbegin.o
 *(.init)
 .init          0x08005a44        0x4 c:/ac6/systemworkbench/plugins/fr.ac6.mcu.externaltools.arm-none.win32_1.16.0.201807130628/tools/compiler/bin/../lib/gcc/arm-none-eabi/7.2.1/thumb/v7e-m/fpv4-sp/hard/crti.o
                0x08005a44                _init
 .init          0x08005a48        0x8 c:/ac6/systemworkbench/plugins/fr.ac6.mcu.externaltools.arm-none.win32_1.16.0.201807130628/tools/compiler/bin/../lib/gcc/arm-none-eabi/7.2.1/thumb/v7e-m/fpv4-sp/hard/crtn.o
 *(.fini)
 .fini          0x08005a50        0x4 c:/ac6/systemworkbench/plugins/fr.ac6.mcu.externaltools.arm-none.win32_1.16.0.201807130628/tools/compiler/bin/../lib/gcc/arm-none-eabi/7.2.1/thumb/v7e-m/fpv4-sp/hard/crti.o
                0x08005a50                _fini
 .fini          0x08005a54        0x8 c:/ac6/systemworkbench/plugins/fr.ac6.mcu.externaltools.arm-none.win32_1.16.0.201807130628/tools/compiler/bin/../lib/gcc/arm-none-eabi/7.2.1/thumb/v7e-m/fpv4-sp/hard/crtn.o
                0x08005a5c                . = ALIGN (0x4)
                0x08005a5c                _etext = .

.vfp11_veneer   0x08005a5c        0x0
 .vfp11_veneer  0x08005a5c        0x0 linker stubs

.v4_bx          0x08005a5c        0x0
 .v4_bx         0x08005a5c        0x0 linker stubs

.iplt           0x08005a5c        0x0
 .iplt          0x08005a5c        0x0 c:/ac6/systemworkbench/plugins/fr.ac6.mcu.externaltools.arm-none.win32_1.16.0.201807130628/tools/compiler/bin/../lib/gcc/arm-none-eabi/7.2.1/thumb/v7e-m/fpv4-sp/hard/crtbegin.o

.rodata         0x08005a5c       0x70
                0x08005a5c                . = ALIGN (0x4)
 *(.rodata)
 .rodata        0x08005a5c        0x8 Drivers/STM32F4xx_HAL_Driver/Src/stm32f4xx_hal_dma.o
 .rodata        0x08005a64       0x18 Src/system_stm32f4xx.o
                0x08005a64                AHBPrescTable
                0x08005a74                APBPrescTable
 *(.rodata*)
 .rodata.str1.4
                0x08005a7c       0x1a Src/ff.o
 *fill*         0x08005a96        0x2 
 .rodata.str1.4
                0x08005a98       0x15 Src/main.o
 *fill*         0x08005aad        0x3 
 .rodata.str1.4
                0x08005ab0       0x1c Src/stm32f4xx_hal_msp.o
                                 0x1b (size before relaxing)
                0x08005acc                . = ALIGN (0x4)

.ARM.extab
 *(.ARM.extab* .gnu.linkonce.armextab.*)

.ARM            0x08005acc        0x8
                0x08005acc                __exidx_start = .
 *(.ARM.exidx*)
 .ARM.exidx     0x08005acc        0x8 c:/ac6/systemworkbench/plugins/fr.ac6.mcu.externaltools.arm-none.win32_1.16.0.201807130628/tools/compiler/bin/../lib/gcc/arm-none-eabi/7.2.1/thumb/v7e-m/fpv4-sp/hard\libgcc.a(_udivmoddi4.o)
                0x08005ad4                __exidx_end = .

.rel.dyn        0x08005ad4        0x0
 .rel.iplt      0x08005ad4        0x0 c:/ac6/systemworkbench/plugins/fr.ac6.mcu.externaltools.arm-none.win32_1.16.0.201807130628/tools/compiler/bin/../lib/gcc/arm-none-eabi/7.2.1/thumb/v7e-m/fpv4-sp/hard/crtbegin.o

.preinit_array  0x08005ad4        0x0
                0x08005ad4                PROVIDE (__preinit_array_start, .)
 *(.preinit_array*)
                0x08005ad4                PROVIDE (__preinit_array_end, .)

.init_array     0x08005ad4        0x4
                0x08005ad4                PROVIDE (__init_array_start, .)
 *(SORT_BY_NAME(.init_array.*))
 *(.init_array*)
 .init_array    0x08005ad4        0x4 c:/ac6/systemworkbench/plugins/fr.ac6.mcu.externaltools.arm-none.win32_1.16.0.201807130628/tools/compiler/bin/../lib/gcc/arm-none-eabi/7.2.1/thumb/v7e-m/fpv4-sp/hard/crtbegin.o
                0x08005ad8                PROVIDE (__init_array_end, .)

.fini_array     0x08005ad8        0x4
                [!provide]                PROVIDE (__fini_array_start, .)
 *(SORT_BY_NAME(.fini_array.*))
 *(.fini_array*)
 .fini_array    0x08005ad8        0x4 c:/ac6/systemworkbench/plugins/fr.ac6.mcu.externaltools.arm-none.win32_1.16.0.201807130628/tools/compiler/bin/../lib/gcc/arm-none-eabi/7.2.1/thumb/v7e-m/fpv4-sp/hard/crtbegin.o
                [!provide]                PROVIDE (__fini_array_end, .)
                0x08005adc                _sidata = LOADADDR (.data)

.data           0x20000000       0x14 load address 0x08005adc
                0x20000000                . = ALIGN (0x4)
                0x20000000                _sdata = .
 *(.data)
 .data          0x20000000        0x8 Drivers/STM32F4xx_HAL_Driver/Src/stm32f4xx_hal.o
                0x20000000                uwTickFreq
                0x20000004                uwTickPrio
 .data          0x20000008        0x1 Src/diskio.o
 *fill*         0x20000009        0x1 
 .data          0x2000000a        0x4 Src/main.o
                0x2000000a                timPosBuffer
                0x2000000c                posBuffer
 *fill*         0x2000000e        0x2 
 .data          0x20000010        0x4 Src/system_stm32f4xx.o
                0x20000010                SystemCoreClock
 *(.data*)
                0x20000014                . = ALIGN (0x4)
                0x20000014                _edata = .
                0x08005af0                _siccmram = LOADADDR (.ccmram)

.igot.plt       0x20000014        0x0 load address 0x08005af0
 .igot.plt      0x20000014        0x0 c:/ac6/systemworkbench/plugins/fr.ac6.mcu.externaltools.arm-none.win32_1.16.0.201807130628/tools/compiler/bin/../lib/gcc/arm-none-eabi/7.2.1/thumb/v7e-m/fpv4-sp/hard/crtbegin.o

.ccmram         0x10000000        0x0 load address 0x08005af0
                0x10000000                . = ALIGN (0x4)
                0x10000000                _sccmram = .
 *(.ccmram)
 *(.ccmram*)
                0x10000000                . = ALIGN (0x4)
                0x10000000                _eccmram = .
                0x10000000                . = ALIGN (0x4)

.bss            0x20000014    0x10ae8
                0x20000014                _sbss = .
                0x20000014                __bss_start__ = _sbss
 *(.bss)
 .bss           0x20000014       0x1c c:/ac6/systemworkbench/plugins/fr.ac6.mcu.externaltools.arm-none.win32_1.16.0.201807130628/tools/compiler/bin/../lib/gcc/arm-none-eabi/7.2.1/thumb/v7e-m/fpv4-sp/hard/crtbegin.o
 .bss           0x20000030       0x58 Src/MY_CS43L22.o
 .bss           0x20000088        0x4 Src/diskio.o
 .bss           0x2000008c        0x6 Src/ff.o
 *fill*         0x20000092        0x2 
 .bss           0x20000094      0x248 Src/main.o
                0x20000094                flag2
                0x20000098                s
                0x2000009c                ofs
                0x200002d0                flag
                0x200002d4                i
                0x200002d8                x
 *(.bss*)
 *(COMMON)
 COMMON         0x200002dc        0x4 Drivers/STM32F4xx_HAL_Driver/Src/stm32f4xx_hal.o
                0x200002dc                uwTick
 COMMON         0x200002e0        0x2 Src/diskio.o
                0x200002e0                sdcard_timer
 *fill*         0x200002e2        0x2 
 COMMON         0x200002e4    0x10818 Src/main.o
                0x200002e4                song_list
                0x200102e4                hi2c1
                0x20010338                position
                0x2001033c                wavBuffer1
                0x2001053c                hdma_spi3_tx
                0x2001059c                file
                0x200107c4                bytes_read
                0x200107c8                hdac
                0x200107dc                pulse_count
                0x200107e0                htim1
                0x2001081c                fresult
                0x20010820                hspi1
                0x20010878                htim2
                0x200108b4                wavBuffer2
                0x20010ab4                hi2s3
                0x20010afc                . = ALIGN (0x4)
                0x20010afc                _ebss = .
                0x20010afc                __bss_end__ = _ebss

._user_heap_stack
                0x20010afc      0x604
                0x20010b00                . = ALIGN (0x8)
 *fill*         0x20010afc        0x4 
                [!provide]                PROVIDE (end, .)
                [!provide]                PROVIDE (_end, .)
                0x20010d00                . = (. + _Min_Heap_Size)
 *fill*         0x20010b00      0x200 
                0x20011100                . = (. + _Min_Stack_Size)
 *fill*         0x20010d00      0x400 
                0x20011100                . = ALIGN (0x8)

/DISCARD/
 libc.a(*)
 libm.a(*)
 libgcc.a(*)

.ARM.attributes
                0x00000000       0x30
 *(.ARM.attributes)
 .ARM.attributes
                0x00000000       0x22 c:/ac6/systemworkbench/plugins/fr.ac6.mcu.externaltools.arm-none.win32_1.16.0.201807130628/tools/compiler/bin/../lib/gcc/arm-none-eabi/7.2.1/thumb/v7e-m/fpv4-sp/hard/crti.o
 .ARM.attributes
                0x00000022       0x34 c:/ac6/systemworkbench/plugins/fr.ac6.mcu.externaltools.arm-none.win32_1.16.0.201807130628/tools/compiler/bin/../lib/gcc/arm-none-eabi/7.2.1/thumb/v7e-m/fpv4-sp/hard/crtbegin.o
 .ARM.attributes
                0x00000056       0x39 Drivers/STM32F4xx_HAL_Driver/Src/stm32f4xx_hal.o
 .ARM.attributes
                0x0000008f       0x39 Drivers/STM32F4xx_HAL_Driver/Src/stm32f4xx_hal_cortex.o
 .ARM.attributes
                0x000000c8       0x39 Drivers/STM32F4xx_HAL_Driver/Src/stm32f4xx_hal_dac.o
 .ARM.attributes
                0x00000101       0x39 Drivers/STM32F4xx_HAL_Driver/Src/stm32f4xx_hal_dma.o
 .ARM.attributes
                0x0000013a       0x39 Drivers/STM32F4xx_HAL_Driver/Src/stm32f4xx_hal_gpio.o
 .ARM.attributes
                0x00000173       0x39 Drivers/STM32F4xx_HAL_Driver/Src/stm32f4xx_hal_i2c.o
 .ARM.attributes
                0x000001ac       0x39 Drivers/STM32F4xx_HAL_Driver/Src/stm32f4xx_hal_i2s.o
 .ARM.attributes
                0x000001e5       0x39 Drivers/STM32F4xx_HAL_Driver/Src/stm32f4xx_hal_i2s_ex.o
 .ARM.attributes
                0x0000021e       0x39 Drivers/STM32F4xx_HAL_Driver/Src/stm32f4xx_hal_rcc.o
 .ARM.attributes
                0x00000257       0x39 Drivers/STM32F4xx_HAL_Driver/Src/stm32f4xx_hal_rcc_ex.o
 .ARM.attributes
                0x00000290       0x39 Drivers/STM32F4xx_HAL_Driver/Src/stm32f4xx_hal_spi.o
 .ARM.attributes
                0x000002c9       0x39 Drivers/STM32F4xx_HAL_Driver/Src/stm32f4xx_hal_tim.o
 .ARM.attributes
                0x00000302       0x39 Drivers/STM32F4xx_HAL_Driver/Src/stm32f4xx_hal_tim_ex.o
 .ARM.attributes
                0x0000033b       0x39 Src/MY_CS43L22.o
 .ARM.attributes
                0x00000374       0x39 Src/diskio.o
 .ARM.attributes
                0x000003ad       0x39 Src/ff.o
 .ARM.attributes
                0x000003e6       0x39 Src/main.o
 .ARM.attributes
                0x0000041f       0x39 Src/stm32f4xx_hal_msp.o
 .ARM.attributes
                0x00000458       0x39 Src/stm32f4xx_it.o
 .ARM.attributes
                0x00000491       0x39 Src/system_stm32f4xx.o
 .ARM.attributes
                0x000004ca       0x21 startup/startup_stm32f407xx.o
 .ARM.attributes
                0x000004eb       0x22 c:/ac6/systemworkbench/plugins/fr.ac6.mcu.externaltools.arm-none.win32_1.16.0.201807130628/tools/compiler/bin/../lib/gcc/arm-none-eabi/7.2.1/thumb/v7e-m/fpv4-sp/hard\libgcc.a(_aeabi_uldivmod.o)
 .ARM.attributes
                0x0000050d       0x34 c:/ac6/systemworkbench/plugins/fr.ac6.mcu.externaltools.arm-none.win32_1.16.0.201807130628/tools/compiler/bin/../lib/gcc/arm-none-eabi/7.2.1/thumb/v7e-m/fpv4-sp/hard\libgcc.a(_udivmoddi4.o)
 .ARM.attributes
                0x00000541       0x22 c:/ac6/systemworkbench/plugins/fr.ac6.mcu.externaltools.arm-none.win32_1.16.0.201807130628/tools/compiler/bin/../lib/gcc/arm-none-eabi/7.2.1/thumb/v7e-m/fpv4-sp/hard\libgcc.a(_dvmd_tls.o)
 .ARM.attributes
                0x00000563       0x34 c:/ac6/systemworkbench/plugins/fr.ac6.mcu.externaltools.arm-none.win32_1.16.0.201807130628/tools/compiler/bin/../lib/gcc/arm-none-eabi/7.2.1/../../../../arm-none-eabi/lib/thumb/v7e-m/fpv4-sp/hard\libc_nano.a(lib_a-init.o)
 .ARM.attributes
                0x00000597       0x34 c:/ac6/systemworkbench/plugins/fr.ac6.mcu.externaltools.arm-none.win32_1.16.0.201807130628/tools/compiler/bin/../lib/gcc/arm-none-eabi/7.2.1/../../../../arm-none-eabi/lib/thumb/v7e-m/fpv4-sp/hard\libc_nano.a(lib_a-memcpy-stub.o)
 .ARM.attributes
                0x000005cb       0x34 c:/ac6/systemworkbench/plugins/fr.ac6.mcu.externaltools.arm-none.win32_1.16.0.201807130628/tools/compiler/bin/../lib/gcc/arm-none-eabi/7.2.1/../../../../arm-none-eabi/lib/thumb/v7e-m/fpv4-sp/hard\libc_nano.a(lib_a-strcpy.o)
 .ARM.attributes
                0x000005ff       0x22 c:/ac6/systemworkbench/plugins/fr.ac6.mcu.externaltools.arm-none.win32_1.16.0.201807130628/tools/compiler/bin/../lib/gcc/arm-none-eabi/7.2.1/thumb/v7e-m/fpv4-sp/hard/crtn.o
OUTPUT(i2s.elf elf32-littlearm)

.debug_info     0x00000000    0x220b4
 .debug_info    0x00000000     0x11d9 Drivers/STM32F4xx_HAL_Driver/Src/stm32f4xx_hal.o
 .debug_info    0x000011d9     0x1755 Drivers/STM32F4xx_HAL_Driver/Src/stm32f4xx_hal_cortex.o
 .debug_info    0x0000292e     0x12f3 Drivers/STM32F4xx_HAL_Driver/Src/stm32f4xx_hal_dac.o
 .debug_info    0x00003c21     0x127b Drivers/STM32F4xx_HAL_Driver/Src/stm32f4xx_hal_dma.o
 .debug_info    0x00004e9c      0xf93 Drivers/STM32F4xx_HAL_Driver/Src/stm32f4xx_hal_gpio.o
 .debug_info    0x00005e2f     0x36da Drivers/STM32F4xx_HAL_Driver/Src/stm32f4xx_hal_i2c.o
 .debug_info    0x00009509     0x17ef Drivers/STM32F4xx_HAL_Driver/Src/stm32f4xx_hal_i2s.o
 .debug_info    0x0000acf8     0x15fa Drivers/STM32F4xx_HAL_Driver/Src/stm32f4xx_hal_i2s_ex.o
 .debug_info    0x0000c2f2     0x125b Drivers/STM32F4xx_HAL_Driver/Src/stm32f4xx_hal_rcc.o
 .debug_info    0x0000d54d      0xe8b Drivers/STM32F4xx_HAL_Driver/Src/stm32f4xx_hal_rcc_ex.o
 .debug_info    0x0000e3d8     0x2207 Drivers/STM32F4xx_HAL_Driver/Src/stm32f4xx_hal_spi.o
 .debug_info    0x000105df     0x368f Drivers/STM32F4xx_HAL_Driver/Src/stm32f4xx_hal_tim.o
 .debug_info    0x00013c6e     0x1b25 Drivers/STM32F4xx_HAL_Driver/Src/stm32f4xx_hal_tim_ex.o
 .debug_info    0x00015793     0x16b3 Src/MY_CS43L22.o
 .debug_info    0x00016e46     0x18e7 Src/diskio.o
 .debug_info    0x0001872d     0x2d24 Src/ff.o
 .debug_info    0x0001b451     0x2ec3 Src/main.o
 .debug_info    0x0001e314     0x2105 Src/stm32f4xx_hal_msp.o
 .debug_info    0x00020419      0xf50 Src/stm32f4xx_it.o
 .debug_info    0x00021369      0xd29 Src/system_stm32f4xx.o
 .debug_info    0x00022092       0x22 startup/startup_stm32f407xx.o

.debug_abbrev   0x00000000     0x3996
 .debug_abbrev  0x00000000      0x2e5 Drivers/STM32F4xx_HAL_Driver/Src/stm32f4xx_hal.o
 .debug_abbrev  0x000002e5      0x3d6 Drivers/STM32F4xx_HAL_Driver/Src/stm32f4xx_hal_cortex.o
 .debug_abbrev  0x000006bb      0x2d7 Drivers/STM32F4xx_HAL_Driver/Src/stm32f4xx_hal_dac.o
 .debug_abbrev  0x00000992      0x32a Drivers/STM32F4xx_HAL_Driver/Src/stm32f4xx_hal_dma.o
 .debug_abbrev  0x00000cbc      0x2a7 Drivers/STM32F4xx_HAL_Driver/Src/stm32f4xx_hal_gpio.o
 .debug_abbrev  0x00000f63      0x2fb Drivers/STM32F4xx_HAL_Driver/Src/stm32f4xx_hal_i2c.o
 .debug_abbrev  0x0000125e      0x32c Drivers/STM32F4xx_HAL_Driver/Src/stm32f4xx_hal_i2s.o
 .debug_abbrev  0x0000158a      0x31d Drivers/STM32F4xx_HAL_Driver/Src/stm32f4xx_hal_i2s_ex.o
 .debug_abbrev  0x000018a7      0x333 Drivers/STM32F4xx_HAL_Driver/Src/stm32f4xx_hal_rcc.o
 .debug_abbrev  0x00001bda      0x27b Drivers/STM32F4xx_HAL_Driver/Src/stm32f4xx_hal_rcc_ex.o
 .debug_abbrev  0x00001e55      0x2f2 Drivers/STM32F4xx_HAL_Driver/Src/stm32f4xx_hal_spi.o
 .debug_abbrev  0x00002147      0x2e0 Drivers/STM32F4xx_HAL_Driver/Src/stm32f4xx_hal_tim.o
 .debug_abbrev  0x00002427      0x2e0 Drivers/STM32F4xx_HAL_Driver/Src/stm32f4xx_hal_tim_ex.o
 .debug_abbrev  0x00002707      0x298 Src/MY_CS43L22.o
 .debug_abbrev  0x0000299f      0x377 Src/diskio.o
 .debug_abbrev  0x00002d16      0x203 Src/ff.o
 .debug_abbrev  0x00002f19      0x374 Src/main.o
 .debug_abbrev  0x0000328d      0x2a8 Src/stm32f4xx_hal_msp.o
 .debug_abbrev  0x00003535      0x24a Src/stm32f4xx_it.o
 .debug_abbrev  0x0000377f      0x205 Src/system_stm32f4xx.o
 .debug_abbrev  0x00003984       0x12 startup/startup_stm32f407xx.o

.debug_loc      0x00000000    0x1141d
 .debug_loc     0x00000000       0xfd Drivers/STM32F4xx_HAL_Driver/Src/stm32f4xx_hal.o
 .debug_loc     0x000000fd      0x5ce Drivers/STM32F4xx_HAL_Driver/Src/stm32f4xx_hal_cortex.o
 .debug_loc     0x000006cb      0x756 Drivers/STM32F4xx_HAL_Driver/Src/stm32f4xx_hal_dac.o
 .debug_loc     0x00000e21      0xb4e Drivers/STM32F4xx_HAL_Driver/Src/stm32f4xx_hal_dma.o
 .debug_loc     0x0000196f      0x469 Drivers/STM32F4xx_HAL_Driver/Src/stm32f4xx_hal_gpio.o
 .debug_loc     0x00001dd8     0x3145 Drivers/STM32F4xx_HAL_Driver/Src/stm32f4xx_hal_i2c.o
 .debug_loc     0x00004f1d      0xed1 Drivers/STM32F4xx_HAL_Driver/Src/stm32f4xx_hal_i2s.o
 .debug_loc     0x00005dee      0xbb5 Drivers/STM32F4xx_HAL_Driver/Src/stm32f4xx_hal_i2s_ex.o
 .debug_loc     0x000069a3      0x3f1 Drivers/STM32F4xx_HAL_Driver/Src/stm32f4xx_hal_rcc.o
 .debug_loc     0x00006d94      0x2c7 Drivers/STM32F4xx_HAL_Driver/Src/stm32f4xx_hal_rcc_ex.o
 .debug_loc     0x0000705b     0x1937 Drivers/STM32F4xx_HAL_Driver/Src/stm32f4xx_hal_spi.o
 .debug_loc     0x00008992     0x3612 Drivers/STM32F4xx_HAL_Driver/Src/stm32f4xx_hal_tim.o
 .debug_loc     0x0000bfa4      0xefe Drivers/STM32F4xx_HAL_Driver/Src/stm32f4xx_hal_tim_ex.o
 .debug_loc     0x0000cea2      0x15c Src/MY_CS43L22.o
 .debug_loc     0x0000cffe      0xe79 Src/diskio.o
 .debug_loc     0x0000de77     0x3191 Src/ff.o
 .debug_loc     0x00011008       0xc6 Src/main.o
 .debug_loc     0x000110ce      0x211 Src/stm32f4xx_hal_msp.o
 .debug_loc     0x000112df      0x13e Src/system_stm32f4xx.o

.debug_aranges  0x00000000     0x12c0
 .debug_aranges
                0x00000000       0xe0 Drivers/STM32F4xx_HAL_Driver/Src/stm32f4xx_hal.o
 .debug_aranges
                0x000000e0       0xa8 Drivers/STM32F4xx_HAL_Driver/Src/stm32f4xx_hal_cortex.o
 .debug_aranges
                0x00000188       0xc0 Drivers/STM32F4xx_HAL_Driver/Src/stm32f4xx_hal_dac.o
 .debug_aranges
                0x00000248       0x90 Drivers/STM32F4xx_HAL_Driver/Src/stm32f4xx_hal_dma.o
 .debug_aranges
                0x000002d8       0x58 Drivers/STM32F4xx_HAL_Driver/Src/stm32f4xx_hal_gpio.o
 .debug_aranges
                0x00000330      0x268 Drivers/STM32F4xx_HAL_Driver/Src/stm32f4xx_hal_i2c.o
 .debug_aranges
                0x00000598      0x108 Drivers/STM32F4xx_HAL_Driver/Src/stm32f4xx_hal_i2s.o
 .debug_aranges
                0x000006a0       0x78 Drivers/STM32F4xx_HAL_Driver/Src/stm32f4xx_hal_i2s_ex.o
 .debug_aranges
                0x00000718       0x88 Drivers/STM32F4xx_HAL_Driver/Src/stm32f4xx_hal_rcc.o
 .debug_aranges
                0x000007a0       0x48 Drivers/STM32F4xx_HAL_Driver/Src/stm32f4xx_hal_rcc_ex.o
 .debug_aranges
                0x000007e8      0x1c8 Drivers/STM32F4xx_HAL_Driver/Src/stm32f4xx_hal_spi.o
 .debug_aranges
                0x000009b0      0x368 Drivers/STM32F4xx_HAL_Driver/Src/stm32f4xx_hal_tim.o
 .debug_aranges
                0x00000d18      0x140 Drivers/STM32F4xx_HAL_Driver/Src/stm32f4xx_hal_tim_ex.o
 .debug_aranges
                0x00000e58       0x50 Src/MY_CS43L22.o
 .debug_aranges
                0x00000ea8       0xa8 Src/diskio.o
 .debug_aranges
                0x00000f50      0x1b0 Src/ff.o
 .debug_aranges
                0x00001100       0x80 Src/main.o
 .debug_aranges
                0x00001180       0x80 Src/stm32f4xx_hal_msp.o
 .debug_aranges
                0x00001200       0x70 Src/stm32f4xx_it.o
 .debug_aranges
                0x00001270       0x28 Src/system_stm32f4xx.o
 .debug_aranges
                0x00001298       0x28 startup/startup_stm32f407xx.o

.debug_ranges   0x00000000     0x1208
 .debug_ranges  0x00000000       0xd0 Drivers/STM32F4xx_HAL_Driver/Src/stm32f4xx_hal.o
 .debug_ranges  0x000000d0       0xf8 Drivers/STM32F4xx_HAL_Driver/Src/stm32f4xx_hal_cortex.o
 .debug_ranges  0x000001c8       0xb0 Drivers/STM32F4xx_HAL_Driver/Src/stm32f4xx_hal_dac.o
 .debug_ranges  0x00000278       0x80 Drivers/STM32F4xx_HAL_Driver/Src/stm32f4xx_hal_dma.o
 .debug_ranges  0x000002f8       0x48 Drivers/STM32F4xx_HAL_Driver/Src/stm32f4xx_hal_gpio.o
 .debug_ranges  0x00000340      0x258 Drivers/STM32F4xx_HAL_Driver/Src/stm32f4xx_hal_i2c.o
 .debug_ranges  0x00000598       0xf8 Drivers/STM32F4xx_HAL_Driver/Src/stm32f4xx_hal_i2s.o
 .debug_ranges  0x00000690       0x80 Drivers/STM32F4xx_HAL_Driver/Src/stm32f4xx_hal_i2s_ex.o
 .debug_ranges  0x00000710       0x90 Drivers/STM32F4xx_HAL_Driver/Src/stm32f4xx_hal_rcc.o
 .debug_ranges  0x000007a0       0x38 Drivers/STM32F4xx_HAL_Driver/Src/stm32f4xx_hal_rcc_ex.o
 .debug_ranges  0x000007d8      0x1b8 Drivers/STM32F4xx_HAL_Driver/Src/stm32f4xx_hal_spi.o
 .debug_ranges  0x00000990      0x358 Drivers/STM32F4xx_HAL_Driver/Src/stm32f4xx_hal_tim.o
 .debug_ranges  0x00000ce8      0x130 Drivers/STM32F4xx_HAL_Driver/Src/stm32f4xx_hal_tim_ex.o
 .debug_ranges  0x00000e18       0x40 Src/MY_CS43L22.o
 .debug_ranges  0x00000e58       0x98 Src/diskio.o
 .debug_ranges  0x00000ef0      0x1a0 Src/ff.o
 .debug_ranges  0x00001090       0x70 Src/main.o
 .debug_ranges  0x00001100       0x70 Src/stm32f4xx_hal_msp.o
 .debug_ranges  0x00001170       0x60 Src/stm32f4xx_it.o
 .debug_ranges  0x000011d0       0x18 Src/system_stm32f4xx.o
 .debug_ranges  0x000011e8       0x20 startup/startup_stm32f407xx.o

.debug_macro    0x00000000    0x24070
 .debug_macro   0x00000000      0x3d2 Drivers/STM32F4xx_HAL_Driver/Src/stm32f4xx_hal.o
 .debug_macro   0x000003d2      0xa60 Drivers/STM32F4xx_HAL_Driver/Src/stm32f4xx_hal.o
 .debug_macro   0x00000e32       0x10 Drivers/STM32F4xx_HAL_Driver/Src/stm32f4xx_hal.o
 .debug_macro   0x00000e42      0x192 Drivers/STM32F4xx_HAL_Driver/Src/stm32f4xx_hal.o
 .debug_macro   0x00000fd4       0x32 Drivers/STM32F4xx_HAL_Driver/Src/stm32f4xx_hal.o
 .debug_macro   0x00001006       0x2f Drivers/STM32F4xx_HAL_Driver/Src/stm32f4xx_hal.o
 .debug_macro   0x00001035       0x22 Drivers/STM32F4xx_HAL_Driver/Src/stm32f4xx_hal.o
 .debug_macro   0x00001057       0x87 Drivers/STM32F4xx_HAL_Driver/Src/stm32f4xx_hal.o
 .debug_macro   0x000010de       0x51 Drivers/STM32F4xx_HAL_Driver/Src/stm32f4xx_hal.o
 .debug_macro   0x0000112f       0xef Drivers/STM32F4xx_HAL_Driver/Src/stm32f4xx_hal.o
 .debug_macro   0x0000121e       0x6a Drivers/STM32F4xx_HAL_Driver/Src/stm32f4xx_hal.o
 .debug_macro   0x00001288      0x1df Drivers/STM32F4xx_HAL_Driver/Src/stm32f4xx_hal.o
 .debug_macro   0x00001467       0x35 Drivers/STM32F4xx_HAL_Driver/Src/stm32f4xx_hal.o
 .debug_macro   0x0000149c       0x50 Drivers/STM32F4xx_HAL_Driver/Src/stm32f4xx_hal.o
 .debug_macro   0x000014ec      0xe66 Drivers/STM32F4xx_HAL_Driver/Src/stm32f4xx_hal.o
 .debug_macro   0x00002352    0x15d08 Drivers/STM32F4xx_HAL_Driver/Src/stm32f4xx_hal.o
 .debug_macro   0x0001805a       0x43 Drivers/STM32F4xx_HAL_Driver/Src/stm32f4xx_hal.o
 .debug_macro   0x0001809d     0x3535 Drivers/STM32F4xx_HAL_Driver/Src/stm32f4xx_hal.o
 .debug_macro   0x0001b5d2       0x58 Drivers/STM32F4xx_HAL_Driver/Src/stm32f4xx_hal.o
 .debug_macro   0x0001b62a       0x17 Drivers/STM32F4xx_HAL_Driver/Src/stm32f4xx_hal.o
 .debug_macro   0x0001b641       0x35 Drivers/STM32F4xx_HAL_Driver/Src/stm32f4xx_hal.o
 .debug_macro   0x0001b676       0x9c Drivers/STM32F4xx_HAL_Driver/Src/stm32f4xx_hal.o
 .debug_macro   0x0001b712       0x16 Drivers/STM32F4xx_HAL_Driver/Src/stm32f4xx_hal.o
 .debug_macro   0x0001b728       0x97 Drivers/STM32F4xx_HAL_Driver/Src/stm32f4xx_hal.o
 .debug_macro   0x0001b7bf      0x330 Drivers/STM32F4xx_HAL_Driver/Src/stm32f4xx_hal.o
 .debug_macro   0x0001baef       0xfd Drivers/STM32F4xx_HAL_Driver/Src/stm32f4xx_hal.o
 .debug_macro   0x0001bbec       0x10 Drivers/STM32F4xx_HAL_Driver/Src/stm32f4xx_hal.o
 .debug_macro   0x0001bbfc       0x58 Drivers/STM32F4xx_HAL_Driver/Src/stm32f4xx_hal.o
 .debug_macro   0x0001bc54       0x1f Drivers/STM32F4xx_HAL_Driver/Src/stm32f4xx_hal.o
 .debug_macro   0x0001bc73       0x43 Drivers/STM32F4xx_HAL_Driver/Src/stm32f4xx_hal.o
 .debug_macro   0x0001bcb6       0x20 Drivers/STM32F4xx_HAL_Driver/Src/stm32f4xx_hal.o
 .debug_macro   0x0001bcd6      0x18e Drivers/STM32F4xx_HAL_Driver/Src/stm32f4xx_hal.o
 .debug_macro   0x0001be64       0x10 Drivers/STM32F4xx_HAL_Driver/Src/stm32f4xx_hal.o
 .debug_macro   0x0001be74       0x1c Drivers/STM32F4xx_HAL_Driver/Src/stm32f4xx_hal.o
 .debug_macro   0x0001be90       0x52 Drivers/STM32F4xx_HAL_Driver/Src/stm32f4xx_hal.o
 .debug_macro   0x0001bee2       0x40 Drivers/STM32F4xx_HAL_Driver/Src/stm32f4xx_hal.o
 .debug_macro   0x0001bf22       0x10 Drivers/STM32F4xx_HAL_Driver/Src/stm32f4xx_hal.o
 .debug_macro   0x0001bf32       0x40 Drivers/STM32F4xx_HAL_Driver/Src/stm32f4xx_hal.o
 .debug_macro   0x0001bf72       0xd7 Drivers/STM32F4xx_HAL_Driver/Src/stm32f4xx_hal.o
 .debug_macro   0x0001c049       0x1c Drivers/STM32F4xx_HAL_Driver/Src/stm32f4xx_hal.o
 .debug_macro   0x0001c065       0x3d Drivers/STM32F4xx_HAL_Driver/Src/stm32f4xx_hal.o
 .debug_macro   0x0001c0a2       0x16 Drivers/STM32F4xx_HAL_Driver/Src/stm32f4xx_hal.o
 .debug_macro   0x0001c0b8      0x16f Drivers/STM32F4xx_HAL_Driver/Src/stm32f4xx_hal.o
 .debug_macro   0x0001c227       0x50 Drivers/STM32F4xx_HAL_Driver/Src/stm32f4xx_hal.o
 .debug_macro   0x0001c277      0x96b Drivers/STM32F4xx_HAL_Driver/Src/stm32f4xx_hal.o
 .debug_macro   0x0001cbe2      0xa02 Drivers/STM32F4xx_HAL_Driver/Src/stm32f4xx_hal.o
 .debug_macro   0x0001d5e4      0x11e Drivers/STM32F4xx_HAL_Driver/Src/stm32f4xx_hal.o
 .debug_macro   0x0001d702      0x13e Drivers/STM32F4xx_HAL_Driver/Src/stm32f4xx_hal.o
 .debug_macro   0x0001d840       0x27 Drivers/STM32F4xx_HAL_Driver/Src/stm32f4xx_hal.o
 .debug_macro   0x0001d867      0x287 Drivers/STM32F4xx_HAL_Driver/Src/stm32f4xx_hal.o
 .debug_macro   0x0001daee       0x5f Drivers/STM32F4xx_HAL_Driver/Src/stm32f4xx_hal.o
 .debug_macro   0x0001db4d      0x23a Drivers/STM32F4xx_HAL_Driver/Src/stm32f4xx_hal.o
 .debug_macro   0x0001dd87       0xe6 Drivers/STM32F4xx_HAL_Driver/Src/stm32f4xx_hal.o
 .debug_macro   0x0001de6d       0xa1 Drivers/STM32F4xx_HAL_Driver/Src/stm32f4xx_hal.o
 .debug_macro   0x0001df0e       0x3c Drivers/STM32F4xx_HAL_Driver/Src/stm32f4xx_hal.o
 .debug_macro   0x0001df4a      0x133 Drivers/STM32F4xx_HAL_Driver/Src/stm32f4xx_hal.o
 .debug_macro   0x0001e07d      0x21e Drivers/STM32F4xx_HAL_Driver/Src/stm32f4xx_hal.o
 .debug_macro   0x0001e29b       0x2e Drivers/STM32F4xx_HAL_Driver/Src/stm32f4xx_hal.o
 .debug_macro   0x0001e2c9      0x1a7 Drivers/STM32F4xx_HAL_Driver/Src/stm32f4xx_hal.o
 .debug_macro   0x0001e470       0xa5 Drivers/STM32F4xx_HAL_Driver/Src/stm32f4xx_hal.o
 .debug_macro   0x0001e515      0x192 Drivers/STM32F4xx_HAL_Driver/Src/stm32f4xx_hal.o
 .debug_macro   0x0001e6a7       0x40 Drivers/STM32F4xx_HAL_Driver/Src/stm32f4xx_hal.o
 .debug_macro   0x0001e6e7       0x3c Drivers/STM32F4xx_HAL_Driver/Src/stm32f4xx_hal.o
 .debug_macro   0x0001e723      0x11e Drivers/STM32F4xx_HAL_Driver/Src/stm32f4xx_hal.o
 .debug_macro   0x0001e841       0x7f Drivers/STM32F4xx_HAL_Driver/Src/stm32f4xx_hal.o
 .debug_macro   0x0001e8c0       0x89 Drivers/STM32F4xx_HAL_Driver/Src/stm32f4xx_hal.o
 .debug_macro   0x0001e949      0x202 Drivers/STM32F4xx_HAL_Driver/Src/stm32f4xx_hal.o
 .debug_macro   0x0001eb4b      0x6e0 Drivers/STM32F4xx_HAL_Driver/Src/stm32f4xx_hal.o
 .debug_macro   0x0001f22b       0x59 Drivers/STM32F4xx_HAL_Driver/Src/stm32f4xx_hal.o
 .debug_macro   0x0001f284      0x14d Drivers/STM32F4xx_HAL_Driver/Src/stm32f4xx_hal.o
 .debug_macro   0x0001f3d1      0x134 Drivers/STM32F4xx_HAL_Driver/Src/stm32f4xx_hal.o
 .debug_macro   0x0001f505      0x372 Drivers/STM32F4xx_HAL_Driver/Src/stm32f4xx_hal_cortex.o
 .debug_macro   0x0001f877      0x373 Drivers/STM32F4xx_HAL_Driver/Src/stm32f4xx_hal_dac.o
 .debug_macro   0x0001fbea      0x379 Drivers/STM32F4xx_HAL_Driver/Src/stm32f4xx_hal_dma.o
 .debug_macro   0x0001ff63      0x3aa Drivers/STM32F4xx_HAL_Driver/Src/stm32f4xx_hal_gpio.o
 .debug_macro   0x0002030d      0x3b2 Drivers/STM32F4xx_HAL_Driver/Src/stm32f4xx_hal_i2c.o
 .debug_macro   0x000206bf      0x373 Drivers/STM32F4xx_HAL_Driver/Src/stm32f4xx_hal_i2s.o
 .debug_macro   0x00020a32      0x372 Drivers/STM32F4xx_HAL_Driver/Src/stm32f4xx_hal_i2s_ex.o
 .debug_macro   0x00020da4      0x396 Drivers/STM32F4xx_HAL_Driver/Src/stm32f4xx_hal_rcc.o
 .debug_macro   0x0002113a      0x372 Drivers/STM32F4xx_HAL_Driver/Src/stm32f4xx_hal_rcc_ex.o
 .debug_macro   0x000214ac      0x37a Drivers/STM32F4xx_HAL_Driver/Src/stm32f4xx_hal_spi.o
 .debug_macro   0x00021826      0x372 Drivers/STM32F4xx_HAL_Driver/Src/stm32f4xx_hal_tim.o
 .debug_macro   0x00021b98      0x372 Drivers/STM32F4xx_HAL_Driver/Src/stm32f4xx_hal_tim_ex.o
 .debug_macro   0x00021f0a      0x37b Src/MY_CS43L22.o
 .debug_macro   0x00022285       0x9a Src/MY_CS43L22.o
 .debug_macro   0x0002231f      0x3ff Src/diskio.o
 .debug_macro   0x0002271e       0xf8 Src/diskio.o
 .debug_macro   0x00022816       0xee Src/diskio.o
 .debug_macro   0x00022904       0xc4 Src/diskio.o
 .debug_macro   0x000229c8      0x528 Src/ff.o
 .debug_macro   0x00022ef0       0xef Src/ff.o
 .debug_macro   0x00022fdf      0x3ff Src/main.o
 .debug_macro   0x000233de       0x16 Src/main.o
 .debug_macro   0x000233f4       0x35 Src/main.o
 .debug_macro   0x00023429      0x1e1 Src/main.o
 .debug_macro   0x0002360a      0x372 Src/stm32f4xx_hal_msp.o
 .debug_macro   0x0002397c      0x37c Src/stm32f4xx_it.o
 .debug_macro   0x00023cf8      0x378 Src/system_stm32f4xx.o

.debug_line     0x00000000    0x10714
 .debug_line    0x00000000      0xa6c Drivers/STM32F4xx_HAL_Driver/Src/stm32f4xx_hal.o
 .debug_line    0x00000a6c      0xac7 Drivers/STM32F4xx_HAL_Driver/Src/stm32f4xx_hal_cortex.o
 .debug_line    0x00001533      0xb1c Drivers/STM32F4xx_HAL_Driver/Src/stm32f4xx_hal_dac.o
 .debug_line    0x0000204f      0xbb2 Drivers/STM32F4xx_HAL_Driver/Src/stm32f4xx_hal_dma.o
 .debug_line    0x00002c01      0xa0f Drivers/STM32F4xx_HAL_Driver/Src/stm32f4xx_hal_gpio.o
 .debug_line    0x00003610     0x1a10 Drivers/STM32F4xx_HAL_Driver/Src/stm32f4xx_hal_i2c.o
 .debug_line    0x00005020      0xe4e Drivers/STM32F4xx_HAL_Driver/Src/stm32f4xx_hal_i2s.o
 .debug_line    0x00005e6e      0xe9a Drivers/STM32F4xx_HAL_Driver/Src/stm32f4xx_hal_i2s_ex.o
 .debug_line    0x00006d08      0xb03 Drivers/STM32F4xx_HAL_Driver/Src/stm32f4xx_hal_rcc.o
 .debug_line    0x0000780b      0x9a7 Drivers/STM32F4xx_HAL_Driver/Src/stm32f4xx_hal_rcc_ex.o
 .debug_line    0x000081b2     0x127f Drivers/STM32F4xx_HAL_Driver/Src/stm32f4xx_hal_spi.o
 .debug_line    0x00009431     0x1901 Drivers/STM32F4xx_HAL_Driver/Src/stm32f4xx_hal_tim.o
 .debug_line    0x0000ad32      0xe47 Drivers/STM32F4xx_HAL_Driver/Src/stm32f4xx_hal_tim_ex.o
 .debug_line    0x0000bb79      0x968 Src/MY_CS43L22.o
 .debug_line    0x0000c4e1      0xbfc Src/diskio.o
 .debug_line    0x0000d0dd      0xf45 Src/ff.o
 .debug_line    0x0000e022      0xab5 Src/main.o
 .debug_line    0x0000ead7      0x9d4 Src/stm32f4xx_hal_msp.o
 .debug_line    0x0000f4ab      0x937 Src/stm32f4xx_it.o
 .debug_line    0x0000fde2      0x8b3 Src/system_stm32f4xx.o
 .debug_line    0x00010695       0x7f startup/startup_stm32f407xx.o

.debug_str      0x00000000    0xcd20e
 .debug_str     0x00000000    0xc3dbb Drivers/STM32F4xx_HAL_Driver/Src/stm32f4xx_hal.o
                              0xc41ae (size before relaxing)
 .debug_str     0x000c3dbb      0x3ae Drivers/STM32F4xx_HAL_Driver/Src/stm32f4xx_hal_cortex.o
                              0xc3ef0 (size before relaxing)
 .debug_str     0x000c4169      0x58d Drivers/STM32F4xx_HAL_Driver/Src/stm32f4xx_hal_dac.o
                              0xc3aa8 (size before relaxing)
 .debug_str     0x000c46f6      0x2fe Drivers/STM32F4xx_HAL_Driver/Src/stm32f4xx_hal_dma.o
                              0xc3a65 (size before relaxing)
 .debug_str     0x000c49f4      0x285 Drivers/STM32F4xx_HAL_Driver/Src/stm32f4xx_hal_gpio.o
                              0xc3883 (size before relaxing)
 .debug_str     0x000c4c79      0xcbd Drivers/STM32F4xx_HAL_Driver/Src/stm32f4xx_hal_i2c.o
                              0xc4489 (size before relaxing)
 .debug_str     0x000c5936      0x40f Drivers/STM32F4xx_HAL_Driver/Src/stm32f4xx_hal_i2s.o
                              0xc3bf6 (size before relaxing)
 .debug_str     0x000c5d45      0x1d1 Drivers/STM32F4xx_HAL_Driver/Src/stm32f4xx_hal_i2s_ex.o
                              0xc3b2a (size before relaxing)
 .debug_str     0x000c5f16      0x364 Drivers/STM32F4xx_HAL_Driver/Src/stm32f4xx_hal_rcc.o
                              0xc3a4d (size before relaxing)
 .debug_str     0x000c627a      0x156 Drivers/STM32F4xx_HAL_Driver/Src/stm32f4xx_hal_rcc_ex.o
                              0xc3792 (size before relaxing)
 .debug_str     0x000c63d0      0x61b Drivers/STM32F4xx_HAL_Driver/Src/stm32f4xx_hal_spi.o
                              0xc3e69 (size before relaxing)
 .debug_str     0x000c69eb      0xe7a Drivers/STM32F4xx_HAL_Driver/Src/stm32f4xx_hal_tim.o
                              0xc468b (size before relaxing)
 .debug_str     0x000c7865      0x4f4 Drivers/STM32F4xx_HAL_Driver/Src/stm32f4xx_hal_tim_ex.o
                              0xc3f4b (size before relaxing)
 .debug_str     0x000c7d59      0x375 Src/MY_CS43L22.o
                              0xc3f3f (size before relaxing)
 .debug_str     0x000c80ce      0x99b Src/diskio.o
                              0xc42a8 (size before relaxing)
 .debug_str     0x000c8a69     0x3bf2 Src/ff.o
                               0x8009 (size before relaxing)
 .debug_str     0x000cc65b      0x9c9 Src/main.o
                              0xc5f8b (size before relaxing)
 .debug_str     0x000cd024       0x32 Src/stm32f4xx_hal_msp.o
                              0xc4797 (size before relaxing)
 .debug_str     0x000cd056       0xe0 Src/stm32f4xx_it.o
                              0xc39e6 (size before relaxing)
 .debug_str     0x000cd136       0x5a Src/system_stm32f4xx.o
                              0xc363f (size before relaxing)
 .debug_str     0x000cd190       0x7e startup/startup_stm32f407xx.o

.comment        0x00000000       0x7e
 .comment       0x00000000       0x7e Drivers/STM32F4xx_HAL_Driver/Src/stm32f4xx_hal.o
                                 0x7f (size before relaxing)
 .comment       0x0000007e       0x7f Drivers/STM32F4xx_HAL_Driver/Src/stm32f4xx_hal_cortex.o
 .comment       0x0000007e       0x7f Drivers/STM32F4xx_HAL_Driver/Src/stm32f4xx_hal_dac.o
 .comment       0x0000007e       0x7f Drivers/STM32F4xx_HAL_Driver/Src/stm32f4xx_hal_dma.o
 .comment       0x0000007e       0x7f Drivers/STM32F4xx_HAL_Driver/Src/stm32f4xx_hal_gpio.o
 .comment       0x0000007e       0x7f Drivers/STM32F4xx_HAL_Driver/Src/stm32f4xx_hal_i2c.o
 .comment       0x0000007e       0x7f Drivers/STM32F4xx_HAL_Driver/Src/stm32f4xx_hal_i2s.o
 .comment       0x0000007e       0x7f Drivers/STM32F4xx_HAL_Driver/Src/stm32f4xx_hal_i2s_ex.o
 .comment       0x0000007e       0x7f Drivers/STM32F4xx_HAL_Driver/Src/stm32f4xx_hal_rcc.o
 .comment       0x0000007e       0x7f Drivers/STM32F4xx_HAL_Driver/Src/stm32f4xx_hal_rcc_ex.o
 .comment       0x0000007e       0x7f Drivers/STM32F4xx_HAL_Driver/Src/stm32f4xx_hal_spi.o
 .comment       0x0000007e       0x7f Drivers/STM32F4xx_HAL_Driver/Src/stm32f4xx_hal_tim.o
 .comment       0x0000007e       0x7f Drivers/STM32F4xx_HAL_Driver/Src/stm32f4xx_hal_tim_ex.o
 .comment       0x0000007e       0x7f Src/MY_CS43L22.o
 .comment       0x0000007e       0x7f Src/diskio.o
 .comment       0x0000007e       0x7f Src/ff.o
 .comment       0x0000007e       0x7f Src/main.o
 .comment       0x0000007e       0x7f Src/stm32f4xx_hal_msp.o
 .comment       0x0000007e       0x7f Src/stm32f4xx_it.o
 .comment       0x0000007e       0x7f Src/system_stm32f4xx.o

.debug_frame    0x00000000     0x3728
 .debug_frame   0x00000000      0x1cc Drivers/STM32F4xx_HAL_Driver/Src/stm32f4xx_hal.o
 .debug_frame   0x000001cc      0x15c Drivers/STM32F4xx_HAL_Driver/Src/stm32f4xx_hal_cortex.o
 .debug_frame   0x00000328      0x1f0 Drivers/STM32F4xx_HAL_Driver/Src/stm32f4xx_hal_dac.o
 .debug_frame   0x00000518      0x188 Drivers/STM32F4xx_HAL_Driver/Src/stm32f4xx_hal_dma.o
 .debug_frame   0x000006a0       0xd8 Drivers/STM32F4xx_HAL_Driver/Src/stm32f4xx_hal_gpio.o
 .debug_frame   0x00000778      0x86c Drivers/STM32F4xx_HAL_Driver/Src/stm32f4xx_hal_i2c.o
 .debug_frame   0x00000fe4      0x304 Drivers/STM32F4xx_HAL_Driver/Src/stm32f4xx_hal_i2s.o
 .debug_frame   0x000012e8      0x184 Drivers/STM32F4xx_HAL_Driver/Src/stm32f4xx_hal_i2s_ex.o
 .debug_frame   0x0000146c      0x184 Drivers/STM32F4xx_HAL_Driver/Src/stm32f4xx_hal_rcc.o
 .debug_frame   0x000015f0       0xa4 Drivers/STM32F4xx_HAL_Driver/Src/stm32f4xx_hal_rcc_ex.o
 .debug_frame   0x00001694      0x55c Drivers/STM32F4xx_HAL_Driver/Src/stm32f4xx_hal_spi.o
 .debug_frame   0x00001bf0      0x9d0 Drivers/STM32F4xx_HAL_Driver/Src/stm32f4xx_hal_tim.o
 .debug_frame   0x000025c0      0x384 Drivers/STM32F4xx_HAL_Driver/Src/stm32f4xx_hal_tim_ex.o
 .debug_frame   0x00002944       0xe8 Src/MY_CS43L22.o
 .debug_frame   0x00002a2c      0x20c Src/diskio.o
 .debug_frame   0x00002c38      0x62c Src/ff.o
 .debug_frame   0x00003264      0x174 Src/main.o
 .debug_frame   0x000033d8      0x174 Src/stm32f4xx_hal_msp.o
 .debug_frame   0x0000354c       0xd8 Src/stm32f4xx_it.o
 .debug_frame   0x00003624       0x30 Src/system_stm32f4xx.o
 .debug_frame   0x00003654       0x2c c:/ac6/systemworkbench/plugins/fr.ac6.mcu.externaltools.arm-none.win32_1.16.0.201807130628/tools/compiler/bin/../lib/gcc/arm-none-eabi/7.2.1/thumb/v7e-m/fpv4-sp/hard\libgcc.a(_aeabi_uldivmod.o)
 .debug_frame   0x00003680       0x34 c:/ac6/systemworkbench/plugins/fr.ac6.mcu.externaltools.arm-none.win32_1.16.0.201807130628/tools/compiler/bin/../lib/gcc/arm-none-eabi/7.2.1/thumb/v7e-m/fpv4-sp/hard\libgcc.a(_udivmoddi4.o)
 .debug_frame   0x000036b4       0x2c c:/ac6/systemworkbench/plugins/fr.ac6.mcu.externaltools.arm-none.win32_1.16.0.201807130628/tools/compiler/bin/../lib/gcc/arm-none-eabi/7.2.1/../../../../arm-none-eabi/lib/thumb/v7e-m/fpv4-sp/hard\libc_nano.a(lib_a-init.o)
 .debug_frame   0x000036e0       0x28 c:/ac6/systemworkbench/plugins/fr.ac6.mcu.externaltools.arm-none.win32_1.16.0.201807130628/tools/compiler/bin/../lib/gcc/arm-none-eabi/7.2.1/../../../../arm-none-eabi/lib/thumb/v7e-m/fpv4-sp/hard\libc_nano.a(lib_a-memcpy-stub.o)
 .debug_frame   0x00003708       0x20 c:/ac6/systemworkbench/plugins/fr.ac6.mcu.externaltools.arm-none.win32_1.16.0.201807130628/tools/compiler/bin/../lib/gcc/arm-none-eabi/7.2.1/../../../../arm-none-eabi/lib/thumb/v7e-m/fpv4-sp/hard\libc_nano.a(lib_a-strcpy.o)
