Archive member included to satisfy reference by file (symbol)

e:/programy/stm32_eclipse/plugins/fr.ac6.mcu.externaltools.arm-none.win32_1.16.0.201807130628/tools/compiler/bin/../lib/gcc/arm-none-eabi/7.2.1/thumb/v7e-m/fpv4-sp/hard\libgcc.a(_arm_addsubdf3.o)
                              Src/STM_MY_LCD16X2.o (__aeabi_ui2d)
e:/programy/stm32_eclipse/plugins/fr.ac6.mcu.externaltools.arm-none.win32_1.16.0.201807130628/tools/compiler/bin/../lib/gcc/arm-none-eabi/7.2.1/thumb/v7e-m/fpv4-sp/hard\libgcc.a(_arm_muldivdf3.o)
                              Src/STM_MY_LCD16X2.o (__aeabi_dmul)
e:/programy/stm32_eclipse/plugins/fr.ac6.mcu.externaltools.arm-none.win32_1.16.0.201807130628/tools/compiler/bin/../lib/gcc/arm-none-eabi/7.2.1/thumb/v7e-m/fpv4-sp/hard\libgcc.a(_arm_fixunsdfsi.o)
                              Src/STM_MY_LCD16X2.o (__aeabi_d2uiz)
e:/programy/stm32_eclipse/plugins/fr.ac6.mcu.externaltools.arm-none.win32_1.16.0.201807130628/tools/compiler/bin/../lib/gcc/arm-none-eabi/7.2.1/thumb/v7e-m/fpv4-sp/hard\libgcc.a(_aeabi_uldivmod.o)
                              Drivers/STM32F4xx_HAL_Driver/Src/stm32f4xx_hal_rcc.o (__aeabi_uldivmod)
e:/programy/stm32_eclipse/plugins/fr.ac6.mcu.externaltools.arm-none.win32_1.16.0.201807130628/tools/compiler/bin/../lib/gcc/arm-none-eabi/7.2.1/thumb/v7e-m/fpv4-sp/hard\libgcc.a(_udivmoddi4.o)
                              e:/programy/stm32_eclipse/plugins/fr.ac6.mcu.externaltools.arm-none.win32_1.16.0.201807130628/tools/compiler/bin/../lib/gcc/arm-none-eabi/7.2.1/thumb/v7e-m/fpv4-sp/hard\libgcc.a(_aeabi_uldivmod.o) (__udivmoddi4)
e:/programy/stm32_eclipse/plugins/fr.ac6.mcu.externaltools.arm-none.win32_1.16.0.201807130628/tools/compiler/bin/../lib/gcc/arm-none-eabi/7.2.1/thumb/v7e-m/fpv4-sp/hard\libgcc.a(_dvmd_tls.o)
                              e:/programy/stm32_eclipse/plugins/fr.ac6.mcu.externaltools.arm-none.win32_1.16.0.201807130628/tools/compiler/bin/../lib/gcc/arm-none-eabi/7.2.1/thumb/v7e-m/fpv4-sp/hard\libgcc.a(_aeabi_uldivmod.o) (__aeabi_ldiv0)
e:/programy/stm32_eclipse/plugins/fr.ac6.mcu.externaltools.arm-none.win32_1.16.0.201807130628/tools/compiler/bin/../lib/gcc/arm-none-eabi/7.2.1/../../../../arm-none-eabi/lib/thumb/v7e-m/fpv4-sp/hard\libc_nano.a(lib_a-exit.o)
                              e:/programy/stm32_eclipse/plugins/fr.ac6.mcu.externaltools.arm-none.win32_1.16.0.201807130628/tools/compiler/bin/../lib/gcc/arm-none-eabi/7.2.1/../../../../arm-none-eabi/lib/thumb/v7e-m/fpv4-sp/hard/crt0.o (exit)
e:/programy/stm32_eclipse/plugins/fr.ac6.mcu.externaltools.arm-none.win32_1.16.0.201807130628/tools/compiler/bin/../lib/gcc/arm-none-eabi/7.2.1/../../../../arm-none-eabi/lib/thumb/v7e-m/fpv4-sp/hard\libc_nano.a(lib_a-impure.o)
                              e:/programy/stm32_eclipse/plugins/fr.ac6.mcu.externaltools.arm-none.win32_1.16.0.201807130628/tools/compiler/bin/../lib/gcc/arm-none-eabi/7.2.1/../../../../arm-none-eabi/lib/thumb/v7e-m/fpv4-sp/hard\libc_nano.a(lib_a-exit.o) (_global_impure_ptr)
e:/programy/stm32_eclipse/plugins/fr.ac6.mcu.externaltools.arm-none.win32_1.16.0.201807130628/tools/compiler/bin/../lib/gcc/arm-none-eabi/7.2.1/../../../../arm-none-eabi/lib/thumb/v7e-m/fpv4-sp/hard\libc_nano.a(lib_a-init.o)
                              e:/programy/stm32_eclipse/plugins/fr.ac6.mcu.externaltools.arm-none.win32_1.16.0.201807130628/tools/compiler/bin/../lib/gcc/arm-none-eabi/7.2.1/../../../../arm-none-eabi/lib/thumb/v7e-m/fpv4-sp/hard/crt0.o (__libc_init_array)
e:/programy/stm32_eclipse/plugins/fr.ac6.mcu.externaltools.arm-none.win32_1.16.0.201807130628/tools/compiler/bin/../lib/gcc/arm-none-eabi/7.2.1/../../../../arm-none-eabi/lib/thumb/v7e-m/fpv4-sp/hard\libc_nano.a(lib_a-memcpy-stub.o)
                              Src/MY_CS43L22.o (memcpy)
e:/programy/stm32_eclipse/plugins/fr.ac6.mcu.externaltools.arm-none.win32_1.16.0.201807130628/tools/compiler/bin/../lib/gcc/arm-none-eabi/7.2.1/../../../../arm-none-eabi/lib/thumb/v7e-m/fpv4-sp/hard\libc_nano.a(lib_a-memset.o)
                              e:/programy/stm32_eclipse/plugins/fr.ac6.mcu.externaltools.arm-none.win32_1.16.0.201807130628/tools/compiler/bin/../lib/gcc/arm-none-eabi/7.2.1/../../../../arm-none-eabi/lib/thumb/v7e-m/fpv4-sp/hard/crt0.o (memset)
e:/programy/stm32_eclipse/plugins/fr.ac6.mcu.externaltools.arm-none.win32_1.16.0.201807130628/tools/compiler/bin/../lib/gcc/arm-none-eabi/7.2.1/../../../../arm-none-eabi/lib/thumb/v7e-m/fpv4-sp/hard\libc_nano.a(lib_a-sprintf.o)
                              Src/STM_MY_LCD16X2.o (sprintf)
e:/programy/stm32_eclipse/plugins/fr.ac6.mcu.externaltools.arm-none.win32_1.16.0.201807130628/tools/compiler/bin/../lib/gcc/arm-none-eabi/7.2.1/../../../../arm-none-eabi/lib/thumb/v7e-m/fpv4-sp/hard\libc_nano.a(lib_a-strcpy.o)
                              Src/main.o (strcpy)
[...]
Memory Configuration

Name             Origin             Length             Attributes
RAM              0x20000000         0x00020000         xrw
CCMRAM           0x10000000         0x00010000         rw
FLASH            0x08000000         0x00100000         xr
*default*        0x00000000         0xffffffff

Linker script and memory map

LOAD e:/programy/stm32_eclipse/plugins/fr.ac6.mcu.externaltools.arm-none.win32_1.16.0.201807130628/tools/compiler/bin/../lib/gcc/arm-none-eabi/7.2.1/thumb/v7e-m/fpv4-sp/hard/crti.o
LOAD e:/programy/stm32_eclipse/plugins/fr.ac6.mcu.externaltools.arm-none.win32_1.16.0.201807130628/tools/compiler/bin/../lib/gcc/arm-none-eabi/7.2.1/thumb/v7e-m/fpv4-sp/hard/crtbegin.o
LOAD e:/programy/stm32_eclipse/plugins/fr.ac6.mcu.externaltools.arm-none.win32_1.16.0.201807130628/tools/compiler/bin/../lib/gcc/arm-none-eabi/7.2.1/../../../../arm-none-eabi/lib/thumb/v7e-m/fpv4-sp/hard/crt0.o
LOAD Drivers/STM32F4xx_HAL_Driver/Src/stm32f4xx_hal.o
LOAD Drivers/STM32F4xx_HAL_Driver/Src/stm32f4xx_hal_adc.o
LOAD Drivers/STM32F4xx_HAL_Driver/Src/stm32f4xx_hal_adc_ex.o
LOAD Drivers/STM32F4xx_HAL_Driver/Src/stm32f4xx_hal_cortex.o
LOAD Drivers/STM32F4xx_HAL_Driver/Src/stm32f4xx_hal_dac.o
LOAD Drivers/STM32F4xx_HAL_Driver/Src/stm32f4xx_hal_dac_ex.o
LOAD Drivers/STM32F4xx_HAL_Driver/Src/stm32f4xx_hal_dma.o
LOAD Drivers/STM32F4xx_HAL_Driver/Src/stm32f4xx_hal_dma_ex.o
LOAD Drivers/STM32F4xx_HAL_Driver/Src/stm32f4xx_hal_flash.o
LOAD Drivers/STM32F4xx_HAL_Driver/Src/stm32f4xx_hal_flash_ex.o
LOAD Drivers/STM32F4xx_HAL_Driver/Src/stm32f4xx_hal_flash_ramfunc.o
LOAD Drivers/STM32F4xx_HAL_Driver/Src/stm32f4xx_hal_gpio.o
LOAD Drivers/STM32F4xx_HAL_Driver/Src/stm32f4xx_hal_i2c.o
LOAD Drivers/STM32F4xx_HAL_Driver/Src/stm32f4xx_hal_i2c_ex.o
LOAD Drivers/STM32F4xx_HAL_Driver/Src/stm32f4xx_hal_i2s.o
LOAD Drivers/STM32F4xx_HAL_Driver/Src/stm32f4xx_hal_i2s_ex.o
LOAD Drivers/STM32F4xx_HAL_Driver/Src/stm32f4xx_hal_pwr.o
LOAD Drivers/STM32F4xx_HAL_Driver/Src/stm32f4xx_hal_pwr_ex.o
LOAD Drivers/STM32F4xx_HAL_Driver/Src/stm32f4xx_hal_rcc.o
LOAD Drivers/STM32F4xx_HAL_Driver/Src/stm32f4xx_hal_rcc_ex.o
LOAD Drivers/STM32F4xx_HAL_Driver/Src/stm32f4xx_hal_spi.o
LOAD Drivers/STM32F4xx_HAL_Driver/Src/stm32f4xx_hal_tim.o
LOAD Drivers/STM32F4xx_HAL_Driver/Src/stm32f4xx_hal_tim_ex.o
LOAD Src/MY_CS43L22.o
LOAD Src/STM_MY_LCD16X2.o
LOAD Src/audio.o
LOAD Src/diskio.o
LOAD Src/ff.o
LOAD Src/ffsystem.o
LOAD Src/ffunicode.o
LOAD Src/main.o
LOAD Src/stm32f4xx_hal_msp.o
LOAD Src/stm32f4xx_it.o
LOAD Src/system_stm32f4xx.o
LOAD startup/startup_stm32f407xx.o
LOAD e:/programy/stm32_eclipse/plugins/fr.ac6.mcu.externaltools.arm-none.win32_1.16.0.201807130628/tools/compiler/bin/../lib/gcc/arm-none-eabi/7.2.1/../../../../arm-none-eabi/lib/thumb/v7e-m/fpv4-sp/hard\libm.a
START GROUP
LOAD e:/programy/stm32_eclipse/plugins/fr.ac6.mcu.externaltools.arm-none.win32_1.16.0.201807130628/tools/compiler/bin/../lib/gcc/arm-none-eabi/7.2.1/thumb/v7e-m/fpv4-sp/hard\libgcc.a
LOAD e:/programy/stm32_eclipse/plugins/fr.ac6.mcu.externaltools.arm-none.win32_1.16.0.201807130628/tools/compiler/bin/../lib/gcc/arm-none-eabi/7.2.1/../../../../arm-none-eabi/lib/thumb/v7e-m/fpv4-sp/hard\libc_nano.a
END GROUP
START GROUP
LOAD e:/programy/stm32_eclipse/plugins/fr.ac6.mcu.externaltools.arm-none.win32_1.16.0.201807130628/tools/compiler/bin/../lib/gcc/arm-none-eabi/7.2.1/thumb/v7e-m/fpv4-sp/hard\libgcc.a
LOAD e:/programy/stm32_eclipse/plugins/fr.ac6.mcu.externaltools.arm-none.win32_1.16.0.201807130628/tools/compiler/bin/../lib/gcc/arm-none-eabi/7.2.1/../../../../arm-none-eabi/lib/thumb/v7e-m/fpv4-sp/hard\libc_nano.a
LOAD e:/programy/stm32_eclipse/plugins/fr.ac6.mcu.externaltools.arm-none.win32_1.16.0.201807130628/tools/compiler/bin/../lib/gcc/arm-none-eabi/7.2.1/../../../../arm-none-eabi/lib/thumb/v7e-m/fpv4-sp/hard\libnosys.a
END GROUP
START GROUP
LOAD e:/programy/stm32_eclipse/plugins/fr.ac6.mcu.externaltools.arm-none.win32_1.16.0.201807130628/tools/compiler/bin/../lib/gcc/arm-none-eabi/7.2.1/thumb/v7e-m/fpv4-sp/hard\libgcc.a
LOAD e:/programy/stm32_eclipse/plugins/fr.ac6.mcu.externaltools.arm-none.win32_1.16.0.201807130628/tools/compiler/bin/../lib/gcc/arm-none-eabi/7.2.1/../../../../arm-none-eabi/lib/thumb/v7e-m/fpv4-sp/hard\libc_nano.a
LOAD e:/programy/stm32_eclipse/plugins/fr.ac6.mcu.externaltools.arm-none.win32_1.16.0.201807130628/tools/compiler/bin/../lib/gcc/arm-none-eabi/7.2.1/../../../../arm-none-eabi/lib/thumb/v7e-m/fpv4-sp/hard\libnosys.a
END GROUP
LOAD e:/programy/stm32_eclipse/plugins/fr.ac6.mcu.externaltools.arm-none.win32_1.16.0.201807130628/tools/compiler/bin/../lib/gcc/arm-none-eabi/7.2.1/thumb/v7e-m/fpv4-sp/hard/crtend.o
LOAD e:/programy/stm32_eclipse/plugins/fr.ac6.mcu.externaltools.arm-none.win32_1.16.0.201807130628/tools/compiler/bin/../lib/gcc/arm-none-eabi/7.2.1/thumb/v7e-m/fpv4-sp/hard/crtn.o
                0x20020000                _estack = 0x20020000
                0x00000200                _Min_Heap_Size = 0x200
                0x00000400                _Min_Stack_Size = 0x400

.isr_vector     0x08000000      0x188
                0x08000000                . = ALIGN (0x4)
 *(.isr_vector)
 .isr_vector    0x08000000      0x188 startup/startup_stm32f407xx.o
                0x08000000                g_pfnVectors
                0x08000188                . = ALIGN (0x4)

.text           0x08000188     0x6c14
                0x08000188                . = ALIGN (0x4)
 *(.text)
 .text          0x08000188       0x40 e:/programy/stm32_eclipse/plugins/fr.ac6.mcu.externaltools.arm-none.win32_1.16.0.201807130628/tools/compiler/bin/../lib/gcc/arm-none-eabi/7.2.1/thumb/v7e-m/fpv4-sp/hard/crtbegin.o
 .text          0x080001c8      0x378 e:/programy/stm32_eclipse/plugins/fr.ac6.mcu.externaltools.arm-none.win32_1.16.0.201807130628/tools/compiler/bin/../lib/gcc/arm-none-eabi/7.2.1/thumb/v7e-m/fpv4-sp/hard\libgcc.a(_arm_addsubdf3.o)
                0x080001c8                __aeabi_drsub
                0x080001d0                __aeabi_dsub
                0x080001d0                __subdf3
                0x080001d4                __aeabi_dadd
                0x080001d4                __adddf3
                0x0800044c                __floatunsidf
                0x0800044c                __aeabi_ui2d
                0x0800046c                __floatsidf
                0x0800046c                __aeabi_i2d
                0x08000490                __aeabi_f2d
                0x08000490                __extendsfdf2
                0x080004d4                __floatundidf
                0x080004d4                __aeabi_ul2d
                0x080004e4                __floatdidf
                0x080004e4                __aeabi_l2d
 .text          0x08000540      0x424 e:/programy/stm32_eclipse/plugins/fr.ac6.mcu.externaltools.arm-none.win32_1.16.0.201807130628/tools/compiler/bin/../lib/gcc/arm-none-eabi/7.2.1/thumb/v7e-m/fpv4-sp/hard\libgcc.a(_arm_muldivdf3.o)
                0x08000540                __aeabi_dmul
                0x08000540                __muldf3
                0x08000794                __divdf3
                0x08000794                __aeabi_ddiv
 .text          0x08000964       0x40 e:/programy/stm32_eclipse/plugins/fr.ac6.mcu.externaltools.arm-none.win32_1.16.0.201807130628/tools/compiler/bin/../lib/gcc/arm-none-eabi/7.2.1/thumb/v7e-m/fpv4-sp/hard\libgcc.a(_arm_fixunsdfsi.o)
                0x08000964                __aeabi_d2uiz
                0x08000964                __fixunsdfsi
 .text          0x080009a4       0x30 e:/programy/stm32_eclipse/plugins/fr.ac6.mcu.externaltools.arm-none.win32_1.16.0.201807130628/tools/compiler/bin/../lib/gcc/arm-none-eabi/7.2.1/thumb/v7e-m/fpv4-sp/hard\libgcc.a(_aeabi_uldivmod.o)
                0x080009a4                __aeabi_uldivmod
 .text          0x080009d4      0x2cc e:/programy/stm32_eclipse/plugins/fr.ac6.mcu.externaltools.arm-none.win32_1.16.0.201807130628/tools/compiler/bin/../lib/gcc/arm-none-eabi/7.2.1/thumb/v7e-m/fpv4-sp/hard\libgcc.a(_udivmoddi4.o)
                0x080009d4                __udivmoddi4
 .text          0x08000ca0        0x4 e:/programy/stm32_eclipse/plugins/fr.ac6.mcu.externaltools.arm-none.win32_1.16.0.201807130628/tools/compiler/bin/../lib/gcc/arm-none-eabi/7.2.1/thumb/v7e-m/fpv4-sp/hard\libgcc.a(_dvmd_tls.o)
                0x08000ca0                __aeabi_idiv0
                0x08000ca0                __aeabi_ldiv0
 *(.text*)
 .text.HAL_InitTick
                0x08000ca4       0x48 Drivers/STM32F4xx_HAL_Driver/Src/stm32f4xx_hal.o
                0x08000ca4                HAL_InitTick
 .text.HAL_Init
                0x08000cec       0x34 Drivers/STM32F4xx_HAL_Driver/Src/stm32f4xx_hal.o
                0x08000cec                HAL_Init
 .text.HAL_IncTick
                0x08000d20       0x18 Drivers/STM32F4xx_HAL_Driver/Src/stm32f4xx_hal.o
                0x08000d20                HAL_IncTick
 .text.HAL_GetTick
                0x08000d38        0xc Drivers/STM32F4xx_HAL_Driver/Src/stm32f4xx_hal.o
                0x08000d38                HAL_GetTick
 .text.HAL_Delay
                0x08000d44       0x28 Drivers/STM32F4xx_HAL_Driver/Src/stm32f4xx_hal.o
                0x08000d44                HAL_Delay
 .text.ADC_Init
                0x08000d6c      0x130 Drivers/STM32F4xx_HAL_Driver/Src/stm32f4xx_hal_adc.o
 .text.HAL_ADC_Init
                0x08000e9c       0x54 Drivers/STM32F4xx_HAL_Driver/Src/stm32f4xx_hal_adc.o
                0x08000e9c                HAL_ADC_Init
 .text.HAL_ADC_Start
                0x08000ef0       0xf8 Drivers/STM32F4xx_HAL_Driver/Src/stm32f4xx_hal_adc.o
                0x08000ef0                HAL_ADC_Start
 .text.HAL_ADC_PollForConversion
                0x08000fe8       0xb6 Drivers/STM32F4xx_HAL_Driver/Src/stm32f4xx_hal_adc.o
                0x08000fe8                HAL_ADC_PollForConversion
 .text.HAL_ADC_GetValue
                0x0800109e        0x6 Drivers/STM32F4xx_HAL_Driver/Src/stm32f4xx_hal_adc.o
                0x0800109e                HAL_ADC_GetValue
 .text.HAL_ADC_ConfigChannel
                0x080010a4      0x190 Drivers/STM32F4xx_HAL_Driver/Src/stm32f4xx_hal_adc.o
                0x080010a4                HAL_ADC_ConfigChannel
 .text.HAL_NVIC_SetPriorityGrouping
                0x08001234       0x24 Drivers/STM32F4xx_HAL_Driver/Src/stm32f4xx_hal_cortex.o
                0x08001234                HAL_NVIC_SetPriorityGrouping
 .text.HAL_NVIC_SetPriority
                0x08001258       0x68 Drivers/STM32F4xx_HAL_Driver/Src/stm32f4xx_hal_cortex.o
                0x08001258                HAL_NVIC_SetPriority
 .text.HAL_NVIC_EnableIRQ
                0x080012c0       0x18 Drivers/STM32F4xx_HAL_Driver/Src/stm32f4xx_hal_cortex.o
                0x080012c0                HAL_NVIC_EnableIRQ
 .text.HAL_SYSTICK_Config
                0x080012d8       0x2c Drivers/STM32F4xx_HAL_Driver/Src/stm32f4xx_hal_cortex.o
                0x080012d8                HAL_SYSTICK_Config
 .text.HAL_SYSTICK_CLKSourceConfig
                0x08001304       0x20 Drivers/STM32F4xx_HAL_Driver/Src/stm32f4xx_hal_cortex.o
                0x08001304                HAL_SYSTICK_CLKSourceConfig
 .text.HAL_SYSTICK_Callback
                0x08001324        0x2 Drivers/STM32F4xx_HAL_Driver/Src/stm32f4xx_hal_cortex.o
                0x08001324                HAL_SYSTICK_Callback
 .text.HAL_SYSTICK_IRQHandler
                0x08001326        0x8 Drivers/STM32F4xx_HAL_Driver/Src/stm32f4xx_hal_cortex.o
                0x08001326                HAL_SYSTICK_IRQHandler
 .text.HAL_DAC_Init
                0x0800132e       0x24 Drivers/STM32F4xx_HAL_Driver/Src/stm32f4xx_hal_dac.o
                0x0800132e                HAL_DAC_Init
 .text.HAL_DAC_Start
                0x08001352       0x6e Drivers/STM32F4xx_HAL_Driver/Src/stm32f4xx_hal_dac.o
                0x08001352                HAL_DAC_Start
 .text.HAL_DAC_ConfigChannel
                0x080013c0       0x4a Drivers/STM32F4xx_HAL_Driver/Src/stm32f4xx_hal_dac.o
                0x080013c0                HAL_DAC_ConfigChannel
 .text.HAL_DAC_SetValue
                0x0800140a       0x2e Drivers/STM32F4xx_HAL_Driver/Src/stm32f4xx_hal_dac.o
                0x0800140a                HAL_DAC_SetValue
 .text.DMA_SetConfig
                0x08001438       0x2c Drivers/STM32F4xx_HAL_Driver/Src/stm32f4xx_hal_dma.o
 .text.DMA_CalcBaseAndBitshift
                0x08001464       0x3c Drivers/STM32F4xx_HAL_Driver/Src/stm32f4xx_hal_dma.o
 .text.DMA_CheckFifoParam
                0x080014a0       0x8e Drivers/STM32F4xx_HAL_Driver/Src/stm32f4xx_hal_dma.o
 *fill*         0x0800152e        0x2 
 .text.HAL_DMA_Init
                0x08001530       0xcc Drivers/STM32F4xx_HAL_Driver/Src/stm32f4xx_hal_dma.o
                0x08001530                HAL_DMA_Init
 .text.HAL_DMA_Start_IT
                0x080015fc       0x74 Drivers/STM32F4xx_HAL_Driver/Src/stm32f4xx_hal_dma.o
                0x080015fc                HAL_DMA_Start_IT
 .text.HAL_DMA_IRQHandler
                0x08001670      0x1dc Drivers/STM32F4xx_HAL_Driver/Src/stm32f4xx_hal_dma.o
                0x08001670                HAL_DMA_IRQHandler
 .text.HAL_GPIO_Init
                0x0800184c      0x1c8 Drivers/STM32F4xx_HAL_Driver/Src/stm32f4xx_hal_gpio.o
                0x0800184c                HAL_GPIO_Init
 .text.HAL_GPIO_WritePin
                0x08001a14        0xc Drivers/STM32F4xx_HAL_Driver/Src/stm32f4xx_hal_gpio.o
                0x08001a14                HAL_GPIO_WritePin
 .text.I2C_IsAcknowledgeFailed
                0x08001a20       0x2a Drivers/STM32F4xx_HAL_Driver/Src/stm32f4xx_hal_i2c.o
 .text.I2C_WaitOnFlagUntilTimeout
                0x08001a4a       0x68 Drivers/STM32F4xx_HAL_Driver/Src/stm32f4xx_hal_i2c.o
 .text.I2C_WaitOnMasterAddressFlagUntilTimeout
                0x08001ab2       0x90 Drivers/STM32F4xx_HAL_Driver/Src/stm32f4xx_hal_i2c.o
 *fill*         0x08001b42        0x2 
 .text.I2C_MasterRequestWrite
                0x08001b44       0xbc Drivers/STM32F4xx_HAL_Driver/Src/stm32f4xx_hal_i2c.o
 .text.I2C_MasterRequestRead
                0x08001c00      0x120 Drivers/STM32F4xx_HAL_Driver/Src/stm32f4xx_hal_i2c.o
 .text.I2C_WaitOnTXEFlagUntilTimeout
                0x08001d20       0x4e Drivers/STM32F4xx_HAL_Driver/Src/stm32f4xx_hal_i2c.o
 .text.I2C_WaitOnBTFFlagUntilTimeout
                0x08001d6e       0x4e Drivers/STM32F4xx_HAL_Driver/Src/stm32f4xx_hal_i2c.o
 .text.I2C_WaitOnRXNEFlagUntilTimeout
                0x08001dbc       0x5c Drivers/STM32F4xx_HAL_Driver/Src/stm32f4xx_hal_i2c.o
 .text.HAL_I2C_Init
                0x08001e18      0x11c Drivers/STM32F4xx_HAL_Driver/Src/stm32f4xx_hal_i2c.o
                0x08001e18                HAL_I2C_Init
 .text.HAL_I2C_Master_Transmit
                0x08001f34      0x184 Drivers/STM32F4xx_HAL_Driver/Src/stm32f4xx_hal_i2c.o
                0x08001f34                HAL_I2C_Master_Transmit
 .text.HAL_I2C_Master_Receive
                0x080020b8      0x2e8 Drivers/STM32F4xx_HAL_Driver/Src/stm32f4xx_hal_i2c.o
                0x080020b8                HAL_I2C_Master_Receive
 .text.HAL_I2S_Transmit_DMA
                0x080023a0       0xbc Drivers/STM32F4xx_HAL_Driver/Src/stm32f4xx_hal_i2s.o
                0x080023a0                HAL_I2S_Transmit_DMA
 .text.HAL_I2S_TxHalfCpltCallback
                0x0800245c        0x2 Drivers/STM32F4xx_HAL_Driver/Src/stm32f4xx_hal_i2s.o
                0x0800245c                HAL_I2S_TxHalfCpltCallback
 .text.I2S_DMATxHalfCplt
                0x0800245e        0xa Drivers/STM32F4xx_HAL_Driver/Src/stm32f4xx_hal_i2s.o
 .text.HAL_I2S_TxCpltCallback
                0x08002468        0x2 Drivers/STM32F4xx_HAL_Driver/Src/stm32f4xx_hal_i2s.o
                0x08002468                HAL_I2S_TxCpltCallback
 .text.I2S_Transmit_IT
                0x0800246a       0x38 Drivers/STM32F4xx_HAL_Driver/Src/stm32f4xx_hal_i2s.o
 .text.I2S_DMATxCplt
                0x080024a2       0x2a Drivers/STM32F4xx_HAL_Driver/Src/stm32f4xx_hal_i2s.o
 .text.HAL_I2S_RxCpltCallback
                0x080024cc        0x2 Drivers/STM32F4xx_HAL_Driver/Src/stm32f4xx_hal_i2s.o
                0x080024cc                HAL_I2S_RxCpltCallback
 .text.I2S_Receive_IT
                0x080024ce       0x38 Drivers/STM32F4xx_HAL_Driver/Src/stm32f4xx_hal_i2s.o
 .text.HAL_I2S_ErrorCallback
                0x08002506        0x2 Drivers/STM32F4xx_HAL_Driver/Src/stm32f4xx_hal_i2s.o
                0x08002506                HAL_I2S_ErrorCallback
 .text.HAL_I2S_Init
                0x08002508      0x194 Drivers/STM32F4xx_HAL_Driver/Src/stm32f4xx_hal_i2s.o
                0x08002508                HAL_I2S_Init
 .text.I2S_IRQHandler
                0x0800269c       0xd8 Drivers/STM32F4xx_HAL_Driver/Src/stm32f4xx_hal_i2s.o
 .text.I2S_DMAError
                0x08002774       0x28 Drivers/STM32F4xx_HAL_Driver/Src/stm32f4xx_hal_i2s.o
 .text.HAL_I2SEx_TxRxCpltCallback
                0x0800279c        0x2 Drivers/STM32F4xx_HAL_Driver/Src/stm32f4xx_hal_i2s_ex.o
                0x0800279c                HAL_I2SEx_TxRxCpltCallback
 *fill*         0x0800279e        0x2 
 .text.I2SEx_FullDuplexTx_IT
                0x080027a0       0xa0 Drivers/STM32F4xx_HAL_Driver/Src/stm32f4xx_hal_i2s_ex.o
 .text.I2SEx_FullDuplexRx_IT
                0x08002840       0xa0 Drivers/STM32F4xx_HAL_Driver/Src/stm32f4xx_hal_i2s_ex.o
 .text.HAL_I2SEx_FullDuplex_IRQHandler
                0x080028e0      0x208 Drivers/STM32F4xx_HAL_Driver/Src/stm32f4xx_hal_i2s_ex.o
                0x080028e0                HAL_I2SEx_FullDuplex_IRQHandler
 .text.HAL_RCC_OscConfig
                0x08002ae8      0x398 Drivers/STM32F4xx_HAL_Driver/Src/stm32f4xx_hal_rcc.o
                0x08002ae8                HAL_RCC_OscConfig
 .text.HAL_RCC_GetSysClockFreq
                0x08002e80       0xd8 Drivers/STM32F4xx_HAL_Driver/Src/stm32f4xx_hal_rcc.o
                0x08002e80                HAL_RCC_GetSysClockFreq
 .text.HAL_RCC_ClockConfig
                0x08002f58      0x158 Drivers/STM32F4xx_HAL_Driver/Src/stm32f4xx_hal_rcc.o
                0x08002f58                HAL_RCC_ClockConfig
 .text.HAL_RCC_GetHCLKFreq
                0x080030b0        0xc Drivers/STM32F4xx_HAL_Driver/Src/stm32f4xx_hal_rcc.o
                0x080030b0                HAL_RCC_GetHCLKFreq
 .text.HAL_RCC_GetPCLK1Freq
                0x080030bc       0x20 Drivers/STM32F4xx_HAL_Driver/Src/stm32f4xx_hal_rcc.o
                0x080030bc                HAL_RCC_GetPCLK1Freq
 .text.HAL_RCC_GetClockConfig
                0x080030dc       0x3c Drivers/STM32F4xx_HAL_Driver/Src/stm32f4xx_hal_rcc.o
                0x080030dc                HAL_RCC_GetClockConfig
 .text.HAL_RCCEx_PeriphCLKConfig
                0x08003118      0x154 Drivers/STM32F4xx_HAL_Driver/Src/stm32f4xx_hal_rcc_ex.o
                0x08003118                HAL_RCCEx_PeriphCLKConfig
 .text.HAL_RCCEx_GetPeriphCLKFreq
                0x0800326c       0x74 Drivers/STM32F4xx_HAL_Driver/Src/stm32f4xx_hal_rcc_ex.o
                0x0800326c                HAL_RCCEx_GetPeriphCLKFreq
 .text.SPI_WaitFlagStateUntilTimeout
                0x080032e0       0x96 Drivers/STM32F4xx_HAL_Driver/Src/stm32f4xx_hal_spi.o
 .text.SPI_CheckFlag_BSY
                0x08003376       0x28 Drivers/STM32F4xx_HAL_Driver/Src/stm32f4xx_hal_spi.o
 .text.HAL_SPI_Init
                0x0800339e       0x80 Drivers/STM32F4xx_HAL_Driver/Src/stm32f4xx_hal_spi.o
                0x0800339e                HAL_SPI_Init
 .text.HAL_SPI_Transmit
                0x0800341e      0x1a6 Drivers/STM32F4xx_HAL_Driver/Src/stm32f4xx_hal_spi.o
                0x0800341e                HAL_SPI_Transmit
 .text.HAL_SPI_TransmitReceive
                0x080035c4      0x238 Drivers/STM32F4xx_HAL_Driver/Src/stm32f4xx_hal_spi.o
                0x080035c4                HAL_SPI_TransmitReceive
 .text.HAL_SPI_GetState
                0x080037fc        0x6 Drivers/STM32F4xx_HAL_Driver/Src/stm32f4xx_hal_spi.o
                0x080037fc                HAL_SPI_GetState
 .text.TIM_TI1_ConfigInputStage
                0x08003802       0x26 Drivers/STM32F4xx_HAL_Driver/Src/stm32f4xx_hal_tim.o
 .text.TIM_TI2_ConfigInputStage
                0x08003828       0x28 Drivers/STM32F4xx_HAL_Driver/Src/stm32f4xx_hal_tim.o
 .text.TIM_ITRx_SetConfig
                0x08003850       0x10 Drivers/STM32F4xx_HAL_Driver/Src/stm32f4xx_hal_tim.o
 .text.TIM_ETR_SetConfig
                0x08003860       0x18 Drivers/STM32F4xx_HAL_Driver/Src/stm32f4xx_hal_tim.o
 .text.HAL_TIM_Base_Start_IT
                0x08003878       0x18 Drivers/STM32F4xx_HAL_Driver/Src/stm32f4xx_hal_tim.o
                0x08003878                HAL_TIM_Base_Start_IT
 .text.HAL_TIM_ConfigClockSource
                0x08003890      0x108 Drivers/STM32F4xx_HAL_Driver/Src/stm32f4xx_hal_tim.o
                0x08003890                HAL_TIM_ConfigClockSource
 .text.HAL_TIM_OC_DelayElapsedCallback
                0x08003998        0x2 Drivers/STM32F4xx_HAL_Driver/Src/stm32f4xx_hal_tim.o
                0x08003998                HAL_TIM_OC_DelayElapsedCallback
 .text.HAL_TIM_IC_CaptureCallback
                0x0800399a        0x2 Drivers/STM32F4xx_HAL_Driver/Src/stm32f4xx_hal_tim.o
                0x0800399a                HAL_TIM_IC_CaptureCallback
 .text.HAL_TIM_PWM_PulseFinishedCallback
                0x0800399c        0x2 Drivers/STM32F4xx_HAL_Driver/Src/stm32f4xx_hal_tim.o
                0x0800399c                HAL_TIM_PWM_PulseFinishedCallback
 .text.HAL_TIM_TriggerCallback
                0x0800399e        0x2 Drivers/STM32F4xx_HAL_Driver/Src/stm32f4xx_hal_tim.o
                0x0800399e                HAL_TIM_TriggerCallback
 .text.HAL_TIM_IRQHandler
                0x080039a0      0x17a Drivers/STM32F4xx_HAL_Driver/Src/stm32f4xx_hal_tim.o
                0x080039a0                HAL_TIM_IRQHandler
 *fill*         0x08003b1a        0x2 
 .text.TIM_Base_SetConfig
                0x08003b1c       0xc0 Drivers/STM32F4xx_HAL_Driver/Src/stm32f4xx_hal_tim.o
                0x08003b1c                TIM_Base_SetConfig
 .text.HAL_TIM_Base_Init
                0x08003bdc       0x32 Drivers/STM32F4xx_HAL_Driver/Src/stm32f4xx_hal_tim.o
                0x08003bdc                HAL_TIM_Base_Init
 .text.HAL_TIM_Encoder_Init
                0x08003c0e       0x98 Drivers/STM32F4xx_HAL_Driver/Src/stm32f4xx_hal_tim.o
                0x08003c0e                HAL_TIM_Encoder_Init
 .text.TIM_CCxChannelCmd
                0x08003ca6       0x1e Drivers/STM32F4xx_HAL_Driver/Src/stm32f4xx_hal_tim.o
                0x08003ca6                TIM_CCxChannelCmd
 .text.HAL_TIM_Encoder_Start
                0x08003cc4       0x44 Drivers/STM32F4xx_HAL_Driver/Src/stm32f4xx_hal_tim.o
                0x08003cc4                HAL_TIM_Encoder_Start
 .text.HAL_TIMEx_MasterConfigSynchronization
                0x08003d08       0x52 Drivers/STM32F4xx_HAL_Driver/Src/stm32f4xx_hal_tim_ex.o
                0x08003d08                HAL_TIMEx_MasterConfigSynchronization
 .text.HAL_TIMEx_CommutationCallback
                0x08003d5a        0x2 Drivers/STM32F4xx_HAL_Driver/Src/stm32f4xx_hal_tim_ex.o
                0x08003d5a                HAL_TIMEx_CommutationCallback
 .text.HAL_TIMEx_BreakCallback
                0x08003d5c        0x2 Drivers/STM32F4xx_HAL_Driver/Src/stm32f4xx_hal_tim_ex.o
                0x08003d5c                HAL_TIMEx_BreakCallback
 *fill*         0x08003d5e        0x2 
 .text.write_register
                0x08003d60       0x24 Src/MY_CS43L22.o
 .text.read_register
                0x08003d84       0x34 Src/MY_CS43L22.o
 .text.CS43_Init
                0x08003db8      0x12c Src/MY_CS43L22.o
                0x08003db8                CS43_Init
 .text.CS43_Enable_RightLeft
                0x08003ee4       0x44 Src/MY_CS43L22.o
                0x08003ee4                CS43_Enable_RightLeft
 .text.CS43_SetVolume
                0x08003f28       0x5c Src/MY_CS43L22.o
                0x08003f28                CS43_SetVolume
 .text.CS43_Start
                0x08003f84       0x6c Src/MY_CS43L22.o
                0x08003f84                CS43_Start
 .text.CS43_Stop
                0x08003ff0       0x18 Src/MY_CS43L22.o
                0x08003ff0                CS43_Stop
 .text.LCD1602_TIM_MicorSecDelay
                0x08004008       0x28 Src/STM_MY_LCD16X2.o
 .text.LCD1602_TIM_Config
                0x08004030       0x88 Src/STM_MY_LCD16X2.o
 .text.LCD1602_RS
                0x080040b8       0x24 Src/STM_MY_LCD16X2.o
 .text.LCD1602_EnablePulse
                0x080040dc       0x2c Src/STM_MY_LCD16X2.o
 .text.LCD1602_write
                0x08004108       0xf0 Src/STM_MY_LCD16X2.o
 .text.LCD1602_writeCommand
                0x080041f8       0x12 Src/STM_MY_LCD16X2.o
 .text.LCD1602_writeData
                0x0800420a       0x12 Src/STM_MY_LCD16X2.o
 .text.LCD1602_write4bitCommand
                0x0800421c       0x48 Src/STM_MY_LCD16X2.o
 .text.LCD1602_Begin4BIT
                0x08004264       0x90 Src/STM_MY_LCD16X2.o
                0x08004264                LCD1602_Begin4BIT
 .text.LCD1602_print
                0x080042f4       0x1c Src/STM_MY_LCD16X2.o
                0x080042f4                LCD1602_print
 .text.LCD1602_setCursor
                0x08004310       0x20 Src/STM_MY_LCD16X2.o
                0x08004310                LCD1602_setCursor
 .text.LCD1602_2ndLine
                0x08004330        0xc Src/STM_MY_LCD16X2.o
                0x08004330                LCD1602_2ndLine
 .text.LCD1602_noCursor
                0x0800433c       0x18 Src/STM_MY_LCD16X2.o
                0x0800433c                LCD1602_noCursor
 .text.LCD1602_clear
                0x08004354       0x10 Src/STM_MY_LCD16X2.o
                0x08004354                LCD1602_clear
 .text.LCD1602_noBlink
                0x08004364       0x18 Src/STM_MY_LCD16X2.o
                0x08004364                LCD1602_noBlink
 .text.power_off
                0x0800437c        0xc Src/diskio.o
 .text.chk_power
                0x08004388        0xc Src/diskio.o
 .text.xmit_spi
                0x08004394       0x2c Src/diskio.o
 .text.rcvr_spi
                0x080043c0       0x40 Src/diskio.o
 .text.power_on
                0x08004400       0x74 Src/diskio.o
 .text.wait_ready
                0x08004474       0x24 Src/diskio.o
 .text.send_cmd
                0x08004498       0x6a Src/diskio.o
 .text.rcvr_spi_m
                0x08004502        0xc Src/diskio.o
 *fill*         0x0800450e        0x2 
 .text.rcvr_datablock
                0x08004510       0x48 Src/diskio.o
 .text.xmit_datablock
                0x08004558       0x70 Src/diskio.o
 .text.disk_initialize
                0x080045c8      0x168 Src/diskio.o
                0x080045c8                disk_initialize
 .text.disk_status
                0x08004730       0x14 Src/diskio.o
                0x08004730                disk_status
 .text.disk_read
                0x08004744       0x8c Src/diskio.o
                0x08004744                disk_read
 .text.disk_write
                0x080047d0       0xb8 Src/diskio.o
                0x080047d0                disk_write
 .text.disk_ioctl
                0x08004888      0x1ac Src/diskio.o
                0x08004888                disk_ioctl
 .text.disk_timerproc
                0x08004a34       0x2c Src/diskio.o
                0x08004a34                disk_timerproc
 .text.sdcard_systick_timerproc
                0x08004a60       0x28 Src/diskio.o
                0x08004a60                sdcard_systick_timerproc
 .text.get_fattime
                0x08004a88        0x8 Src/diskio.o
                0x08004a88                get_fattime
 .text.ld_word  0x08004a90        0xa Src/ff.o
 .text.ld_dword
                0x08004a9a       0x16 Src/ff.o
 .text.st_word  0x08004ab0        0x8 Src/ff.o
 .text.st_dword
                0x08004ab8       0x14 Src/ff.o
 .text.mem_cpy  0x08004acc       0x12 Src/ff.o
 .text.mem_set  0x08004ade        0xa Src/ff.o
 .text.mem_cmp  0x08004ae8       0x1e Src/ff.o
 .text.chk_chr  0x08004b06       0x10 Src/ff.o
 .text.dbc_1st  0x08004b16       0x24 Src/ff.o
 .text.dbc_2nd  0x08004b3a       0x28 Src/ff.o
 .text.clst2sect
                0x08004b62       0x18 Src/ff.o
 .text.ld_clust
                0x08004b7a       0x26 Src/ff.o
 .text.st_clust
                0x08004ba0       0x26 Src/ff.o
 .text.get_fileinfo
                0x08004bc6       0x6e Src/ff.o
 .text.create_name
                0x08004c34       0xfc Src/ff.o
 .text.get_ldnumber
                0x08004d30       0x58 Src/ff.o
 .text.validate
                0x08004d88       0x48 Src/ff.o
 .text.sync_window
                0x08004dd0       0x50 Src/ff.o
 .text.move_window
                0x08004e20       0x34 Src/ff.o
 .text.check_fs
                0x08004e54       0x6c Src/ff.o
 .text.find_volume
                0x08004ec0      0x310 Src/ff.o
 .text.put_fat  0x080051d0      0x10a Src/ff.o
 .text.get_fat  0x080052da       0xd0 Src/ff.o
 .text.dir_sdi  0x080053aa       0xa2 Src/ff.o
 .text.create_chain
                0x0800544c      0x104 Src/ff.o
 .text.remove_chain
                0x08005550       0x88 Src/ff.o
 .text.dir_clear
                0x080055d8       0x52 Src/ff.o
 .text.dir_next
                0x0800562a       0xc6 Src/ff.o
 .text.dir_find
                0x080056f0       0x5a Src/ff.o
 .text.follow_path
                0x0800574a       0x8c Src/ff.o
 .text.dir_alloc
                0x080057d6       0x50 Src/ff.o
 .text.dir_register
                0x08005826       0x3e Src/ff.o
 .text.dir_read
                0x08005864       0x5e Src/ff.o
 *fill*         0x080058c2        0x2 
 .text.sync_fs  0x080058c4       0x8c Src/ff.o
 .text.f_mount  0x08005950       0x50 Src/ff.o
                0x08005950                f_mount
 .text.f_open   0x080059a0      0x1e0 Src/ff.o
                0x080059a0                f_open
 .text.f_read   0x08005b80      0x180 Src/ff.o
                0x08005b80                f_read
 .text.f_sync   0x08005d00       0xa0 Src/ff.o
                0x08005d00                f_sync
 .text.f_close  0x08005da0       0x28 Src/ff.o
                0x08005da0                f_close
 .text.f_lseek  0x08005dc8      0x170 Src/ff.o
                0x08005dc8                f_lseek
 .text.f_opendir
                0x08005f38       0x6e Src/ff.o
                0x08005f38                f_opendir
 .text.f_closedir
                0x08005fa6       0x1a Src/ff.o
                0x08005fa6                f_closedir
 .text.f_readdir
                0x08005fc0       0x4e Src/ff.o
                0x08005fc0                f_readdir
 *fill*         0x0800600e        0x2 
 .text.MX_GPIO_Init
                0x08006010       0xd4 Src/main.o
 .text.MX_DMA_Init
                0x080060e4       0x34 Src/main.o
 .text.list_files
                0x08006118       0x4c Src/main.o
                0x08006118                list_files
 .text.parse_headers
                0x08006164       0x6c Src/main.o
                0x08006164                parse_headers
 .text.volumeChange
                0x080061d0       0xc4 Src/main.o
                0x080061d0                volumeChange
 .text.HAL_TIM_PeriodElapsedCallback
                0x08006294       0xf4 Src/main.o
                0x08006294                HAL_TIM_PeriodElapsedCallback
 .text._Error_Handler
                0x08006388        0x2 Src/main.o
                0x08006388                _Error_Handler
 *fill*         0x0800638a        0x2 
 .text.MX_I2C1_Init
                0x0800638c       0x44 Src/main.o
 .text.MX_I2S3_Init
                0x080063d0       0x40 Src/main.o
 .text.MX_DAC_Init
                0x08006410       0x48 Src/main.o
 .text.MX_TIM2_Init
                0x08006458       0x70 Src/main.o
 .text.MX_SPI1_Init
                0x080064c8       0x4c Src/main.o
 .text.MX_TIM1_Init
                0x08006514       0x6c Src/main.o
 .text.MX_ADC1_Init
                0x08006580       0x70 Src/main.o
 .text.SystemClock_Config
                0x080065f0       0xe8 Src/main.o
                0x080065f0                SystemClock_Config
 .text.main     0x080066d8      0x23c Src/main.o
                0x080066d8                main
 .text.HAL_MspInit
                0x08006914       0x94 Src/stm32f4xx_hal_msp.o
                0x08006914                HAL_MspInit
 .text.HAL_ADC_MspInit
                0x080069a8       0x48 Src/stm32f4xx_hal_msp.o
                0x080069a8                HAL_ADC_MspInit
 .text.HAL_DAC_MspInit
                0x080069f0       0x48 Src/stm32f4xx_hal_msp.o
                0x080069f0                HAL_DAC_MspInit
 .text.HAL_I2C_MspInit
                0x08006a38       0x58 Src/stm32f4xx_hal_msp.o
                0x08006a38                HAL_I2C_MspInit
 .text.HAL_I2S_MspInit
                0x08006a90       0xc4 Src/stm32f4xx_hal_msp.o
                0x08006a90                HAL_I2S_MspInit
 .text.HAL_SPI_MspInit
                0x08006b54       0x50 Src/stm32f4xx_hal_msp.o
                0x08006b54                HAL_SPI_MspInit
 .text.HAL_TIM_Encoder_MspInit
                0x08006ba4       0x54 Src/stm32f4xx_hal_msp.o
                0x08006ba4                HAL_TIM_Encoder_MspInit
 .text.HAL_TIM_Base_MspInit
                0x08006bf8       0x3c Src/stm32f4xx_hal_msp.o
                0x08006bf8                HAL_TIM_Base_MspInit
 .text.NMI_Handler
                0x08006c34        0x2 Src/stm32f4xx_it.o
                0x08006c34                NMI_Handler
 .text.HardFault_Handler
                0x08006c36        0x2 Src/stm32f4xx_it.o
                0x08006c36                HardFault_Handler
 .text.MemManage_Handler
                0x08006c38        0x2 Src/stm32f4xx_it.o
                0x08006c38                MemManage_Handler
 .text.BusFault_Handler
                0x08006c3a        0x2 Src/stm32f4xx_it.o
                0x08006c3a                BusFault_Handler
 .text.UsageFault_Handler
                0x08006c3c        0x2 Src/stm32f4xx_it.o
                0x08006c3c                UsageFault_Handler
 .text.SVC_Handler
                0x08006c3e        0x2 Src/stm32f4xx_it.o
                0x08006c3e                SVC_Handler
 .text.DebugMon_Handler
                0x08006c40        0x2 Src/stm32f4xx_it.o
                0x08006c40                DebugMon_Handler
 .text.PendSV_Handler
                0x08006c42        0x2 Src/stm32f4xx_it.o
                0x08006c42                PendSV_Handler
 .text.SysTick_Handler
                0x08006c44       0x10 Src/stm32f4xx_it.o
                0x08006c44                SysTick_Handler
 .text.DMA1_Stream5_IRQHandler
                0x08006c54       0x10 Src/stm32f4xx_it.o
                0x08006c54                DMA1_Stream5_IRQHandler
 .text.TIM2_IRQHandler
                0x08006c64       0x10 Src/stm32f4xx_it.o
                0x08006c64                TIM2_IRQHandler
 .text.SystemInit
                0x08006c74       0x4c Src/system_stm32f4xx.o
                0x08006c74                SystemInit
 .text.Reset_Handler
                0x08006cc0       0x50 startup/startup_stm32f407xx.o
                0x08006cc0                Reset_Handler
 .text.Default_Handler
                0x08006d10        0x2 startup/startup_stm32f407xx.o
                0x08006d10                RTC_Alarm_IRQHandler
                0x08006d10                HASH_RNG_IRQHandler
                0x08006d10                EXTI2_IRQHandler
                0x08006d10                TIM8_CC_IRQHandler
                0x08006d10                TIM1_CC_IRQHandler
                0x08006d10                DMA2_Stream5_IRQHandler
                0x08006d10                PVD_IRQHandler
                0x08006d10                SDIO_IRQHandler
                0x08006d10                TAMP_STAMP_IRQHandler
                0x08006d10                CAN2_RX1_IRQHandler
                0x08006d10                EXTI3_IRQHandler
                0x08006d10                TIM8_TRG_COM_TIM14_IRQHandler
                0x08006d10                TIM1_UP_TIM10_IRQHandler
                0x08006d10                TIM8_UP_TIM13_IRQHandler
                0x08006d10                I2C3_ER_IRQHandler
                0x08006d10                EXTI0_IRQHandler
                0x08006d10                I2C2_EV_IRQHandler
                0x08006d10                DMA1_Stream2_IRQHandler
                0x08006d10                CAN1_RX0_IRQHandler
                0x08006d10                FPU_IRQHandler
                0x08006d10                OTG_HS_WKUP_IRQHandler
                0x08006d10                CAN2_SCE_IRQHandler
                0x08006d10                DMA2_Stream2_IRQHandler
                0x08006d10                SPI1_IRQHandler
                0x08006d10                TIM6_DAC_IRQHandler
                0x08006d10                TIM1_BRK_TIM9_IRQHandler
                0x08006d10                DCMI_IRQHandler
                0x08006d10                CAN2_RX0_IRQHandler
                0x08006d10                DMA2_Stream3_IRQHandler
                0x08006d10                USART6_IRQHandler
                0x08006d10                USART3_IRQHandler
                0x08006d10                CAN1_RX1_IRQHandler
                0x08006d10                UART5_IRQHandler
                0x08006d10                DMA2_Stream0_IRQHandler
                0x08006d10                TIM4_IRQHandler
                0x08006d10                I2C1_EV_IRQHandler
                0x08006d10                DMA1_Stream6_IRQHandler
                0x08006d10                DMA1_Stream1_IRQHandler
                0x08006d10                UART4_IRQHandler
                0x08006d10                TIM3_IRQHandler
                0x08006d10                RCC_IRQHandler
                0x08006d10                TIM8_BRK_TIM12_IRQHandler
                0x08006d10                Default_Handler
                0x08006d10                EXTI15_10_IRQHandler
                0x08006d10                ADC_IRQHandler
                0x08006d10                DMA1_Stream7_IRQHandler
                0x08006d10                TIM7_IRQHandler
                0x08006d10                CAN2_TX_IRQHandler
                0x08006d10                TIM5_IRQHandler
                0x08006d10                DMA2_Stream7_IRQHandler
                0x08006d10                I2C3_EV_IRQHandler
                0x08006d10                EXTI9_5_IRQHandler
                0x08006d10                RTC_WKUP_IRQHandler
                0x08006d10                ETH_WKUP_IRQHandler
                0x08006d10                SPI2_IRQHandler
                0x08006d10                OTG_HS_EP1_IN_IRQHandler
                0x08006d10                DMA1_Stream0_IRQHandler
                0x08006d10                CAN1_TX_IRQHandler
                0x08006d10                EXTI4_IRQHandler
                0x08006d10                FSMC_IRQHandler
                0x08006d10                ETH_IRQHandler
                0x08006d10                OTG_HS_EP1_OUT_IRQHandler
                0x08006d10                WWDG_IRQHandler
                0x08006d10                OTG_FS_WKUP_IRQHandler
                0x08006d10                TIM1_TRG_COM_TIM11_IRQHandler
                0x08006d10                OTG_HS_IRQHandler
                0x08006d10                EXTI1_IRQHandler
                0x08006d10                USART2_IRQHandler
                0x08006d10                I2C2_ER_IRQHandler
                0x08006d10                DMA2_Stream1_IRQHandler
                0x08006d10                CAN1_SCE_IRQHandler
                0x08006d10                FLASH_IRQHandler
                0x08006d10                DMA2_Stream4_IRQHandler
                0x08006d10                USART1_IRQHandler
                0x08006d10                OTG_FS_IRQHandler
                0x08006d10                SPI3_IRQHandler
                0x08006d10                DMA1_Stream4_IRQHandler
                0x08006d10                I2C1_ER_IRQHandler
                0x08006d10                DMA2_Stream6_IRQHandler
                0x08006d10                DMA1_Stream3_IRQHandler
 *fill*         0x08006d12        0x2 
 .text.__libc_init_array
                0x08006d14       0x48 e:/programy/stm32_eclipse/plugins/fr.ac6.mcu.externaltools.arm-none.win32_1.16.0.201807130628/tools/compiler/bin/../lib/gcc/arm-none-eabi/7.2.1/../../../../arm-none-eabi/lib/thumb/v7e-m/fpv4-sp/hard\libc_nano.a(lib_a-init.o)
                0x08006d14                __libc_init_array
 .text.memcpy   0x08006d5c       0x16 e:/programy/stm32_eclipse/plugins/fr.ac6.mcu.externaltools.arm-none.win32_1.16.0.201807130628/tools/compiler/bin/../lib/gcc/arm-none-eabi/7.2.1/../../../../arm-none-eabi/lib/thumb/v7e-m/fpv4-sp/hard\libc_nano.a(lib_a-memcpy-stub.o)
                0x08006d5c                memcpy
 .text.strcpy   0x08006d72       0x10 e:/programy/stm32_eclipse/plugins/fr.ac6.mcu.externaltools.arm-none.win32_1.16.0.201807130628/tools/compiler/bin/../lib/gcc/arm-none-eabi/7.2.1/../../../../arm-none-eabi/lib/thumb/v7e-m/fpv4-sp/hard\libc_nano.a(lib_a-strcpy.o)
                0x08006d72                strcpy
 *(.glue_7)
 .glue_7        0x08006d82        0x0 linker stubs
 *(.glue_7t)
 .glue_7t       0x08006d82        0x0 linker stubs
 *(.eh_frame)
 *fill*         0x08006d82        0x2 
 .eh_frame      0x08006d84        0x0 e:/programy/stm32_eclipse/plugins/fr.ac6.mcu.externaltools.arm-none.win32_1.16.0.201807130628/tools/compiler/bin/../lib/gcc/arm-none-eabi/7.2.1/thumb/v7e-m/fpv4-sp/hard/crtbegin.o
 *(.init)
 .init          0x08006d84        0x4 e:/programy/stm32_eclipse/plugins/fr.ac6.mcu.externaltools.arm-none.win32_1.16.0.201807130628/tools/compiler/bin/../lib/gcc/arm-none-eabi/7.2.1/thumb/v7e-m/fpv4-sp/hard/crti.o
                0x08006d84                _init
 .init          0x08006d88        0x8 e:/programy/stm32_eclipse/plugins/fr.ac6.mcu.externaltools.arm-none.win32_1.16.0.201807130628/tools/compiler/bin/../lib/gcc/arm-none-eabi/7.2.1/thumb/v7e-m/fpv4-sp/hard/crtn.o
 *(.fini)
 .fini          0x08006d90        0x4 e:/programy/stm32_eclipse/plugins/fr.ac6.mcu.externaltools.arm-none.win32_1.16.0.201807130628/tools/compiler/bin/../lib/gcc/arm-none-eabi/7.2.1/thumb/v7e-m/fpv4-sp/hard/crti.o
                0x08006d90                _fini
 .fini          0x08006d94        0x8 e:/programy/stm32_eclipse/plugins/fr.ac6.mcu.externaltools.arm-none.win32_1.16.0.201807130628/tools/compiler/bin/../lib/gcc/arm-none-eabi/7.2.1/thumb/v7e-m/fpv4-sp/hard/crtn.o
                0x08006d9c                . = ALIGN (0x4)
                0x08006d9c                _etext = .

.vfp11_veneer   0x08006d9c        0x0
 .vfp11_veneer  0x08006d9c        0x0 linker stubs

.v4_bx          0x08006d9c        0x0
 .v4_bx         0x08006d9c        0x0 linker stubs

.iplt           0x08006d9c        0x0
 .iplt          0x08006d9c        0x0 e:/programy/stm32_eclipse/plugins/fr.ac6.mcu.externaltools.arm-none.win32_1.16.0.201807130628/tools/compiler/bin/../lib/gcc/arm-none-eabi/7.2.1/thumb/v7e-m/fpv4-sp/hard/crtbegin.o

.rodata         0x08006d9c       0x70
                0x08006d9c                . = ALIGN (0x4)
 *(.rodata)
 .rodata        0x08006d9c        0x8 Drivers/STM32F4xx_HAL_Driver/Src/stm32f4xx_hal_dma.o
 .rodata        0x08006da4       0x18 Src/system_stm32f4xx.o
                0x08006da4                AHBPrescTable
                0x08006db4                APBPrescTable
 *(.rodata*)
 .rodata.str1.4
                0x08006dbc       0x1a Src/ff.o
 *fill*         0x08006dd6        0x2 
 .rodata.str1.4
                0x08006dd8       0x15 Src/main.o
 *fill*         0x08006ded        0x3 
 .rodata.str1.4
                0x08006df0       0x1c Src/stm32f4xx_hal_msp.o
                                 0x1b (size before relaxing)
                0x08006e0c                . = ALIGN (0x4)

.ARM.extab
 *(.ARM.extab* .gnu.linkonce.armextab.*)

.ARM            0x08006e0c        0x8
                0x08006e0c                __exidx_start = .
 *(.ARM.exidx*)
 .ARM.exidx     0x08006e0c        0x8 e:/programy/stm32_eclipse/plugins/fr.ac6.mcu.externaltools.arm-none.win32_1.16.0.201807130628/tools/compiler/bin/../lib/gcc/arm-none-eabi/7.2.1/thumb/v7e-m/fpv4-sp/hard\libgcc.a(_udivmoddi4.o)
                0x08006e14                __exidx_end = .

.rel.dyn        0x08006e14        0x0
 .rel.iplt      0x08006e14        0x0 e:/programy/stm32_eclipse/plugins/fr.ac6.mcu.externaltools.arm-none.win32_1.16.0.201807130628/tools/compiler/bin/../lib/gcc/arm-none-eabi/7.2.1/thumb/v7e-m/fpv4-sp/hard/crtbegin.o

.preinit_array  0x08006e14        0x0
                0x08006e14                PROVIDE (__preinit_array_start, .)
 *(.preinit_array*)
                0x08006e14                PROVIDE (__preinit_array_end, .)

.init_array     0x08006e14        0x4
                0x08006e14                PROVIDE (__init_array_start, .)
 *(SORT_BY_NAME(.init_array.*))
 *(.init_array*)
 .init_array    0x08006e14        0x4 e:/programy/stm32_eclipse/plugins/fr.ac6.mcu.externaltools.arm-none.win32_1.16.0.201807130628/tools/compiler/bin/../lib/gcc/arm-none-eabi/7.2.1/thumb/v7e-m/fpv4-sp/hard/crtbegin.o
                0x08006e18                PROVIDE (__init_array_end, .)

.fini_array     0x08006e18        0x4
                [!provide]                PROVIDE (__fini_array_start, .)
 *(SORT_BY_NAME(.fini_array.*))
 *(.fini_array*)
 .fini_array    0x08006e18        0x4 e:/programy/stm32_eclipse/plugins/fr.ac6.mcu.externaltools.arm-none.win32_1.16.0.201807130628/tools/compiler/bin/../lib/gcc/arm-none-eabi/7.2.1/thumb/v7e-m/fpv4-sp/hard/crtbegin.o
                [!provide]                PROVIDE (__fini_array_end, .)
                0x08006e1c                _sidata = LOADADDR (.data)

.data           0x20000000       0x14 load address 0x08006e1c
                0x20000000                . = ALIGN (0x4)
                0x20000000                _sdata = .
 *(.data)
 .data          0x20000000        0x8 Drivers/STM32F4xx_HAL_Driver/Src/stm32f4xx_hal.o
                0x20000000                uwTickFreq
                0x20000004                uwTickPrio
 .data          0x20000008        0x3 Src/STM_MY_LCD16X2.o
 .data          0x2000000b        0x1 Src/diskio.o
 .data          0x2000000c        0x4 Src/main.o
                0x2000000c                timPosBuffer
                0x2000000e                posBuffer
 .data          0x20000010        0x4 Src/system_stm32f4xx.o
                0x20000010                SystemCoreClock
 *(.data*)
                0x20000014                . = ALIGN (0x4)
                0x20000014                _edata = .
                0x08006e30                _siccmram = LOADADDR (.ccmram)

.igot.plt       0x20000014        0x0 load address 0x08006e30
 .igot.plt      0x20000014        0x0 e:/programy/stm32_eclipse/plugins/fr.ac6.mcu.externaltools.arm-none.win32_1.16.0.201807130628/tools/compiler/bin/../lib/gcc/arm-none-eabi/7.2.1/thumb/v7e-m/fpv4-sp/hard/crtbegin.o

.ccmram         0x10000000        0x0 load address 0x08006e30
                0x10000000                . = ALIGN (0x4)
                0x10000000                _sccmram = .
 *(.ccmram)
 *(.ccmram*)
                0x10000000                . = ALIGN (0x4)
                0x10000000                _eccmram = .
                0x10000000                . = ALIGN (0x4)

.bss            0x20000014    0x10f6c
                0x20000014                _sbss = .
                0x20000014                __bss_start__ = _sbss
 *(.bss)
 .bss           0x20000014       0x1c e:/programy/stm32_eclipse/plugins/fr.ac6.mcu.externaltools.arm-none.win32_1.16.0.201807130628/tools/compiler/bin/../lib/gcc/arm-none-eabi/7.2.1/thumb/v7e-m/fpv4-sp/hard/crtbegin.o
 .bss           0x20000030       0x58 Src/MY_CS43L22.o
 .bss           0x20000088       0x22 Src/STM_MY_LCD16X2.o
 .bss           0x200000aa        0x4 Src/diskio.o
 *fill*         0x200000ae        0x2 
 .bss           0x200000b0        0x6 Src/ff.o
 *fill*         0x200000b6        0x2 
 .bss           0x200000b8      0x248 Src/main.o
                0x200000b8                flag2
                0x200000bc                s
                0x200000c0                ofs
                0x200002f4                flag
                0x200002f8                i
                0x200002fc                x
 *(.bss*)
 *(COMMON)
 COMMON         0x20000300        0x4 Drivers/STM32F4xx_HAL_Driver/Src/stm32f4xx_hal.o
                0x20000300                uwTick
 COMMON         0x20000304        0x2 Src/diskio.o
                0x20000304                sdcard_timer
 *fill*         0x20000306        0x2 
 COMMON         0x20000308    0x10c78 Src/main.o
                0x20000308                song_list
                0x20010308                hi2c1
                0x2001035c                volumeHasChanged
                0x20010360                potentiometerValue
                0x20010362                position
                0x20010364                wavBuffer1
                0x20010564                hdma_spi3_tx
                0x200105c4                file
                0x200107ec                hadc1
                0x20010834                volumeLVL
                0x20010844                data_sizes
                0x20010c44                bytes_read
                0x20010c48                hdac
                0x20010c5c                pulse_count
                0x20010c60                htim1
                0x20010c9c                buffer4
                0x20010ca0                fresult
                0x20010ca4                hspi1
                0x20010cfc                htim2
                0x20010d38                wavBuffer2
                0x20010f38                hi2s3
                0x20010f80                . = ALIGN (0x4)
                0x20010f80                _ebss = .
                0x20010f80                __bss_end__ = _ebss

._user_heap_stack
                0x20010f80      0x600
                0x20010f80                . = ALIGN (0x8)
                0x20010f80                PROVIDE (end, .)
                [!provide]                PROVIDE (_end, .)
                0x20011180                . = (. + _Min_Heap_Size)
 *fill*         0x20010f80      0x200 
                0x20011580                . = (. + _Min_Stack_Size)
 *fill*         0x20011180      0x400 
                0x20011580                . = ALIGN (0x8)

/DISCARD/
 libc.a(*)
 libm.a(*)
 libgcc.a(*)

.ARM.attributes
                0x00000000       0x30
 *(.ARM.attributes)
 .ARM.attributes
                0x00000000       0x22 e:/programy/stm32_eclipse/plugins/fr.ac6.mcu.externaltools.arm-none.win32_1.16.0.201807130628/tools/compiler/bin/../lib/gcc/arm-none-eabi/7.2.1/thumb/v7e-m/fpv4-sp/hard/crti.o
 .ARM.attributes
                0x00000022       0x34 e:/programy/stm32_eclipse/plugins/fr.ac6.mcu.externaltools.arm-none.win32_1.16.0.201807130628/tools/compiler/bin/../lib/gcc/arm-none-eabi/7.2.1/thumb/v7e-m/fpv4-sp/hard/crtbegin.o
 .ARM.attributes
                0x00000056       0x39 Drivers/STM32F4xx_HAL_Driver/Src/stm32f4xx_hal.o
 .ARM.attributes
                0x0000008f       0x39 Drivers/STM32F4xx_HAL_Driver/Src/stm32f4xx_hal_adc.o
 .ARM.attributes
                0x000000c8       0x39 Drivers/STM32F4xx_HAL_Driver/Src/stm32f4xx_hal_cortex.o
 .ARM.attributes
                0x00000101       0x39 Drivers/STM32F4xx_HAL_Driver/Src/stm32f4xx_hal_dac.o
 .ARM.attributes
                0x0000013a       0x39 Drivers/STM32F4xx_HAL_Driver/Src/stm32f4xx_hal_dma.o
 .ARM.attributes
                0x00000173       0x39 Drivers/STM32F4xx_HAL_Driver/Src/stm32f4xx_hal_gpio.o
 .ARM.attributes
                0x000001ac       0x39 Drivers/STM32F4xx_HAL_Driver/Src/stm32f4xx_hal_i2c.o
 .ARM.attributes
                0x000001e5       0x39 Drivers/STM32F4xx_HAL_Driver/Src/stm32f4xx_hal_i2s.o
 .ARM.attributes
                0x0000021e       0x39 Drivers/STM32F4xx_HAL_Driver/Src/stm32f4xx_hal_i2s_ex.o
 .ARM.attributes
                0x00000257       0x39 Drivers/STM32F4xx_HAL_Driver/Src/stm32f4xx_hal_rcc.o
 .ARM.attributes
                0x00000290       0x39 Drivers/STM32F4xx_HAL_Driver/Src/stm32f4xx_hal_rcc_ex.o
 .ARM.attributes
                0x000002c9       0x39 Drivers/STM32F4xx_HAL_Driver/Src/stm32f4xx_hal_spi.o
 .ARM.attributes
                0x00000302       0x39 Drivers/STM32F4xx_HAL_Driver/Src/stm32f4xx_hal_tim.o
 .ARM.attributes
                0x0000033b       0x39 Drivers/STM32F4xx_HAL_Driver/Src/stm32f4xx_hal_tim_ex.o
 .ARM.attributes
                0x00000374       0x39 Src/MY_CS43L22.o
 .ARM.attributes
                0x000003ad       0x39 Src/STM_MY_LCD16X2.o
 .ARM.attributes
                0x000003e6       0x39 Src/diskio.o
 .ARM.attributes
                0x0000041f       0x39 Src/ff.o
 .ARM.attributes
                0x00000458       0x39 Src/main.o
 .ARM.attributes
                0x00000491       0x39 Src/stm32f4xx_hal_msp.o
 .ARM.attributes
                0x000004ca       0x39 Src/stm32f4xx_it.o
 .ARM.attributes
                0x00000503       0x39 Src/system_stm32f4xx.o
 .ARM.attributes
                0x0000053c       0x21 startup/startup_stm32f407xx.o
 .ARM.attributes
                0x0000055d       0x22 e:/programy/stm32_eclipse/plugins/fr.ac6.mcu.externaltools.arm-none.win32_1.16.0.201807130628/tools/compiler/bin/../lib/gcc/arm-none-eabi/7.2.1/thumb/v7e-m/fpv4-sp/hard\libgcc.a(_arm_addsubdf3.o)
 .ARM.attributes
                0x0000057f       0x22 e:/programy/stm32_eclipse/plugins/fr.ac6.mcu.externaltools.arm-none.win32_1.16.0.201807130628/tools/compiler/bin/../lib/gcc/arm-none-eabi/7.2.1/thumb/v7e-m/fpv4-sp/hard\libgcc.a(_arm_muldivdf3.o)
 .ARM.attributes
                0x000005a1       0x22 e:/programy/stm32_eclipse/plugins/fr.ac6.mcu.externaltools.arm-none.win32_1.16.0.201807130628/tools/compiler/bin/../lib/gcc/arm-none-eabi/7.2.1/thumb/v7e-m/fpv4-sp/hard\libgcc.a(_arm_fixunsdfsi.o)
 .ARM.attributes
                0x000005c3       0x22 e:/programy/stm32_eclipse/plugins/fr.ac6.mcu.externaltools.arm-none.win32_1.16.0.201807130628/tools/compiler/bin/../lib/gcc/arm-none-eabi/7.2.1/thumb/v7e-m/fpv4-sp/hard\libgcc.a(_aeabi_uldivmod.o)
 .ARM.attributes
                0x000005e5       0x34 e:/programy/stm32_eclipse/plugins/fr.ac6.mcu.externaltools.arm-none.win32_1.16.0.201807130628/tools/compiler/bin/../lib/gcc/arm-none-eabi/7.2.1/thumb/v7e-m/fpv4-sp/hard\libgcc.a(_udivmoddi4.o)
 .ARM.attributes
                0x00000619       0x22 e:/programy/stm32_eclipse/plugins/fr.ac6.mcu.externaltools.arm-none.win32_1.16.0.201807130628/tools/compiler/bin/../lib/gcc/arm-none-eabi/7.2.1/thumb/v7e-m/fpv4-sp/hard\libgcc.a(_dvmd_tls.o)
 .ARM.attributes
                0x0000063b       0x34 e:/programy/stm32_eclipse/plugins/fr.ac6.mcu.externaltools.arm-none.win32_1.16.0.201807130628/tools/compiler/bin/../lib/gcc/arm-none-eabi/7.2.1/../../../../arm-none-eabi/lib/thumb/v7e-m/fpv4-sp/hard\libc_nano.a(lib_a-init.o)
 .ARM.attributes
                0x0000066f       0x34 e:/programy/stm32_eclipse/plugins/fr.ac6.mcu.externaltools.arm-none.win32_1.16.0.201807130628/tools/compiler/bin/../lib/gcc/arm-none-eabi/7.2.1/../../../../arm-none-eabi/lib/thumb/v7e-m/fpv4-sp/hard\libc_nano.a(lib_a-memcpy-stub.o)
 .ARM.attributes
                0x000006a3       0x34 e:/programy/stm32_eclipse/plugins/fr.ac6.mcu.externaltools.arm-none.win32_1.16.0.201807130628/tools/compiler/bin/../lib/gcc/arm-none-eabi/7.2.1/../../../../arm-none-eabi/lib/thumb/v7e-m/fpv4-sp/hard\libc_nano.a(lib_a-strcpy.o)
 .ARM.attributes
                0x000006d7       0x22 e:/programy/stm32_eclipse/plugins/fr.ac6.mcu.externaltools.arm-none.win32_1.16.0.201807130628/tools/compiler/bin/../lib/gcc/arm-none-eabi/7.2.1/thumb/v7e-m/fpv4-sp/hard/crtn.o
OUTPUT(i2s.elf elf32-littlearm)

.debug_info     0x00000000    0x25a46
 .debug_info    0x00000000     0x11d9 Drivers/STM32F4xx_HAL_Driver/Src/stm32f4xx_hal.o
 .debug_info    0x000011d9     0x15e9 Drivers/STM32F4xx_HAL_Driver/Src/stm32f4xx_hal_adc.o
 .debug_info    0x000027c2     0x1755 Drivers/STM32F4xx_HAL_Driver/Src/stm32f4xx_hal_cortex.o
 .debug_info    0x00003f17     0x12f3 Drivers/STM32F4xx_HAL_Driver/Src/stm32f4xx_hal_dac.o
 .debug_info    0x0000520a     0x127b Drivers/STM32F4xx_HAL_Driver/Src/stm32f4xx_hal_dma.o
 .debug_info    0x00006485      0xf93 Drivers/STM32F4xx_HAL_Driver/Src/stm32f4xx_hal_gpio.o
 .debug_info    0x00007418     0x36da Drivers/STM32F4xx_HAL_Driver/Src/stm32f4xx_hal_i2c.o
 .debug_info    0x0000aaf2     0x17ef Drivers/STM32F4xx_HAL_Driver/Src/stm32f4xx_hal_i2s.o
 .debug_info    0x0000c2e1     0x15fa Drivers/STM32F4xx_HAL_Driver/Src/stm32f4xx_hal_i2s_ex.o
 .debug_info    0x0000d8db     0x125b Drivers/STM32F4xx_HAL_Driver/Src/stm32f4xx_hal_rcc.o
 .debug_info    0x0000eb36      0xe8b Drivers/STM32F4xx_HAL_Driver/Src/stm32f4xx_hal_rcc_ex.o
 .debug_info    0x0000f9c1     0x2207 Drivers/STM32F4xx_HAL_Driver/Src/stm32f4xx_hal_spi.o
 .debug_info    0x00011bc8     0x368f Drivers/STM32F4xx_HAL_Driver/Src/stm32f4xx_hal_tim.o
 .debug_info    0x00015257     0x1b25 Drivers/STM32F4xx_HAL_Driver/Src/stm32f4xx_hal_tim_ex.o
 .debug_info    0x00016d7c     0x16b3 Src/MY_CS43L22.o
 .debug_info    0x0001842f     0x19e0 Src/STM_MY_LCD16X2.o
 .debug_info    0x00019e0f     0x18e7 Src/diskio.o
 .debug_info    0x0001b6f6     0x2d24 Src/ff.o
 .debug_info    0x0001e41a     0x35ca Src/main.o
 .debug_info    0x000219e4     0x23c7 Src/stm32f4xx_hal_msp.o
 .debug_info    0x00023dab      0xf50 Src/stm32f4xx_it.o
 .debug_info    0x00024cfb      0xd29 Src/system_stm32f4xx.o
 .debug_info    0x00025a24       0x22 startup/startup_stm32f407xx.o

.debug_abbrev   0x00000000     0x3fd6
 .debug_abbrev  0x00000000      0x2e5 Drivers/STM32F4xx_HAL_Driver/Src/stm32f4xx_hal.o
 .debug_abbrev  0x000002e5      0x2cf Drivers/STM32F4xx_HAL_Driver/Src/stm32f4xx_hal_adc.o
 .debug_abbrev  0x000005b4      0x3d6 Drivers/STM32F4xx_HAL_Driver/Src/stm32f4xx_hal_cortex.o
 .debug_abbrev  0x0000098a      0x2d7 Drivers/STM32F4xx_HAL_Driver/Src/stm32f4xx_hal_dac.o
 .debug_abbrev  0x00000c61      0x32a Drivers/STM32F4xx_HAL_Driver/Src/stm32f4xx_hal_dma.o
 .debug_abbrev  0x00000f8b      0x2a7 Drivers/STM32F4xx_HAL_Driver/Src/stm32f4xx_hal_gpio.o
 .debug_abbrev  0x00001232      0x2fb Drivers/STM32F4xx_HAL_Driver/Src/stm32f4xx_hal_i2c.o
 .debug_abbrev  0x0000152d      0x32c Drivers/STM32F4xx_HAL_Driver/Src/stm32f4xx_hal_i2s.o
 .debug_abbrev  0x00001859      0x31d Drivers/STM32F4xx_HAL_Driver/Src/stm32f4xx_hal_i2s_ex.o
 .debug_abbrev  0x00001b76      0x333 Drivers/STM32F4xx_HAL_Driver/Src/stm32f4xx_hal_rcc.o
 .debug_abbrev  0x00001ea9      0x27b Drivers/STM32F4xx_HAL_Driver/Src/stm32f4xx_hal_rcc_ex.o
 .debug_abbrev  0x00002124      0x2f2 Drivers/STM32F4xx_HAL_Driver/Src/stm32f4xx_hal_spi.o
 .debug_abbrev  0x00002416      0x2e0 Drivers/STM32F4xx_HAL_Driver/Src/stm32f4xx_hal_tim.o
 .debug_abbrev  0x000026f6      0x2e0 Drivers/STM32F4xx_HAL_Driver/Src/stm32f4xx_hal_tim_ex.o
 .debug_abbrev  0x000029d6      0x298 Src/MY_CS43L22.o
 .debug_abbrev  0x00002c6e      0x33f Src/STM_MY_LCD16X2.o
 .debug_abbrev  0x00002fad      0x377 Src/diskio.o
 .debug_abbrev  0x00003324      0x203 Src/ff.o
 .debug_abbrev  0x00003527      0x3a6 Src/main.o
 .debug_abbrev  0x000038cd      0x2a8 Src/stm32f4xx_hal_msp.o
 .debug_abbrev  0x00003b75      0x24a Src/stm32f4xx_it.o
 .debug_abbrev  0x00003dbf      0x205 Src/system_stm32f4xx.o
 .debug_abbrev  0x00003fc4       0x12 startup/startup_stm32f407xx.o

.debug_loc      0x00000000    0x12543
 .debug_loc     0x00000000       0xfd Drivers/STM32F4xx_HAL_Driver/Src/stm32f4xx_hal.o
 .debug_loc     0x000000fd      0x92c Drivers/STM32F4xx_HAL_Driver/Src/stm32f4xx_hal_adc.o
 .debug_loc     0x00000a29      0x5ce Drivers/STM32F4xx_HAL_Driver/Src/stm32f4xx_hal_cortex.o
 .debug_loc     0x00000ff7      0x756 Drivers/STM32F4xx_HAL_Driver/Src/stm32f4xx_hal_dac.o
 .debug_loc     0x0000174d      0xb4e Drivers/STM32F4xx_HAL_Driver/Src/stm32f4xx_hal_dma.o
 .debug_loc     0x0000229b      0x469 Drivers/STM32F4xx_HAL_Driver/Src/stm32f4xx_hal_gpio.o
 .debug_loc     0x00002704     0x3145 Drivers/STM32F4xx_HAL_Driver/Src/stm32f4xx_hal_i2c.o
 .debug_loc     0x00005849      0xed1 Drivers/STM32F4xx_HAL_Driver/Src/stm32f4xx_hal_i2s.o
 .debug_loc     0x0000671a      0xbb5 Drivers/STM32F4xx_HAL_Driver/Src/stm32f4xx_hal_i2s_ex.o
 .debug_loc     0x000072cf      0x3f1 Drivers/STM32F4xx_HAL_Driver/Src/stm32f4xx_hal_rcc.o
 .debug_loc     0x000076c0      0x2c7 Drivers/STM32F4xx_HAL_Driver/Src/stm32f4xx_hal_rcc_ex.o
 .debug_loc     0x00007987     0x1937 Drivers/STM32F4xx_HAL_Driver/Src/stm32f4xx_hal_spi.o
 .debug_loc     0x000092be     0x3612 Drivers/STM32F4xx_HAL_Driver/Src/stm32f4xx_hal_tim.o
 .debug_loc     0x0000c8d0      0xefe Drivers/STM32F4xx_HAL_Driver/Src/stm32f4xx_hal_tim_ex.o
 .debug_loc     0x0000d7ce      0x15c Src/MY_CS43L22.o
 .debug_loc     0x0000d92a      0x670 Src/STM_MY_LCD16X2.o
 .debug_loc     0x0000df9a      0xe79 Src/diskio.o
 .debug_loc     0x0000ee13     0x3191 Src/ff.o
 .debug_loc     0x00011fa4      0x1f5 Src/main.o
 .debug_loc     0x00012199      0x26c Src/stm32f4xx_hal_msp.o
 .debug_loc     0x00012405      0x13e Src/system_stm32f4xx.o

.debug_aranges  0x00000000     0x14c0
 .debug_aranges
                0x00000000       0xe0 Drivers/STM32F4xx_HAL_Driver/Src/stm32f4xx_hal.o
 .debug_aranges
                0x000000e0       0xe8 Drivers/STM32F4xx_HAL_Driver/Src/stm32f4xx_hal_adc.o
 .debug_aranges
                0x000001c8       0xa8 Drivers/STM32F4xx_HAL_Driver/Src/stm32f4xx_hal_cortex.o
 .debug_aranges
                0x00000270       0xc0 Drivers/STM32F4xx_HAL_Driver/Src/stm32f4xx_hal_dac.o
 .debug_aranges
                0x00000330       0x90 Drivers/STM32F4xx_HAL_Driver/Src/stm32f4xx_hal_dma.o
 .debug_aranges
                0x000003c0       0x58 Drivers/STM32F4xx_HAL_Driver/Src/stm32f4xx_hal_gpio.o
 .debug_aranges
                0x00000418      0x268 Drivers/STM32F4xx_HAL_Driver/Src/stm32f4xx_hal_i2c.o
 .debug_aranges
                0x00000680      0x108 Drivers/STM32F4xx_HAL_Driver/Src/stm32f4xx_hal_i2s.o
 .debug_aranges
                0x00000788       0x78 Drivers/STM32F4xx_HAL_Driver/Src/stm32f4xx_hal_i2s_ex.o
 .debug_aranges
                0x00000800       0x88 Drivers/STM32F4xx_HAL_Driver/Src/stm32f4xx_hal_rcc.o
 .debug_aranges
                0x00000888       0x48 Drivers/STM32F4xx_HAL_Driver/Src/stm32f4xx_hal_rcc_ex.o
 .debug_aranges
                0x000008d0      0x1c8 Drivers/STM32F4xx_HAL_Driver/Src/stm32f4xx_hal_spi.o
 .debug_aranges
                0x00000a98      0x368 Drivers/STM32F4xx_HAL_Driver/Src/stm32f4xx_hal_tim.o
 .debug_aranges
                0x00000e00      0x140 Drivers/STM32F4xx_HAL_Driver/Src/stm32f4xx_hal_tim_ex.o
 .debug_aranges
                0x00000f40       0x50 Src/MY_CS43L22.o
 .debug_aranges
                0x00000f90       0xf0 Src/STM_MY_LCD16X2.o
 .debug_aranges
                0x00001080       0xa8 Src/diskio.o
 .debug_aranges
                0x00001128      0x1b0 Src/ff.o
 .debug_aranges
                0x000012d8       0x98 Src/main.o
 .debug_aranges
                0x00001370       0x90 Src/stm32f4xx_hal_msp.o
 .debug_aranges
                0x00001400       0x70 Src/stm32f4xx_it.o
 .debug_aranges
                0x00001470       0x28 Src/system_stm32f4xx.o
 .debug_aranges
                0x00001498       0x28 startup/startup_stm32f407xx.o

.debug_ranges   0x00000000     0x13e8
 .debug_ranges  0x00000000       0xd0 Drivers/STM32F4xx_HAL_Driver/Src/stm32f4xx_hal.o
 .debug_ranges  0x000000d0       0xd8 Drivers/STM32F4xx_HAL_Driver/Src/stm32f4xx_hal_adc.o
 .debug_ranges  0x000001a8       0xf8 Drivers/STM32F4xx_HAL_Driver/Src/stm32f4xx_hal_cortex.o
 .debug_ranges  0x000002a0       0xb0 Drivers/STM32F4xx_HAL_Driver/Src/stm32f4xx_hal_dac.o
 .debug_ranges  0x00000350       0x80 Drivers/STM32F4xx_HAL_Driver/Src/stm32f4xx_hal_dma.o
 .debug_ranges  0x000003d0       0x48 Drivers/STM32F4xx_HAL_Driver/Src/stm32f4xx_hal_gpio.o
 .debug_ranges  0x00000418      0x258 Drivers/STM32F4xx_HAL_Driver/Src/stm32f4xx_hal_i2c.o
 .debug_ranges  0x00000670       0xf8 Drivers/STM32F4xx_HAL_Driver/Src/stm32f4xx_hal_i2s.o
 .debug_ranges  0x00000768       0x80 Drivers/STM32F4xx_HAL_Driver/Src/stm32f4xx_hal_i2s_ex.o
 .debug_ranges  0x000007e8       0x90 Drivers/STM32F4xx_HAL_Driver/Src/stm32f4xx_hal_rcc.o
 .debug_ranges  0x00000878       0x38 Drivers/STM32F4xx_HAL_Driver/Src/stm32f4xx_hal_rcc_ex.o
 .debug_ranges  0x000008b0      0x1b8 Drivers/STM32F4xx_HAL_Driver/Src/stm32f4xx_hal_spi.o
 .debug_ranges  0x00000a68      0x358 Drivers/STM32F4xx_HAL_Driver/Src/stm32f4xx_hal_tim.o
 .debug_ranges  0x00000dc0      0x130 Drivers/STM32F4xx_HAL_Driver/Src/stm32f4xx_hal_tim_ex.o
 .debug_ranges  0x00000ef0       0x40 Src/MY_CS43L22.o
 .debug_ranges  0x00000f30       0xe0 Src/STM_MY_LCD16X2.o
 .debug_ranges  0x00001010       0x98 Src/diskio.o
 .debug_ranges  0x000010a8      0x1a0 Src/ff.o
 .debug_ranges  0x00001248       0x88 Src/main.o
 .debug_ranges  0x000012d0       0x80 Src/stm32f4xx_hal_msp.o
 .debug_ranges  0x00001350       0x60 Src/stm32f4xx_it.o
 .debug_ranges  0x000013b0       0x18 Src/system_stm32f4xx.o
 .debug_ranges  0x000013c8       0x20 startup/startup_stm32f407xx.o

.debug_macro    0x00000000    0x2512f
 .debug_macro   0x00000000      0x3eb Drivers/STM32F4xx_HAL_Driver/Src/stm32f4xx_hal.o
 .debug_macro   0x000003eb      0xa60 Drivers/STM32F4xx_HAL_Driver/Src/stm32f4xx_hal.o
 .debug_macro   0x00000e4b       0x58 Drivers/STM32F4xx_HAL_Driver/Src/stm32f4xx_hal.o
 .debug_macro   0x00000ea3      0x198 Drivers/STM32F4xx_HAL_Driver/Src/stm32f4xx_hal.o
 .debug_macro   0x0000103b       0x32 Drivers/STM32F4xx_HAL_Driver/Src/stm32f4xx_hal.o
 .debug_macro   0x0000106d       0x2f Drivers/STM32F4xx_HAL_Driver/Src/stm32f4xx_hal.o
 .debug_macro   0x0000109c       0x22 Drivers/STM32F4xx_HAL_Driver/Src/stm32f4xx_hal.o
 .debug_macro   0x000010be       0x87 Drivers/STM32F4xx_HAL_Driver/Src/stm32f4xx_hal.o
 .debug_macro   0x00001145       0x51 Drivers/STM32F4xx_HAL_Driver/Src/stm32f4xx_hal.o
 .debug_macro   0x00001196       0xef Drivers/STM32F4xx_HAL_Driver/Src/stm32f4xx_hal.o
 .debug_macro   0x00001285       0x6a Drivers/STM32F4xx_HAL_Driver/Src/stm32f4xx_hal.o
 .debug_macro   0x000012ef      0x1df Drivers/STM32F4xx_HAL_Driver/Src/stm32f4xx_hal.o
 .debug_macro   0x000014ce       0x35 Drivers/STM32F4xx_HAL_Driver/Src/stm32f4xx_hal.o
 .debug_macro   0x00001503       0x50 Drivers/STM32F4xx_HAL_Driver/Src/stm32f4xx_hal.o
 .debug_macro   0x00001553      0xe66 Drivers/STM32F4xx_HAL_Driver/Src/stm32f4xx_hal.o
 .debug_macro   0x000023b9    0x15d08 Drivers/STM32F4xx_HAL_Driver/Src/stm32f4xx_hal.o
 .debug_macro   0x000180c1       0x43 Drivers/STM32F4xx_HAL_Driver/Src/stm32f4xx_hal.o
 .debug_macro   0x00018104     0x3535 Drivers/STM32F4xx_HAL_Driver/Src/stm32f4xx_hal.o
 .debug_macro   0x0001b639       0x58 Drivers/STM32F4xx_HAL_Driver/Src/stm32f4xx_hal.o
 .debug_macro   0x0001b691       0x17 Drivers/STM32F4xx_HAL_Driver/Src/stm32f4xx_hal.o
 .debug_macro   0x0001b6a8       0x35 Drivers/STM32F4xx_HAL_Driver/Src/stm32f4xx_hal.o
 .debug_macro   0x0001b6dd       0x9c Drivers/STM32F4xx_HAL_Driver/Src/stm32f4xx_hal.o
 .debug_macro   0x0001b779       0x16 Drivers/STM32F4xx_HAL_Driver/Src/stm32f4xx_hal.o
 .debug_macro   0x0001b78f       0x97 Drivers/STM32F4xx_HAL_Driver/Src/stm32f4xx_hal.o
 .debug_macro   0x0001b826      0x330 Drivers/STM32F4xx_HAL_Driver/Src/stm32f4xx_hal.o
 .debug_macro   0x0001bb56       0xfd Drivers/STM32F4xx_HAL_Driver/Src/stm32f4xx_hal.o
 .debug_macro   0x0001bc53       0x10 Drivers/STM32F4xx_HAL_Driver/Src/stm32f4xx_hal.o
 .debug_macro   0x0001bc63       0x58 Drivers/STM32F4xx_HAL_Driver/Src/stm32f4xx_hal.o
 .debug_macro   0x0001bcbb       0x1f Drivers/STM32F4xx_HAL_Driver/Src/stm32f4xx_hal.o
 .debug_macro   0x0001bcda       0x43 Drivers/STM32F4xx_HAL_Driver/Src/stm32f4xx_hal.o
 .debug_macro   0x0001bd1d       0x20 Drivers/STM32F4xx_HAL_Driver/Src/stm32f4xx_hal.o
 .debug_macro   0x0001bd3d      0x18e Drivers/STM32F4xx_HAL_Driver/Src/stm32f4xx_hal.o
 .debug_macro   0x0001becb       0x10 Drivers/STM32F4xx_HAL_Driver/Src/stm32f4xx_hal.o
 .debug_macro   0x0001bedb       0x1c Drivers/STM32F4xx_HAL_Driver/Src/stm32f4xx_hal.o
 .debug_macro   0x0001bef7       0x52 Drivers/STM32F4xx_HAL_Driver/Src/stm32f4xx_hal.o
 .debug_macro   0x0001bf49       0x40 Drivers/STM32F4xx_HAL_Driver/Src/stm32f4xx_hal.o
 .debug_macro   0x0001bf89       0x10 Drivers/STM32F4xx_HAL_Driver/Src/stm32f4xx_hal.o
 .debug_macro   0x0001bf99       0x40 Drivers/STM32F4xx_HAL_Driver/Src/stm32f4xx_hal.o
 .debug_macro   0x0001bfd9       0xd7 Drivers/STM32F4xx_HAL_Driver/Src/stm32f4xx_hal.o
 .debug_macro   0x0001c0b0       0x1c Drivers/STM32F4xx_HAL_Driver/Src/stm32f4xx_hal.o
 .debug_macro   0x0001c0cc       0x3d Drivers/STM32F4xx_HAL_Driver/Src/stm32f4xx_hal.o
 .debug_macro   0x0001c109       0x16 Drivers/STM32F4xx_HAL_Driver/Src/stm32f4xx_hal.o
 .debug_macro   0x0001c11f      0x16f Drivers/STM32F4xx_HAL_Driver/Src/stm32f4xx_hal.o
 .debug_macro   0x0001c28e       0x50 Drivers/STM32F4xx_HAL_Driver/Src/stm32f4xx_hal.o
 .debug_macro   0x0001c2de      0x96b Drivers/STM32F4xx_HAL_Driver/Src/stm32f4xx_hal.o
 .debug_macro   0x0001cc49      0xa02 Drivers/STM32F4xx_HAL_Driver/Src/stm32f4xx_hal.o
 .debug_macro   0x0001d64b      0x11e Drivers/STM32F4xx_HAL_Driver/Src/stm32f4xx_hal.o
 .debug_macro   0x0001d769      0x13e Drivers/STM32F4xx_HAL_Driver/Src/stm32f4xx_hal.o
 .debug_macro   0x0001d8a7       0x27 Drivers/STM32F4xx_HAL_Driver/Src/stm32f4xx_hal.o
 .debug_macro   0x0001d8ce      0x287 Drivers/STM32F4xx_HAL_Driver/Src/stm32f4xx_hal.o
 .debug_macro   0x0001db55       0x5f Drivers/STM32F4xx_HAL_Driver/Src/stm32f4xx_hal.o
 .debug_macro   0x0001dbb4      0x23a Drivers/STM32F4xx_HAL_Driver/Src/stm32f4xx_hal.o
 .debug_macro   0x0001ddee      0x391 Drivers/STM32F4xx_HAL_Driver/Src/stm32f4xx_hal.o
 .debug_macro   0x0001e17f      0x176 Drivers/STM32F4xx_HAL_Driver/Src/stm32f4xx_hal.o
 .debug_macro   0x0001e2f5       0xf9 Drivers/STM32F4xx_HAL_Driver/Src/stm32f4xx_hal.o
 .debug_macro   0x0001e3ee       0xe6 Drivers/STM32F4xx_HAL_Driver/Src/stm32f4xx_hal.o
 .debug_macro   0x0001e4d4       0xa1 Drivers/STM32F4xx_HAL_Driver/Src/stm32f4xx_hal.o
 .debug_macro   0x0001e575       0x3c Drivers/STM32F4xx_HAL_Driver/Src/stm32f4xx_hal.o
 .debug_macro   0x0001e5b1      0x133 Drivers/STM32F4xx_HAL_Driver/Src/stm32f4xx_hal.o
 .debug_macro   0x0001e6e4      0x21e Drivers/STM32F4xx_HAL_Driver/Src/stm32f4xx_hal.o
 .debug_macro   0x0001e902       0x2e Drivers/STM32F4xx_HAL_Driver/Src/stm32f4xx_hal.o
 .debug_macro   0x0001e930      0x1a7 Drivers/STM32F4xx_HAL_Driver/Src/stm32f4xx_hal.o
 .debug_macro   0x0001ead7       0xa5 Drivers/STM32F4xx_HAL_Driver/Src/stm32f4xx_hal.o
 .debug_macro   0x0001eb7c      0x192 Drivers/STM32F4xx_HAL_Driver/Src/stm32f4xx_hal.o
 .debug_macro   0x0001ed0e       0x40 Drivers/STM32F4xx_HAL_Driver/Src/stm32f4xx_hal.o
 .debug_macro   0x0001ed4e       0x3c Drivers/STM32F4xx_HAL_Driver/Src/stm32f4xx_hal.o
 .debug_macro   0x0001ed8a      0x11e Drivers/STM32F4xx_HAL_Driver/Src/stm32f4xx_hal.o
 .debug_macro   0x0001eea8       0x7f Drivers/STM32F4xx_HAL_Driver/Src/stm32f4xx_hal.o
 .debug_macro   0x0001ef27       0x89 Drivers/STM32F4xx_HAL_Driver/Src/stm32f4xx_hal.o
 .debug_macro   0x0001efb0      0x202 Drivers/STM32F4xx_HAL_Driver/Src/stm32f4xx_hal.o
 .debug_macro   0x0001f1b2      0x6e0 Drivers/STM32F4xx_HAL_Driver/Src/stm32f4xx_hal.o
 .debug_macro   0x0001f892       0x59 Drivers/STM32F4xx_HAL_Driver/Src/stm32f4xx_hal.o
 .debug_macro   0x0001f8eb      0x14d Drivers/STM32F4xx_HAL_Driver/Src/stm32f4xx_hal.o
 .debug_macro   0x0001fa38      0x134 Drivers/STM32F4xx_HAL_Driver/Src/stm32f4xx_hal.o
 .debug_macro   0x0001fb6c      0x38c Drivers/STM32F4xx_HAL_Driver/Src/stm32f4xx_hal_adc.o
 .debug_macro   0x0001fef8      0x38b Drivers/STM32F4xx_HAL_Driver/Src/stm32f4xx_hal_cortex.o
 .debug_macro   0x00020283      0x38c Drivers/STM32F4xx_HAL_Driver/Src/stm32f4xx_hal_dac.o
 .debug_macro   0x0002060f      0x392 Drivers/STM32F4xx_HAL_Driver/Src/stm32f4xx_hal_dma.o
 .debug_macro   0x000209a1      0x3c3 Drivers/STM32F4xx_HAL_Driver/Src/stm32f4xx_hal_gpio.o
 .debug_macro   0x00020d64      0x3cb Drivers/STM32F4xx_HAL_Driver/Src/stm32f4xx_hal_i2c.o
 .debug_macro   0x0002112f      0x38c Drivers/STM32F4xx_HAL_Driver/Src/stm32f4xx_hal_i2s.o
 .debug_macro   0x000214bb      0x38b Drivers/STM32F4xx_HAL_Driver/Src/stm32f4xx_hal_i2s_ex.o
 .debug_macro   0x00021846      0x3af Drivers/STM32F4xx_HAL_Driver/Src/stm32f4xx_hal_rcc.o
 .debug_macro   0x00021bf5      0x38b Drivers/STM32F4xx_HAL_Driver/Src/stm32f4xx_hal_rcc_ex.o
 .debug_macro   0x00021f80      0x393 Drivers/STM32F4xx_HAL_Driver/Src/stm32f4xx_hal_spi.o
 .debug_macro   0x00022313      0x38b Drivers/STM32F4xx_HAL_Driver/Src/stm32f4xx_hal_tim.o
 .debug_macro   0x0002269e      0x38b Drivers/STM32F4xx_HAL_Driver/Src/stm32f4xx_hal_tim_ex.o
 .debug_macro   0x00022a29      0x394 Src/MY_CS43L22.o
 .debug_macro   0x00022dbd       0x9a Src/MY_CS43L22.o
 .debug_macro   0x00022e57      0x3d1 Src/STM_MY_LCD16X2.o
 .debug_macro   0x00023228       0x22 Src/STM_MY_LCD16X2.o
 .debug_macro   0x0002324a       0x16 Src/STM_MY_LCD16X2.o
 .debug_macro   0x00023260       0x35 Src/STM_MY_LCD16X2.o
 .debug_macro   0x00023295       0x16 Src/STM_MY_LCD16X2.o
 .debug_macro   0x000232ab       0x29 Src/STM_MY_LCD16X2.o
 .debug_macro   0x000232d4       0x7c Src/STM_MY_LCD16X2.o
 .debug_macro   0x00023350      0x418 Src/diskio.o
 .debug_macro   0x00023768       0xf8 Src/diskio.o
 .debug_macro   0x00023860       0xee Src/diskio.o
 .debug_macro   0x0002394e       0xc4 Src/diskio.o
 .debug_macro   0x00023a12      0x528 Src/ff.o
 .debug_macro   0x00023f3a       0xef Src/ff.o
 .debug_macro   0x00024029      0x45e Src/main.o
 .debug_macro   0x00024487       0x16 Src/main.o
 .debug_macro   0x0002449d      0x1e1 Src/main.o
 .debug_macro   0x0002467e      0x38b Src/stm32f4xx_hal_msp.o
 .debug_macro   0x00024a09      0x395 Src/stm32f4xx_it.o
 .debug_macro   0x00024d9e      0x391 Src/system_stm32f4xx.o

.debug_line     0x00000000    0x13119
 .debug_line    0x00000000      0xb30 Drivers/STM32F4xx_HAL_Driver/Src/stm32f4xx_hal.o
 .debug_line    0x00000b30      0xdd8 Drivers/STM32F4xx_HAL_Driver/Src/stm32f4xx_hal_adc.o
 .debug_line    0x00001908      0xb8b Drivers/STM32F4xx_HAL_Driver/Src/stm32f4xx_hal_cortex.o
 .debug_line    0x00002493      0xbe0 Drivers/STM32F4xx_HAL_Driver/Src/stm32f4xx_hal_dac.o
 .debug_line    0x00003073      0xc76 Drivers/STM32F4xx_HAL_Driver/Src/stm32f4xx_hal_dma.o
 .debug_line    0x00003ce9      0xad3 Drivers/STM32F4xx_HAL_Driver/Src/stm32f4xx_hal_gpio.o
 .debug_line    0x000047bc     0x1ad4 Drivers/STM32F4xx_HAL_Driver/Src/stm32f4xx_hal_i2c.o
 .debug_line    0x00006290      0xf12 Drivers/STM32F4xx_HAL_Driver/Src/stm32f4xx_hal_i2s.o
 .debug_line    0x000071a2      0xf5e Drivers/STM32F4xx_HAL_Driver/Src/stm32f4xx_hal_i2s_ex.o
 .debug_line    0x00008100      0xbc7 Drivers/STM32F4xx_HAL_Driver/Src/stm32f4xx_hal_rcc.o
 .debug_line    0x00008cc7      0xa6b Drivers/STM32F4xx_HAL_Driver/Src/stm32f4xx_hal_rcc_ex.o
 .debug_line    0x00009732     0x1343 Drivers/STM32F4xx_HAL_Driver/Src/stm32f4xx_hal_spi.o
 .debug_line    0x0000aa75     0x19c5 Drivers/STM32F4xx_HAL_Driver/Src/stm32f4xx_hal_tim.o
 .debug_line    0x0000c43a      0xf0b Drivers/STM32F4xx_HAL_Driver/Src/stm32f4xx_hal_tim_ex.o
 .debug_line    0x0000d345      0xa2c Src/MY_CS43L22.o
 .debug_line    0x0000dd71      0xc14 Src/STM_MY_LCD16X2.o
 .debug_line    0x0000e985      0xcc0 Src/diskio.o
 .debug_line    0x0000f645      0xf6c Src/ff.o
 .debug_line    0x000105b1      0xcab Src/main.o
 .debug_line    0x0001125c      0xacc Src/stm32f4xx_hal_msp.o
 .debug_line    0x00011d28      0x9fb Src/stm32f4xx_it.o
 .debug_line    0x00012723      0x977 Src/system_stm32f4xx.o
 .debug_line    0x0001309a       0x7f startup/startup_stm32f407xx.o

.debug_str      0x00000000    0xd23d6
 .debug_str     0x00000000    0xc8543 Drivers/STM32F4xx_HAL_Driver/Src/stm32f4xx_hal.o
                              0xc8941 (size before relaxing)
 .debug_str     0x000c8543      0x690 Drivers/STM32F4xx_HAL_Driver/Src/stm32f4xx_hal_adc.o
                              0xc83ac (size before relaxing)
 .debug_str     0x000c8bd3      0x3a7 Drivers/STM32F4xx_HAL_Driver/Src/stm32f4xx_hal_cortex.o
                              0xc8683 (size before relaxing)
 .debug_str     0x000c8f7a      0x347 Drivers/STM32F4xx_HAL_Driver/Src/stm32f4xx_hal_dac.o
                              0xc823b (size before relaxing)
 .debug_str     0x000c92c1      0x2fe Drivers/STM32F4xx_HAL_Driver/Src/stm32f4xx_hal_dma.o
                              0xc81f8 (size before relaxing)
 .debug_str     0x000c95bf      0x27a Drivers/STM32F4xx_HAL_Driver/Src/stm32f4xx_hal_gpio.o
                              0xc8016 (size before relaxing)
 .debug_str     0x000c9839      0xcbd Drivers/STM32F4xx_HAL_Driver/Src/stm32f4xx_hal_i2c.o
                              0xc8c1c (size before relaxing)
 .debug_str     0x000ca4f6      0x40f Drivers/STM32F4xx_HAL_Driver/Src/stm32f4xx_hal_i2s.o
                              0xc8389 (size before relaxing)
 .debug_str     0x000ca905      0x1d1 Drivers/STM32F4xx_HAL_Driver/Src/stm32f4xx_hal_i2s_ex.o
                              0xc82bd (size before relaxing)
 .debug_str     0x000caad6      0x364 Drivers/STM32F4xx_HAL_Driver/Src/stm32f4xx_hal_rcc.o
                              0xc81e0 (size before relaxing)
 .debug_str     0x000cae3a      0x156 Drivers/STM32F4xx_HAL_Driver/Src/stm32f4xx_hal_rcc_ex.o
                              0xc7f25 (size before relaxing)
 .debug_str     0x000caf90      0x61b Drivers/STM32F4xx_HAL_Driver/Src/stm32f4xx_hal_spi.o
                              0xc85fc (size before relaxing)
 .debug_str     0x000cb5ab      0xe65 Drivers/STM32F4xx_HAL_Driver/Src/stm32f4xx_hal_tim.o
                              0xc8e1e (size before relaxing)
 .debug_str     0x000cc410      0x4f4 Drivers/STM32F4xx_HAL_Driver/Src/stm32f4xx_hal_tim_ex.o
                              0xc86de (size before relaxing)
 .debug_str     0x000cc904      0x375 Src/MY_CS43L22.o
                              0xc86d2 (size before relaxing)
 .debug_str     0x000ccc79      0x5dd Src/STM_MY_LCD16X2.o
                              0xc8462 (size before relaxing)
 .debug_str     0x000cd256      0x99b Src/diskio.o
                              0xc8a3b (size before relaxing)
 .debug_str     0x000cdbf1     0x3bf2 Src/ff.o
                               0x8024 (size before relaxing)
 .debug_str     0x000d17e3      0xa38 Src/main.o
                              0xcac93 (size before relaxing)
 .debug_str     0x000d221b       0x32 Src/stm32f4xx_hal_msp.o
                              0xc90b8 (size before relaxing)
 .debug_str     0x000d224d       0xe0 Src/stm32f4xx_it.o
                              0xc8179 (size before relaxing)
 .debug_str     0x000d232d       0x5a Src/system_stm32f4xx.o
                              0xc7dd2 (size before relaxing)
 .debug_str     0x000d2387       0x4f startup/startup_stm32f407xx.o

.comment        0x00000000       0x7e
 .comment       0x00000000       0x7e Drivers/STM32F4xx_HAL_Driver/Src/stm32f4xx_hal.o
                                 0x7f (size before relaxing)
 .comment       0x0000007e       0x7f Drivers/STM32F4xx_HAL_Driver/Src/stm32f4xx_hal_adc.o
 .comment       0x0000007e       0x7f Drivers/STM32F4xx_HAL_Driver/Src/stm32f4xx_hal_cortex.o
 .comment       0x0000007e       0x7f Drivers/STM32F4xx_HAL_Driver/Src/stm32f4xx_hal_dac.o
 .comment       0x0000007e       0x7f Drivers/STM32F4xx_HAL_Driver/Src/stm32f4xx_hal_dma.o
 .comment       0x0000007e       0x7f Drivers/STM32F4xx_HAL_Driver/Src/stm32f4xx_hal_gpio.o
 .comment       0x0000007e       0x7f Drivers/STM32F4xx_HAL_Driver/Src/stm32f4xx_hal_i2c.o
 .comment       0x0000007e       0x7f Drivers/STM32F4xx_HAL_Driver/Src/stm32f4xx_hal_i2s.o
 .comment       0x0000007e       0x7f Drivers/STM32F4xx_HAL_Driver/Src/stm32f4xx_hal_i2s_ex.o
 .comment       0x0000007e       0x7f Drivers/STM32F4xx_HAL_Driver/Src/stm32f4xx_hal_rcc.o
 .comment       0x0000007e       0x7f Drivers/STM32F4xx_HAL_Driver/Src/stm32f4xx_hal_rcc_ex.o
 .comment       0x0000007e       0x7f Drivers/STM32F4xx_HAL_Driver/Src/stm32f4xx_hal_spi.o
 .comment       0x0000007e       0x7f Drivers/STM32F4xx_HAL_Driver/Src/stm32f4xx_hal_tim.o
 .comment       0x0000007e       0x7f Drivers/STM32F4xx_HAL_Driver/Src/stm32f4xx_hal_tim_ex.o
 .comment       0x0000007e       0x7f Src/MY_CS43L22.o
 .comment       0x0000007e       0x7f Src/STM_MY_LCD16X2.o
 .comment       0x0000007e       0x7f Src/diskio.o
 .comment       0x0000007e       0x7f Src/ff.o
 .comment       0x0000007e       0x7f Src/main.o
 .comment       0x0000007e       0x7f Src/stm32f4xx_hal_msp.o
 .comment       0x0000007e       0x7f Src/stm32f4xx_it.o
 .comment       0x0000007e       0x7f Src/system_stm32f4xx.o

.debug_frame    0x00000000     0x3e18
 .debug_frame   0x00000000      0x1cc Drivers/STM32F4xx_HAL_Driver/Src/stm32f4xx_hal.o
 .debug_frame   0x000001cc      0x27c Drivers/STM32F4xx_HAL_Driver/Src/stm32f4xx_hal_adc.o
 .debug_frame   0x00000448      0x15c Drivers/STM32F4xx_HAL_Driver/Src/stm32f4xx_hal_cortex.o
 .debug_frame   0x000005a4      0x1f0 Drivers/STM32F4xx_HAL_Driver/Src/stm32f4xx_hal_dac.o
 .debug_frame   0x00000794      0x188 Drivers/STM32F4xx_HAL_Driver/Src/stm32f4xx_hal_dma.o
 .debug_frame   0x0000091c       0xd8 Drivers/STM32F4xx_HAL_Driver/Src/stm32f4xx_hal_gpio.o
 .debug_frame   0x000009f4      0x86c Drivers/STM32F4xx_HAL_Driver/Src/stm32f4xx_hal_i2c.o
 .debug_frame   0x00001260      0x304 Drivers/STM32F4xx_HAL_Driver/Src/stm32f4xx_hal_i2s.o
 .debug_frame   0x00001564      0x184 Drivers/STM32F4xx_HAL_Driver/Src/stm32f4xx_hal_i2s_ex.o
 .debug_frame   0x000016e8      0x184 Drivers/STM32F4xx_HAL_Driver/Src/stm32f4xx_hal_rcc.o
 .debug_frame   0x0000186c       0xa4 Drivers/STM32F4xx_HAL_Driver/Src/stm32f4xx_hal_rcc_ex.o
 .debug_frame   0x00001910      0x55c Drivers/STM32F4xx_HAL_Driver/Src/stm32f4xx_hal_spi.o
 .debug_frame   0x00001e6c      0x9d0 Drivers/STM32F4xx_HAL_Driver/Src/stm32f4xx_hal_tim.o
 .debug_frame   0x0000283c      0x384 Drivers/STM32F4xx_HAL_Driver/Src/stm32f4xx_hal_tim_ex.o
 .debug_frame   0x00002bc0       0xe8 Src/MY_CS43L22.o
 .debug_frame   0x00002ca8      0x2c0 Src/STM_MY_LCD16X2.o
 .debug_frame   0x00002f68      0x20c Src/diskio.o
 .debug_frame   0x00003174      0x62c Src/ff.o
 .debug_frame   0x000037a0      0x1d4 Src/main.o
 .debug_frame   0x00003974      0x1a8 Src/stm32f4xx_hal_msp.o
 .debug_frame   0x00003b1c       0xd8 Src/stm32f4xx_it.o
 .debug_frame   0x00003bf4       0x30 Src/system_stm32f4xx.o
 .debug_frame   0x00003c24       0xac e:/programy/stm32_eclipse/plugins/fr.ac6.mcu.externaltools.arm-none.win32_1.16.0.201807130628/tools/compiler/bin/../lib/gcc/arm-none-eabi/7.2.1/thumb/v7e-m/fpv4-sp/hard\libgcc.a(_arm_addsubdf3.o)
 .debug_frame   0x00003cd0       0x50 e:/programy/stm32_eclipse/plugins/fr.ac6.mcu.externaltools.arm-none.win32_1.16.0.201807130628/tools/compiler/bin/../lib/gcc/arm-none-eabi/7.2.1/thumb/v7e-m/fpv4-sp/hard\libgcc.a(_arm_muldivdf3.o)
 .debug_frame   0x00003d20       0x24 e:/programy/stm32_eclipse/plugins/fr.ac6.mcu.externaltools.arm-none.win32_1.16.0.201807130628/tools/compiler/bin/../lib/gcc/arm-none-eabi/7.2.1/thumb/v7e-m/fpv4-sp/hard\libgcc.a(_arm_fixunsdfsi.o)
 .debug_frame   0x00003d44       0x2c e:/programy/stm32_eclipse/plugins/fr.ac6.mcu.externaltools.arm-none.win32_1.16.0.201807130628/tools/compiler/bin/../lib/gcc/arm-none-eabi/7.2.1/thumb/v7e-m/fpv4-sp/hard\libgcc.a(_aeabi_uldivmod.o)
 .debug_frame   0x00003d70       0x34 e:/programy/stm32_eclipse/plugins/fr.ac6.mcu.externaltools.arm-none.win32_1.16.0.201807130628/tools/compiler/bin/../lib/gcc/arm-none-eabi/7.2.1/thumb/v7e-m/fpv4-sp/hard\libgcc.a(_udivmoddi4.o)
 .debug_frame   0x00003da4       0x2c e:/programy/stm32_eclipse/plugins/fr.ac6.mcu.externaltools.arm-none.win32_1.16.0.201807130628/tools/compiler/bin/../lib/gcc/arm-none-eabi/7.2.1/../../../../arm-none-eabi/lib/thumb/v7e-m/fpv4-sp/hard\libc_nano.a(lib_a-init.o)
 .debug_frame   0x00003dd0       0x28 e:/programy/stm32_eclipse/plugins/fr.ac6.mcu.externaltools.arm-none.win32_1.16.0.201807130628/tools/compiler/bin/../lib/gcc/arm-none-eabi/7.2.1/../../../../arm-none-eabi/lib/thumb/v7e-m/fpv4-sp/hard\libc_nano.a(lib_a-memcpy-stub.o)
 .debug_frame   0x00003df8       0x20 e:/programy/stm32_eclipse/plugins/fr.ac6.mcu.externaltools.arm-none.win32_1.16.0.201807130628/tools/compiler/bin/../lib/gcc/arm-none-eabi/7.2.1/../../../../arm-none-eabi/lib/thumb/v7e-m/fpv4-sp/hard\libc_nano.a(lib_a-strcpy.o)
